07-03 15:22:59.377   648  1284 E peq_android: volume index exceed range: 65535
07-03 15:22:59.382 25088 25135 D         : addLayerName, tid:25135
07-03 15:22:59.386   650   650 D Layer   : Skip in Layer::computeScreenBounds 1
07-03 15:22:59.388   650   650 I chatty  : uid=1000(system) /system/bin/surfaceflinger identical 6 lines
07-03 15:22:59.388   650   650 D Layer   : Skip in Layer::computeScreenBounds 1
07-03 15:22:59.398 25088 25135 D         : addLayerName, tid:25135
07-03 15:22:59.401   650   650 D Layer   : Skip in Layer::computeScreenBounds 1
07-03 15:22:59.402   650   650 I chatty  : uid=1000(system) /system/bin/surfaceflinger identical 6 lines
07-03 15:22:59.402   650   650 D Layer   : Skip in Layer::computeScreenBounds 1
07-03 15:22:59.404   648  1284 E peq_android: volume index exceed range: 65535
07-03 15:22:59.414 25088 25135 D         : addLayerName, tid:25135
07-03 15:22:59.418   650   650 D Layer   : Skip in Layer::computeScreenBounds 1
07-03 15:22:59.419   650   650 I chatty  : uid=1000(system) /system/bin/surfaceflinger identical 6 lines
07-03 15:22:59.419   650   650 D Layer   : Skip in Layer::computeScreenBounds 1
07-03 15:22:59.427   648  1284 E peq_android: volume index exceed range: 65535
07-03 15:22:59.432 25088 25135 D         : addLayerName, tid:25135
07-03 15:22:59.434   650   650 D Layer   : Skip in Layer::computeScreenBounds 1
07-03 15:22:59.436   650   650 I chatty  : uid=1000(system) /system/bin/surfaceflinger identical 6 lines
07-03 15:22:59.436   650   650 D Layer   : Skip in Layer::computeScreenBounds 1
07-03 15:22:59.448 25088 25135 D         : addLayerName, tid:25135
07-03 15:22:59.450   650   650 D Layer   : Skip in Layer::computeScreenBounds 1
07-03 15:22:59.452   650   650 I chatty  : uid=1000(system) /system/bin/surfaceflinger identical 6 lines
07-03 15:22:59.452   650   650 D Layer   : Skip in Layer::computeScreenBounds 1
07-03 15:22:59.453   648  1284 E peq_android: volume index exceed range: 65535
07-03 15:22:59.466 25088 25135 D         : addLayerName, tid:25135
07-03 15:22:59.467   650   650 D Layer   : Skip in Layer::computeScreenBounds 1
07-03 15:22:59.470   650   650 I chatty  : uid=1000(system) /system/bin/surfaceflinger identical 6 lines
07-03 15:22:59.470   650   650 D Layer   : Skip in Layer::computeScreenBounds 1
07-03 15:22:59.476   648  1284 E peq_android: volume index exceed range: 65535
07-03 15:22:59.482 25088 25135 D         : addLayerName, tid:25135
07-03 15:22:59.484   650   650 D Layer   : Skip in Layer::computeScreenBounds 1
07-03 15:22:59.485   650   650 I chatty  : uid=1000(system) /system/bin/surfaceflinger identical 6 lines
07-03 15:22:59.485   650   650 D Layer   : Skip in Layer::computeScreenBounds 1
07-03 15:22:59.496 25088 25135 D         : addLayerName, tid:25135
07-03 15:22:59.498   648  1284 E peq_android: volume index exceed range: 65535
07-03 15:22:59.499   650   650 D Layer   : Skip in Layer::computeScreenBounds 1
07-03 15:22:59.500   650   650 I chatty  : uid=1000(system) /system/bin/surfaceflinger identical 6 lines
07-03 15:22:59.500   650   650 D Layer   : Skip in Layer::computeScreenBounds 1
07-03 15:22:59.513 25088 25135 D         : addLayerName, tid:25135
07-03 15:22:59.517   650   650 D Layer   : Skip in Layer::computeScreenBounds 1
07-03 15:22:59.518   650   650 I chatty  : uid=1000(system) /system/bin/surfaceflinger identical 6 lines
07-03 15:22:59.518   650   650 D Layer   : Skip in Layer::computeScreenBounds 1
07-03 15:22:59.523   648  1284 E peq_android: volume index exceed range: 65535
07-03 15:22:59.530 25088 25135 D         : addLayerName, tid:25135
07-03 15:22:59.534   650   650 D Layer   : Skip in Layer::computeScreenBounds 1
07-03 15:22:59.535   650   650 I chatty  : uid=1000(system) /system/bin/surfaceflinger identical 6 lines
07-03 15:22:59.535   650   650 D Layer   : Skip in Layer::computeScreenBounds 1
07-03 15:22:59.547   648  1284 E peq_android: volume index exceed range: 65535
07-03 15:22:59.548 25088 25135 D         : addLayerName, tid:25135
07-03 15:22:59.549   650   650 D Layer   : Skip in Layer::computeScreenBounds 1
07-03 15:22:59.551   650   650 I chatty  : uid=1000(system) /system/bin/surfaceflinger identical 6 lines
07-03 15:22:59.551   650   650 D Layer   : Skip in Layer::computeScreenBounds 1
07-03 15:22:59.562 25088 25135 D         : addLayerName, tid:25135
07-03 15:22:59.565   650   650 D Layer   : Skip in Layer::computeScreenBounds 1
07-03 15:22:59.566   650   650 I chatty  : uid=1000(system) /system/bin/surfaceflinger identical 6 lines
07-03 15:22:59.566   650   650 D Layer   : Skip in Layer::computeScreenBounds 1
07-03 15:22:59.571   648  1284 E peq_android: volume index exceed range: 65535
07-03 15:22:59.583   650   650 D Layer   : Skip in Layer::computeScreenBounds 1
07-03 15:22:59.584   650   650 I chatty  : uid=1000(system) /system/bin/surfaceflinger identical 6 lines
07-03 15:22:59.584   650   650 D Layer   : Skip in Layer::computeScreenBounds 1
07-03 15:22:59.586 25088 25135 D         : addLayerName, tid:25135
07-03 15:22:59.594   648  1284 E peq_android: volume index exceed range: 65535
07-03 15:22:59.596 25088 25135 D         : addLayerName, tid:25135
07-03 15:22:59.597   650   650 D Layer   : Skip in Layer::computeScreenBounds 1
07-03 15:22:59.614   650   650 I chatty  : uid=1000(system) /system/bin/surfaceflinger identical 8 lines
07-03 15:22:59.615   650   650 D Layer   : Skip in Layer::computeScreenBounds 1
07-03 15:22:59.615 25088 25135 D         : addLayerName, tid:25135
07-03 15:22:59.615   650   650 D Layer   : Skip in Layer::computeScreenBounds 1
07-03 15:22:59.615   650   650 I chatty  : uid=1000(system) /system/bin/surfaceflinger identical 4 lines
07-03 15:22:59.616   650   650 D Layer   : Skip in Layer::computeScreenBounds 1
07-03 15:22:59.617   648  1284 E peq_android: volume index exceed range: 65535
07-03 15:22:59.631 25088 25135 D         : addLayerName, tid:25135
07-03 15:22:59.633   650   650 D Layer   : Skip in Layer::computeScreenBounds 1
07-03 15:22:59.636   650   650 I chatty  : uid=1000(system) /system/bin/surfaceflinger identical 6 lines
07-03 15:22:59.636   650   650 D Layer   : Skip in Layer::computeScreenBounds 1
07-03 15:22:59.640   648  1284 E peq_android: volume index exceed range: 65535
07-03 15:22:59.648 25088 25135 D         : addLayerName, tid:25135
07-03 15:22:59.648   650   650 D Layer   : Skip in Layer::computeScreenBounds 1
07-03 15:22:59.650   650   650 I chatty  : uid=1000(system) /system/bin/surfaceflinger identical 6 lines
07-03 15:22:59.650   650   650 D Layer   : Skip in Layer::computeScreenBounds 1
07-03 15:22:59.662 25088 25135 D         : addLayerName, tid:25135
07-03 15:22:59.663   635   635 I GameScheduler: Period: 18181, Loss Average: -1656, Idle Average: 13750
07-03 15:22:59.663   635   635 I GameScheduler: Prefered margin = 2000
07-03 15:22:59.663   648  1284 E peq_android: volume index exceed range: 65535
07-03 15:22:59.665   650   650 D Layer   : Skip in Layer::computeScreenBounds 1
07-03 15:22:59.666   650   650 I chatty  : uid=1000(system) /system/bin/surfaceflinger identical 6 lines
07-03 15:22:59.666   650   650 D Layer   : Skip in Layer::computeScreenBounds 1
07-03 15:22:59.680 25088 25135 D         : addLayerName, tid:25135
07-03 15:22:59.682   650   650 D Layer   : Skip in Layer::computeScreenBounds 1
07-03 15:22:59.683   650   650 I chatty  : uid=1000(system) /system/bin/surfaceflinger identical 6 lines
07-03 15:22:59.683   650   650 D Layer   : Skip in Layer::computeScreenBounds 1
07-03 15:22:59.687   648  1284 E peq_android: volume index exceed range: 65535
07-03 15:22:59.695 25088 25135 D         : addLayerName, tid:25135
07-03 15:22:59.697   650   650 D Layer   : Skip in Layer::computeScreenBounds 1
07-03 15:22:59.699   650   650 I chatty  : uid=1000(system) /system/bin/surfaceflinger identical 6 lines
07-03 15:22:59.699   650   650 D Layer   : Skip in Layer::computeScreenBounds 1
07-03 15:22:59.710   648  1284 E peq_android: volume index exceed range: 65535
07-03 15:22:59.712 25088 25135 D         : addLayerName, tid:25135
07-03 15:22:59.715   650   650 D Layer   : Skip in Layer::computeScreenBounds 1
07-03 15:22:59.716   650   650 I chatty  : uid=1000(system) /system/bin/surfaceflinger identical 6 lines
07-03 15:22:59.716   650   650 D Layer   : Skip in Layer::computeScreenBounds 1
07-03 15:22:59.728 25088 25135 D         : addLayerName, tid:25135
07-03 15:22:59.731   650   650 D Layer   : Skip in Layer::computeScreenBounds 1
07-03 15:22:59.732   650   650 I chatty  : uid=1000(system) /system/bin/surfaceflinger identical 6 lines
07-03 15:22:59.732   650   650 D Layer   : Skip in Layer::computeScreenBounds 1
07-03 15:22:59.734   648  1284 E peq_android: volume index exceed range: 65535
07-03 15:22:59.744 25088 25135 D         : addLayerName, tid:25135
07-03 15:22:59.748   650   650 D Layer   : Skip in Layer::computeScreenBounds 1
07-03 15:22:59.749   650   650 I chatty  : uid=1000(system) /system/bin/surfaceflinger identical 6 lines
07-03 15:22:59.749   650   650 D Layer   : Skip in Layer::computeScreenBounds 1
07-03 15:22:59.757   648  1284 E peq_android: volume index exceed range: 65535
07-03 15:22:59.760 25088 25135 D         : addLayerName, tid:25135
07-03 15:22:59.763   650   650 D Layer   : Skip in Layer::computeScreenBounds 1
07-03 15:22:59.765   650   650 I chatty  : uid=1000(system) /system/bin/surfaceflinger identical 6 lines
07-03 15:22:59.765   650   650 D Layer   : Skip in Layer::computeScreenBounds 1
07-03 15:22:59.779 25088 25135 D         : addLayerName, tid:25135
07-03 15:22:59.780   650   650 D Layer   : Skip in Layer::computeScreenBounds 1
07-03 15:22:59.781   650   650 I chatty  : uid=1000(system) /system/bin/surfaceflinger identical 4 lines
07-03 15:22:59.781   650   650 D Layer   : Skip in Layer::computeScreenBounds 1
07-03 15:22:59.781   648  1284 E peq_android: volume index exceed range: 65535
07-03 15:22:59.781   650   650 D Layer   : Skip in Layer::computeScreenBounds 1
07-03 15:22:59.781   650   650 D Layer   : Skip in Layer::computeScreenBounds 1
07-03 15:22:59.794 25088 25135 D         : addLayerName, tid:25135
07-03 15:22:59.799   650   650 D Layer   : Skip in Layer::computeScreenBounds 1
07-03 15:22:59.799   650   650 D Layer   : Skip in Layer::computeScreenBounds 1
07-03 15:22:59.799  1114  1562 E WificondControl: Noise: -91, Snr: 35, Chload: -1
07-03 15:22:59.799   650   650 D Layer   : Skip in Layer::computeScreenBounds 1
07-03 15:22:59.800   650   650 I chatty  : uid=1000(system) /system/bin/surfaceflinger identical 4 lines
07-03 15:22:59.800   650   650 D Layer   : Skip in Layer::computeScreenBounds 1
07-03 15:22:59.801  1114  1562 D HwInnerWifiManagerImpl: SupplicantState = COMPLETED
07-03 15:22:59.801  1114  1562 D HwInnerWifiManagerImpl: isPhoneAP = false
07-03 15:22:59.804   648  1284 E peq_android: volume index exceed range: 65535
07-03 15:22:59.811 25088 25135 D         : addLayerName, tid:25135
07-03 15:22:59.812  1114  1647 I HuaweiWifiWatchdogStateMachine: POta txb txg rxg:0, 20969, 0. Lr =0% Totpkt=20969
07-03 15:22:59.812  1114  1617 D HwWifiConnectivityMonitor: ENTER: notifyTopUidTcpInfo, tx = 13, rx = 47, reTx = 0, uid = 10410, tr = 0.0
07-03 15:22:59.812  1114  1617 D HwWifiConnectivityMonitor: ENTER: notifyTopUidTcpInfo, rtt = 0, rttPkts = 0, aveRtt = 0.0, app = com.mixgo.PropertySEO
07-03 15:22:59.813  1114  1617 D HwUidTcpMonitor: parseWlanUidTcpStatistics lastUidTcpStatInfo = [ mUid = 10410 mPacketName = com.mixgo.PropertySEO mSendSegs = 12972 mResendSegs = 4 mRcvSegs = 51587 ]
07-03 15:22:59.813  1114  1617 D HwUidTcpMonitor: parseWlanUidTcpStatistics lastUidTcpStatInfo = [ mUid = 10021 mPacketName = com.github.uiautomator mSendSegs = 1493 mResendSegs = 0 mRcvSegs = 113 ]
07-03 15:22:59.813  1114  1561 D WiFi_PRO: MSG_RETURN_AP_CURRY_RSSI rssi = -47
07-03 15:22:59.813  1114  1561 I QosMonitor: queryRtt: rtt_type = 3
07-03 15:22:59.813   650   650 D Layer   : Skip in Layer::computeScreenBounds 1
07-03 15:22:59.813   650   650 D Layer   : Skip in Layer::computeScreenBounds 1
07-03 15:22:59.813  1114  1615 D HwWifiConnectivityMonitor: handleTopUidInternetStatusChanged, uid = 10410, status = 0
07-03 15:22:59.814   650   650 D Layer   : Skip in Layer::computeScreenBounds 1
07-03 15:22:59.815   650   650 I chatty  : uid=1000(system) /system/bin/surfaceflinger identical 2 lines
07-03 15:22:59.815  1114  1561 I QosMonitor: postEventFromNative: msg=100,arg1=4,arg2=10
07-03 15:22:59.815   650   650 D Layer   : Skip in Layer::computeScreenBounds 1
07-03 15:22:59.815  1114  1561 I QosMonitor: postEventFromNative: msg=100,arg1=0,arg2=10
07-03 15:22:59.815  1114  1561 I MQoS    : rtt=520,tcp_tx_pkts=1119268,tcp_rx_pkts=1929907
07-03 15:22:59.815  1114  1561 I QosMonitor: resetRtt: rtt_type = 3
07-03 15:22:59.815   650   650 D Layer   : Skip in Layer::computeScreenBounds 1
07-03 15:22:59.815   650   650 D Layer   : Skip in Layer::computeScreenBounds 1
07-03 15:22:59.816  1114  1647 I HuaweiWifiWatchdogStateMachine: PTcp RTT:0, rtt pkt=0, tcp_rx=47, tcp_tx=25, tcp_reTran=0, rtRate=0
07-03 15:22:59.816  1114  1647 I HuaweiWifiWatchdogStateMachine: judge good link######, goodLinkLevel=3
07-03 15:22:59.816  1114  1647 I HuaweiWifiWatchdogStateMachine: sendResultMsgToQM bssid:b8:f8:**:**:a5:8b, qoslevel=3
07-03 15:22:59.817  1114  1647 I HuaweiWifiWatchdogStateMachine: link good reported, good base rssi:-46
07-03 15:22:59.817  1114  1561 D WiFi_PRO_WifiProStateMachine: onNetworkQosChange, currentWifiLevel == 3, wifiNoInternet = false, updateUiOnly = true
07-03 15:22:59.819  1114  4002 I MQoS    : QOS_level:0(0),wifi-link;SIM error;use level-0
07-03 15:22:59.827 25088 25135 D         : addLayerName, tid:25135
07-03 15:22:59.827   648  1284 E peq_android: volume index exceed range: 65535
07-03 15:22:59.829   650   650 D Layer   : Skip in Layer::computeScreenBounds 1
07-03 15:22:59.832   650   650 I chatty  : uid=1000(system) /system/bin/surfaceflinger identical 6 lines
07-03 15:22:59.832   650   650 D Layer   : Skip in Layer::computeScreenBounds 1
07-03 15:22:59.844 25088 25135 D         : addLayerName, tid:25135
07-03 15:22:59.846   650   650 D Layer   : Skip in Layer::computeScreenBounds 1
07-03 15:22:59.848   650   650 I chatty  : uid=1000(system) /system/bin/surfaceflinger identical 6 lines
07-03 15:22:59.848   650   650 D Layer   : Skip in Layer::computeScreenBounds 1
07-03 15:22:59.851   648  1284 E peq_android: volume index exceed range: 65535
07-03 15:22:59.859 25088 25135 D         : addLayerName, tid:25135
07-03 15:22:59.862   650   650 D Layer   : Skip in Layer::computeScreenBounds 1
07-03 15:22:59.863   650   650 I chatty  : uid=1000(system) /system/bin/surfaceflinger identical 6 lines
07-03 15:22:59.863   650   650 D Layer   : Skip in Layer::computeScreenBounds 1
07-03 15:22:59.874   648  1284 E peq_android: volume index exceed range: 65535
07-03 15:22:59.877 25088 25135 D         : addLayerName, tid:25135
07-03 15:22:59.879   650   650 D Layer   : Skip in Layer::computeScreenBounds 1
07-03 15:22:59.883   650   650 I chatty  : uid=1000(system) /system/bin/surfaceflinger identical 6 lines
07-03 15:22:59.883   650   650 D Layer   : Skip in Layer::computeScreenBounds 1
07-03 15:22:59.893 25088 25135 D         : addLayerName, tid:25135
07-03 15:22:59.895   650   650 D Layer   : Skip in Layer::computeScreenBounds 1
07-03 15:22:59.897   650   650 I chatty  : uid=1000(system) /system/bin/surfaceflinger identical 6 lines
07-03 15:22:59.897   650   650 D Layer   : Skip in Layer::computeScreenBounds 1
07-03 15:22:59.898   648  1284 E peq_android: volume index exceed range: 65535
07-03 15:22:59.907  1114  1561 I TrafficMonitor: expired arrive. level:-1
07-03 15:22:59.907  1114  1561 I TrafficMonitor: during_ms:2001,period_ms:2000
07-03 15:22:59.907  1114  1561 I TrafficMonitor: count:899,rx_sum:2302,tx_sum:4955,rxBytes:92793,during_ms:2001,rx_speed:46373.31334332834,tx_speed:3587674.662668666,rto:0.46458123107971744
07-03 15:22:59.910 25088 25135 D         : addLayerName, tid:25135
07-03 15:22:59.912   650   650 D Layer   : Skip in Layer::computeScreenBounds 1
07-03 15:22:59.914   650   650 I chatty  : uid=1000(system) /system/bin/surfaceflinger identical 6 lines
07-03 15:22:59.914   650   650 D Layer   : Skip in Layer::computeScreenBounds 1
07-03 15:22:59.921   648  1284 E peq_android: volume index exceed range: 65535
07-03 15:22:59.926 25088 25135 D         : addLayerName, tid:25135
07-03 15:22:59.928   650   650 D Layer   : Skip in Layer::computeScreenBounds 1
07-03 15:22:59.931   650   650 I chatty  : uid=1000(system) /system/bin/surfaceflinger identical 6 lines
07-03 15:22:59.931   650   650 D Layer   : Skip in Layer::computeScreenBounds 1
07-03 15:22:59.944 25088 25135 D         : addLayerName, tid:25135
07-03 15:22:59.944   648  1284 E peq_android: volume index exceed range: 65535
07-03 15:22:59.945   650   650 D Layer   : Skip in Layer::computeScreenBounds 1
07-03 15:22:59.946   650   650 I chatty  : uid=1000(system) /system/bin/surfaceflinger identical 6 lines
07-03 15:22:59.946   650   650 D Layer   : Skip in Layer::computeScreenBounds 1
07-03 15:22:59.959 25088 25135 D         : addLayerName, tid:25135
07-03 15:22:59.961   650   650 D Layer   : Skip in Layer::computeScreenBounds 1
07-03 15:22:59.963   650   650 I chatty  : uid=1000(system) /system/bin/surfaceflinger identical 6 lines
07-03 15:22:59.963   650   650 D Layer   : Skip in Layer::computeScreenBounds 1
07-03 15:22:59.969   648  1284 E peq_android: volume index exceed range: 65535
07-03 15:22:59.976 25088 25135 D         : addLayerName, tid:25135
07-03 15:22:59.978   650   650 D Layer   : Skip in Layer::computeScreenBounds 1
07-03 15:22:59.979   650   650 I chatty  : uid=1000(system) /system/bin/surfaceflinger identical 6 lines
07-03 15:22:59.979   650   650 D Layer   : Skip in Layer::computeScreenBounds 1
07-03 15:22:59.992 25088 25135 D         : addLayerName, tid:25135
07-03 15:22:59.993   648  1284 E peq_android: volume index exceed range: 65535
07-03 15:22:59.995   650   650 D Layer   : Skip in Layer::computeScreenBounds 1
07-03 15:22:59.997   650   650 I chatty  : uid=1000(system) /system/bin/surfaceflinger identical 6 lines
07-03 15:22:59.997   650   650 D Layer   : Skip in Layer::computeScreenBounds 1
07-03 15:23:00.002  1114  1114 V AlarmManager: Received TIME_TICK alarm; rescheduling
07-03 15:23:00.003  1114  1114 I HwAlarmManagerService: hwSetAlarm listenerTag: time_tick
07-03 15:23:00.006  1724  1724 E DateView: DateView,mCurrentTime: 1562138580006
07-03 15:23:00.014 25088 25135 D         : addLayerName, tid:25135
07-03 15:23:00.014   650   650 D Layer   : Skip in Layer::computeScreenBounds 1
07-03 15:23:00.014 24694 24723 W AccessibilityInteractionClient: old interaction Id is: -1,current interaction Id is:20
07-03 15:23:00.014   650   650 D Layer   : Skip in Layer::computeScreenBounds 1
07-03 15:23:00.015   650   650 D Layer   : Skip in Layer::computeScreenBounds 1
07-03 15:23:00.015   650   650 I chatty  : uid=1000(system) /system/bin/surfaceflinger identical 2 lines
07-03 15:23:00.016   650   650 D Layer   : Skip in Layer::computeScreenBounds 1
07-03 15:23:00.016   648  1284 E peq_android: volume index exceed range: 65535
07-03 15:23:00.016   650   650 D Layer   : Skip in Layer::computeScreenBounds 1
07-03 15:23:00.016   650   650 D Layer   : Skip in Layer::computeScreenBounds 1
07-03 15:23:00.024 25088 25135 D         : addLayerName, tid:25135
07-03 15:23:00.026   650   650 D Layer   : Skip in Layer::computeScreenBounds 1
07-03 15:23:00.027   650   650 I chatty  : uid=1000(system) /system/bin/surfaceflinger identical 6 lines
07-03 15:23:00.027   650   650 D Layer   : Skip in Layer::computeScreenBounds 1
07-03 15:23:00.029  1724  1724 W HwKeyguardDragHelper: AnimationBlocked 
07-03 15:23:00.031  1724  1724 I EventCenter: EventCenter Get :android.intent.action.TIME_TICK
07-03 15:23:00.033  1724  1724 E ndroid.systemu: No package ID ff found for ID 0xffffffff.
07-03 15:23:00.034  1724  1724 D WeatherHelper: City info empty
07-03 15:23:00.035  1724  1724 E ndroid.systemu: No package ID ff found for ID 0xffffffff.
07-03 15:23:00.035  1724  1724 D WeatherHelper: City info empty
07-03 15:23:00.036  1724  1724 D KeyguardUpdateMonitor: received broadcast android.intent.action.TIME_TICK
07-03 15:23:00.036  1724  1724 D KeyguardUpdateMonitor: handleTimeUpdate
07-03 15:23:00.037  1724  1898 I KeyguardStatusView: Runnable for refresh
07-03 15:23:00.039  1724  1724 D WeatherHelper: City info empty
07-03 15:23:00.041   648  1284 E peq_android: volume index exceed range: 65535
07-03 15:23:00.043  1993  1993 I HwLauncher: Model  onReceive intent=Intent { act=android.intent.action.TIME_TICK flg=0x50200014 hwFlg=0x900 (has extras) }
07-03 15:23:00.044  1993  1993 I HwLauncher: Model  onReceive user=UserHandle{0}
07-03 15:23:00.044   650   650 D Layer   : Skip in Layer::computeScreenBounds 1
07-03 15:23:00.044 25088 25135 D         : addLayerName, tid:25135
07-03 15:23:00.044   650   650 D Layer   : Skip in Layer::computeScreenBounds 1
07-03 15:23:00.045   650   650 D Layer   : Skip in Layer::computeScreenBounds 1
07-03 15:23:00.045   650   650 I chatty  : uid=1000(system) /system/bin/surfaceflinger identical 4 lines
07-03 15:23:00.045   650   650 D Layer   : Skip in Layer::computeScreenBounds 1
07-03 15:23:00.057  1724  1724 W HwKeyguardDragHelper: AnimationBlocked 
07-03 15:23:00.057  3116  4559 I Step_LSC: 90003365|processHandleBroadcastAction action:android.intent.action.TIME_TICK
07-03 15:23:00.058  1114  6153 V BroadcastQueue: Finished with ordered broadcast BroadcastRecord{cd7250 u-1 android.intent.action.TIME_TICK}
07-03 15:23:00.060 25088 25135 D         : addLayerName, tid:25135
07-03 15:23:00.062   650   650 D Layer   : Skip in Layer::computeScreenBounds 1
07-03 15:23:00.063   650   650 I chatty  : uid=1000(system) /system/bin/surfaceflinger identical 6 lines
07-03 15:23:00.063   650   650 D Layer   : Skip in Layer::computeScreenBounds 1
07-03 15:23:00.064   648  1284 E peq_android: volume index exceed range: 65535
07-03 15:23:00.065  3116  4559 I Step_SPUtils: 90003365|setAliveRecord  success: timestampArg=1562138580057 elapsedRealtimeArg=539779642
07-03 15:23:00.074 25088 25135 D         : addLayerName, tid:25135
07-03 15:23:00.077   650   650 D Layer   : Skip in Layer::computeScreenBounds 1
07-03 15:23:00.078   650   650 I chatty  : uid=1000(system) /system/bin/surfaceflinger identical 6 lines
07-03 15:23:00.078   650   650 D Layer   : Skip in Layer::computeScreenBounds 1
07-03 15:23:00.087   648  1284 E peq_android: volume index exceed range: 65535
07-03 15:23:00.092 25088 25135 D         : addLayerName, tid:25135
07-03 15:23:00.094   650   650 D Layer   : Skip in Layer::computeScreenBounds 1
07-03 15:23:00.096   650   650 I chatty  : uid=1000(system) /system/bin/surfaceflinger identical 6 lines
07-03 15:23:00.096   650   650 D Layer   : Skip in Layer::computeScreenBounds 1
07-03 15:23:00.107 25088 25135 D         : addLayerName, tid:25135
07-03 15:23:00.111   648  1284 E peq_android: volume index exceed range: 65535
07-03 15:23:00.112   650   650 D Layer   : Skip in Layer::computeScreenBounds 1
07-03 15:23:00.113   650   650 I chatty  : uid=1000(system) /system/bin/surfaceflinger identical 6 lines
07-03 15:23:00.113   650   650 D Layer   : Skip in Layer::computeScreenBounds 1
07-03 15:23:00.127 25088 25135 D         : addLayerName, tid:25135
07-03 15:23:00.128   650   650 D Layer   : Skip in Layer::computeScreenBounds 1
07-03 15:23:00.130   650   650 I chatty  : uid=1000(system) /system/bin/surfaceflinger identical 6 lines
07-03 15:23:00.130   650   650 D Layer   : Skip in Layer::computeScreenBounds 1
07-03 15:23:00.132  1724  1724 D WeatherHelper: City info empty
07-03 15:23:00.133  1724  1724 D DateTimeView: Change to single clock mode!
07-03 15:23:00.133  1724  1724 D WeatherHelper: City info empty
07-03 15:23:00.134  1724  1724 I ColorPickUitls: type = 2
07-03 15:23:00.134  1724  1724 D WeatherHelper: City info empty
07-03 15:23:00.135   648  1284 E peq_android: volume index exceed range: 65535
07-03 15:23:00.135  1724  1724 D DateTimeView: Change to single clock mode!
07-03 15:23:00.135  1724  1724 D WeatherHelper: City info empty
07-03 15:23:00.136  1724  1724 I ColorPickUitls: type = 2
07-03 15:23:00.142 25088 25135 D         : addLayerName, tid:25135
07-03 15:23:00.144   650   650 D Layer   : Skip in Layer::computeScreenBounds 1
07-03 15:23:00.147   650   650 I chatty  : uid=1000(system) /system/bin/surfaceflinger identical 6 lines
07-03 15:23:00.147   650   650 D Layer   : Skip in Layer::computeScreenBounds 1
07-03 15:23:00.157 25088 25135 D         : addLayerName, tid:25135
07-03 15:23:00.160   650   650 D Layer   : Skip in Layer::computeScreenBounds 1
07-03 15:23:00.161   650   650 I chatty  : uid=1000(system) /system/bin/surfaceflinger identical 4 lines
07-03 15:23:00.161   650   650 D Layer   : Skip in Layer::computeScreenBounds 1
07-03 15:23:00.162   648  1284 E peq_android: volume index exceed range: 65535
07-03 15:23:00.163   650   650 D Layer   : Skip in Layer::computeScreenBounds 1
07-03 15:23:00.163   650   650 D Layer   : Skip in Layer::computeScreenBounds 1
07-03 15:23:00.173 25088 25135 D         : addLayerName, tid:25135
07-03 15:23:00.178   650   650 D Layer   : Skip in Layer::computeScreenBounds 1
07-03 15:23:00.179   650   650 I chatty  : uid=1000(system) /system/bin/surfaceflinger identical 6 lines
07-03 15:23:00.179   650   650 D Layer   : Skip in Layer::computeScreenBounds 1
07-03 15:23:00.184   648  1284 E peq_android: volume index exceed range: 65535
07-03 15:23:00.192 25088 25135 D         : addLayerName, tid:25135
07-03 15:23:00.194   650   650 D Layer   : Skip in Layer::computeScreenBounds 1
07-03 15:23:00.195   650   650 I chatty  : uid=1000(system) /system/bin/surfaceflinger identical 6 lines
07-03 15:23:00.195   650   650 D Layer   : Skip in Layer::computeScreenBounds 1
07-03 15:23:00.208 25088 25135 D         : addLayerName, tid:25135
07-03 15:23:00.209   648  1284 E peq_android: volume index exceed range: 65535
07-03 15:23:00.212   650   650 D Layer   : Skip in Layer::computeScreenBounds 1
07-03 15:23:00.213   650   650 I chatty  : uid=1000(system) /system/bin/surfaceflinger identical 6 lines
07-03 15:23:00.213   650   650 D Layer   : Skip in Layer::computeScreenBounds 1
07-03 15:23:00.226 25088 25135 D         : addLayerName, tid:25135
07-03 15:23:00.227   650   650 D Layer   : Skip in Layer::computeScreenBounds 1
07-03 15:23:00.229   650   650 I chatty  : uid=1000(system) /system/bin/surfaceflinger identical 6 lines
07-03 15:23:00.229   650   650 D Layer   : Skip in Layer::computeScreenBounds 1
07-03 15:23:00.232   648  1284 E peq_android: volume index exceed range: 65535
07-03 15:23:00.240 25088 25135 D         : addLayerName, tid:25135
07-03 15:23:00.243   650   650 D Layer   : Skip in Layer::computeScreenBounds 1
07-03 15:23:00.245   650   650 I chatty  : uid=1000(system) /system/bin/surfaceflinger identical 6 lines
07-03 15:23:00.245   650   650 D Layer   : Skip in Layer::computeScreenBounds 1
07-03 15:23:00.256   648  1284 E peq_android: volume index exceed range: 65535
07-03 15:23:00.256 25088 25135 D         : addLayerName, tid:25135
07-03 15:23:00.260   650   650 D Layer   : Skip in Layer::computeScreenBounds 1
07-03 15:23:00.261   650   650 I chatty  : uid=1000(system) /system/bin/surfaceflinger identical 6 lines
07-03 15:23:00.261   650   650 D Layer   : Skip in Layer::computeScreenBounds 1
07-03 15:23:00.272 25088 25135 D         : addLayerName, tid:25135
07-03 15:23:00.276   650   650 D Layer   : Skip in Layer::computeScreenBounds 1
07-03 15:23:00.277   650   650 I chatty  : uid=1000(system) /system/bin/surfaceflinger identical 6 lines
07-03 15:23:00.277   650   650 D Layer   : Skip in Layer::computeScreenBounds 1
07-03 15:23:00.280   648  1284 E peq_android: volume index exceed range: 65535
07-03 15:23:00.289  1869  2321 D DaemonClientReceiver: read packet 12 bytes
07-03 15:23:00.289  1869  2321 D DaemonClientThread: read processResponse  type = 1
07-03 15:23:00.289  1869  2321 D DaemonClientThread:   processReport commnd   = 516
07-03 15:23:00.289  1869  2321 D EmcomManagerService: sampleWinOpen = true
07-03 15:23:00.289 25088 25135 D         : addLayerName, tid:25135
07-03 15:23:00.292   650   650 D Layer   : Skip in Layer::computeScreenBounds 1
07-03 15:23:00.294   650   650 I chatty  : uid=1000(system) /system/bin/surfaceflinger identical 6 lines
07-03 15:23:00.294   650   650 D Layer   : Skip in Layer::computeScreenBounds 1
07-03 15:23:00.296  1869  2319 D GrabService: receive sample window change message:true
07-03 15:23:00.296  1869  2319 D WechatMonitor: update sample window of wechat
07-03 15:23:00.296  1869  2319 D WechatMonitor: sample window is open
07-03 15:23:00.304   648  1284 E peq_android: volume index exceed range: 65535
07-03 15:23:00.307 25088 25135 D         : addLayerName, tid:25135
07-03 15:23:00.310   650   650 D Layer   : Skip in Layer::computeScreenBounds 1
07-03 15:23:00.312   650   650 I chatty  : uid=1000(system) /system/bin/surfaceflinger identical 6 lines
07-03 15:23:00.312   650   650 D Layer   : Skip in Layer::computeScreenBounds 1
07-03 15:23:00.323 25088 25135 D         : addLayerName, tid:25135
07-03 15:23:00.325   650   650 D Layer   : Skip in Layer::computeScreenBounds 1
07-03 15:23:00.326   650   650 I chatty  : uid=1000(system) /system/bin/surfaceflinger identical 6 lines
07-03 15:23:00.326   650   650 D Layer   : Skip in Layer::computeScreenBounds 1
07-03 15:23:00.329   648  1284 E peq_android: volume index exceed range: 65535
07-03 15:23:00.339 25088 25135 D         : addLayerName, tid:25135
07-03 15:23:00.342   650   650 D Layer   : Skip in Layer::computeScreenBounds 1
07-03 15:23:00.344   650   650 I chatty  : uid=1000(system) /system/bin/surfaceflinger identical 6 lines
07-03 15:23:00.344   650   650 D Layer   : Skip in Layer::computeScreenBounds 1
07-03 15:23:00.344  1952 26416 I DownloadState: 10410 stop download, curr: 1167082752, base: 1167082752, delta: 0
07-03 15:23:00.344  1952 26416 I DownloadState: @@@@@@@@@@@@ uid :10410 download :false
07-03 15:23:00.345  1952 26416 I PGServer: report state:5 event type:2 pid:0 uid:10410 pkg:null to pid: 1114
07-03 15:23:00.353   648  1284 E peq_android: volume index exceed range: 65535
07-03 15:23:00.356 25088 25135 D         : addLayerName, tid:25135
07-03 15:23:00.358   650   650 D Layer   : Skip in Layer::computeScreenBounds 1
07-03 15:23:00.359   650   650 I chatty  : uid=1000(system) /system/bin/surfaceflinger identical 6 lines
07-03 15:23:00.359   650   650 D Layer   : Skip in Layer::computeScreenBounds 1
07-03 15:23:00.372 25088 25135 D         : addLayerName, tid:25135
07-03 15:23:00.375   650   650 D Layer   : Skip in Layer::computeScreenBounds 1
07-03 15:23:00.377   650   650 I chatty  : uid=1000(system) /system/bin/surfaceflinger identical 6 lines
07-03 15:23:00.377   650   650 D Layer   : Skip in Layer::computeScreenBounds 1
07-03 15:23:00.378   648  1284 E peq_android: volume index exceed range: 65535
07-03 15:23:00.388 25088 25135 D         : addLayerName, tid:25135
07-03 15:23:00.391   650   650 D Layer   : Skip in Layer::computeScreenBounds 1
07-03 15:23:00.392   650   650 I chatty  : uid=1000(system) /system/bin/surfaceflinger identical 6 lines
07-03 15:23:00.392   650   650 D Layer   : Skip in Layer::computeScreenBounds 1
07-03 15:23:00.402   648  1284 E peq_android: volume index exceed range: 65535
07-03 15:23:00.406 25088 25135 D         : addLayerName, tid:25135
07-03 15:23:00.410   650   650 D Layer   : Skip in Layer::computeScreenBounds 1
07-03 15:23:00.411   650   650 I chatty  : uid=1000(system) /system/bin/surfaceflinger identical 6 lines
07-03 15:23:00.411   650   650 D Layer   : Skip in Layer::computeScreenBounds 1
07-03 15:23:00.422 25088 25135 D         : addLayerName, tid:25135
07-03 15:23:00.426   648  1284 E peq_android: volume index exceed range: 65535
07-03 15:23:00.426   650   650 D Layer   : Skip in Layer::computeScreenBounds 1
07-03 15:23:00.428   650   650 I chatty  : uid=1000(system) /system/bin/surfaceflinger identical 6 lines
07-03 15:23:00.428   650   650 D Layer   : Skip in Layer::computeScreenBounds 1
07-03 15:23:00.439 25088 25135 D         : addLayerName, tid:25135
07-03 15:23:00.442   650   650 D Layer   : Skip in Layer::computeScreenBounds 1
07-03 15:23:00.443   650   650 I chatty  : uid=1000(system) /system/bin/surfaceflinger identical 6 lines
07-03 15:23:00.443   650   650 D Layer   : Skip in Layer::computeScreenBounds 1
07-03 15:23:00.449   648  1284 E peq_android: volume index exceed range: 65535
07-03 15:23:00.455 25088 25135 D         : addLayerName, tid:25135
07-03 15:23:00.458   650   650 D Layer   : Skip in Layer::computeScreenBounds 1
07-03 15:23:00.459   650   650 I chatty  : uid=1000(system) /system/bin/surfaceflinger identical 6 lines
07-03 15:23:00.459   650   650 D Layer   : Skip in Layer::computeScreenBounds 1
07-03 15:23:00.471 25088 25135 D         : addLayerName, tid:25135
07-03 15:23:00.474   648  1284 E peq_android: volume index exceed range: 65535
07-03 15:23:00.475   650   650 D Layer   : Skip in Layer::computeScreenBounds 1
07-03 15:23:00.476   650   650 I chatty  : uid=1000(system) /system/bin/surfaceflinger identical 6 lines
07-03 15:23:00.476   650   650 D Layer   : Skip in Layer::computeScreenBounds 1
07-03 15:23:00.482 24694 25289 W QueryController: Could not detect idle state.
07-03 15:23:00.484 24694 25289 W AccessibilityInteractionClient: old interaction Id is: -1,current interaction Id is:253
07-03 15:23:00.492 25088 25135 D         : addLayerName, tid:25135
07-03 15:23:00.495   650   650 D Layer   : Skip in Layer::computeScreenBounds 1
07-03 15:23:00.495   650   650 I chatty  : uid=1000(system) /system/bin/surfaceflinger identical 6 lines
07-03 15:23:00.495   650   650 D Layer   : Skip in Layer::computeScreenBounds 1
07-03 15:23:00.497   648  1284 E peq_android: volume index exceed range: 65535
07-03 15:23:00.503 25088 25135 D         : addLayerName, tid:25135
07-03 15:23:00.505   650   650 D Layer   : Skip in Layer::computeScreenBounds 1
07-03 15:23:00.506   650   650 I chatty  : uid=1000(system) /system/bin/surfaceflinger identical 6 lines
07-03 15:23:00.506   650   650 D Layer   : Skip in Layer::computeScreenBounds 1
07-03 15:23:00.520   648  1284 E peq_android: volume index exceed range: 65535
07-03 15:23:00.523 25088 25135 D         : addLayerName, tid:25135
07-03 15:23:00.523   650   650 D Layer   : Skip in Layer::computeScreenBounds 1
07-03 15:23:00.523   650   650 D Layer   : Skip in Layer::computeScreenBounds 1
07-03 15:23:00.524   635   635 I AISched FPS: currentfps 60,detected fps 60,flag 0,high 18,low 6,sleepPercent 0.870958,old 8,new 8
07-03 15:23:00.524   650   650 D Layer   : Skip in Layer::computeScreenBounds 1
07-03 15:23:00.525   650   650 I chatty  : uid=1000(system) /system/bin/surfaceflinger identical 4 lines
07-03 15:23:00.525   650   650 D Layer   : Skip in Layer::computeScreenBounds 1
07-03 15:23:00.539 25088 25135 D         : addLayerName, tid:25135
07-03 15:23:00.542   650   650 D Layer   : Skip in Layer::computeScreenBounds 1
07-03 15:23:00.543   650   650 I chatty  : uid=1000(system) /system/bin/surfaceflinger identical 6 lines
07-03 15:23:00.543   650   650 D Layer   : Skip in Layer::computeScreenBounds 1
07-03 15:23:00.543   648  1284 E peq_android: volume index exceed range: 65535
07-03 15:23:00.556   650   650 D Layer   : Skip in Layer::computeScreenBounds 1
07-03 15:23:00.557   650   650 I chatty  : uid=1000(system) /system/bin/surfaceflinger identical 6 lines
07-03 15:23:00.557   650   650 D Layer   : Skip in Layer::computeScreenBounds 1
07-03 15:23:00.561 25088 25135 D         : addLayerName, tid:25135
07-03 15:23:00.566   648  1284 E peq_android: volume index exceed range: 65535
07-03 15:23:00.571   650   650 D Layer   : Skip in Layer::computeScreenBounds 1
07-03 15:23:00.572   650   650 I chatty  : uid=1000(system) /system/bin/surfaceflinger identical 6 lines
07-03 15:23:00.572   650   650 D Layer   : Skip in Layer::computeScreenBounds 1
07-03 15:23:00.573 24694 25289 W AccessibilityInteractionClient: old interaction Id is: -1,current interaction Id is:254
07-03 15:23:00.587 25088 25135 D         : addLayerName, tid:25135
07-03 15:23:00.588   648  1284 E peq_android: volume index exceed range: 65535
07-03 15:23:00.590 24694 25289 W AccessibilityInteractionClient: old interaction Id is: -1,current interaction Id is:255
07-03 15:23:00.596 25088 25135 D         : addLayerName, tid:25135
07-03 15:23:00.604   650   650 D Layer   : Skip in Layer::computeScreenBounds 1
07-03 15:23:00.605   650   650 I chatty  : uid=1000(system) /system/bin/surfaceflinger identical 6 lines
07-03 15:23:00.605   650   650 D Layer   : Skip in Layer::computeScreenBounds 1
07-03 15:23:00.611   648  1284 E peq_android: volume index exceed range: 65535
07-03 15:23:00.612 25088 25135 D         : addLayerName, tid:25135
07-03 15:23:00.622   650   650 D Layer   : Skip in Layer::computeScreenBounds 1
07-03 15:23:00.623   650   650 I chatty  : uid=1000(system) /system/bin/surfaceflinger identical 6 lines
07-03 15:23:00.623   650   650 D Layer   : Skip in Layer::computeScreenBounds 1
07-03 15:23:00.630 25088 25135 D         : addLayerName, tid:25135
07-03 15:23:00.633   648  1284 E peq_android: volume index exceed range: 65535
07-03 15:23:00.638   650   650 D Layer   : Skip in Layer::computeScreenBounds 1
07-03 15:23:00.639   650   650 I chatty  : uid=1000(system) /system/bin/surfaceflinger identical 6 lines
07-03 15:23:00.639   650   650 D Layer   : Skip in Layer::computeScreenBounds 1
07-03 15:23:00.648 25088 25135 D         : addLayerName, tid:25135
07-03 15:23:00.655   650   650 D Layer   : Skip in Layer::computeScreenBounds 1
07-03 15:23:00.656   650   650 I chatty  : uid=1000(system) /system/bin/surfaceflinger identical 6 lines
07-03 15:23:00.656   650   650 D Layer   : Skip in Layer::computeScreenBounds 1
07-03 15:23:00.656   648  1284 E peq_android: volume index exceed range: 65535
07-03 15:23:00.664 25088 25135 D         : addLayerName, tid:25135
07-03 15:23:00.671   650   650 D Layer   : Skip in Layer::computeScreenBounds 1
07-03 15:23:00.672   650   650 I chatty  : uid=1000(system) /system/bin/surfaceflinger identical 6 lines
07-03 15:23:00.672   650   650 D Layer   : Skip in Layer::computeScreenBounds 1
07-03 15:23:00.680   648  1284 E peq_android: volume index exceed range: 65535
07-03 15:23:00.680 25088 25135 D         : addLayerName, tid:25135
07-03 15:23:00.687   650   650 D Layer   : Skip in Layer::computeScreenBounds 1
07-03 15:23:00.688   650   650 I chatty  : uid=1000(system) /system/bin/surfaceflinger identical 6 lines
07-03 15:23:00.688   650   650 D Layer   : Skip in Layer::computeScreenBounds 1
07-03 15:23:00.696 25088 25135 D         : addLayerName, tid:25135
07-03 15:23:00.702   648  1284 E peq_android: volume index exceed range: 65535
07-03 15:23:00.705   650   650 D Layer   : Skip in Layer::computeScreenBounds 1
07-03 15:23:00.706   650   650 I chatty  : uid=1000(system) /system/bin/surfaceflinger identical 6 lines
07-03 15:23:00.706   650   650 D Layer   : Skip in Layer::computeScreenBounds 1
07-03 15:23:00.714 25088 25135 D         : addLayerName, tid:25135
07-03 15:23:00.721   650   650 D Layer   : Skip in Layer::computeScreenBounds 1
07-03 15:23:00.722   650   650 I chatty  : uid=1000(system) /system/bin/surfaceflinger identical 6 lines
07-03 15:23:00.722   650   650 D Layer   : Skip in Layer::computeScreenBounds 1
07-03 15:23:00.725   648  1284 E peq_android: volume index exceed range: 65535
07-03 15:23:00.729 25088 25135 D         : addLayerName, tid:25135
07-03 15:23:00.737   650   650 D Layer   : Skip in Layer::computeScreenBounds 1
07-03 15:23:00.738   650   650 I chatty  : uid=1000(system) /system/bin/surfaceflinger identical 6 lines
07-03 15:23:00.738   650   650 D Layer   : Skip in Layer::computeScreenBounds 1
07-03 15:23:00.746 25088 25135 D         : addLayerName, tid:25135
07-03 15:23:00.749   648  1284 E peq_android: volume index exceed range: 65535
07-03 15:23:00.754   650   650 D Layer   : Skip in Layer::computeScreenBounds 1
07-03 15:23:00.755   650   650 I chatty  : uid=1000(system) /system/bin/surfaceflinger identical 6 lines
07-03 15:23:00.755   650   650 D Layer   : Skip in Layer::computeScreenBounds 1
07-03 15:23:00.762 25088 25135 D         : addLayerName, tid:25135
07-03 15:23:00.771   650   650 D Layer   : Skip in Layer::computeScreenBounds 1
07-03 15:23:00.772   650   650 I chatty  : uid=1000(system) /system/bin/surfaceflinger identical 2 lines
07-03 15:23:00.772   650   650 D Layer   : Skip in Layer::computeScreenBounds 1
07-03 15:23:00.772   648  1284 E peq_android: volume index exceed range: 65535
07-03 15:23:00.772   650   650 D Layer   : Skip in Layer::computeScreenBounds 1
07-03 15:23:00.772   650   650 I chatty  : uid=1000(system) /system/bin/surfaceflinger identical 2 lines
07-03 15:23:00.772   650   650 D Layer   : Skip in Layer::computeScreenBounds 1
07-03 15:23:00.781 25088 25135 D         : addLayerName, tid:25135
07-03 15:23:00.787   650   650 D Layer   : Skip in Layer::computeScreenBounds 1
07-03 15:23:00.788   650   650 I chatty  : uid=1000(system) /system/bin/surfaceflinger identical 6 lines
07-03 15:23:00.788   650   650 D Layer   : Skip in Layer::computeScreenBounds 1
07-03 15:23:00.794 25088 25135 D         : addLayerName, tid:25135
07-03 15:23:00.795   648  1284 E peq_android: volume index exceed range: 65535
07-03 15:23:00.803   650   650 D Layer   : Skip in Layer::computeScreenBounds 1
07-03 15:23:00.804   650   650 I chatty  : uid=1000(system) /system/bin/surfaceflinger identical 6 lines
07-03 15:23:00.804   650   650 D Layer   : Skip in Layer::computeScreenBounds 1
07-03 15:23:00.811 25088 25135 D         : addLayerName, tid:25135
07-03 15:23:00.818   648  1284 E peq_android: volume index exceed range: 65535
07-03 15:23:00.820   650   650 D Layer   : Skip in Layer::computeScreenBounds 1
07-03 15:23:00.821   650   650 I chatty  : uid=1000(system) /system/bin/surfaceflinger identical 6 lines
07-03 15:23:00.821   650   650 D Layer   : Skip in Layer::computeScreenBounds 1
07-03 15:23:00.828 25088 25135 D         : addLayerName, tid:25135
07-03 15:23:00.837   650   650 D Layer   : Skip in Layer::computeScreenBounds 1
07-03 15:23:00.838   650   650 I chatty  : uid=1000(system) /system/bin/surfaceflinger identical 6 lines
07-03 15:23:00.838   650   650 D Layer   : Skip in Layer::computeScreenBounds 1
07-03 15:23:00.841   648  1284 E peq_android: volume index exceed range: 65535
07-03 15:23:00.847 25088 25135 D         : addLayerName, tid:25135
07-03 15:23:00.853   650   650 D Layer   : Skip in Layer::computeScreenBounds 1
07-03 15:23:00.854   650   650 I chatty  : uid=1000(system) /system/bin/surfaceflinger identical 6 lines
07-03 15:23:00.854   650   650 D Layer   : Skip in Layer::computeScreenBounds 1
07-03 15:23:00.862 25088 25135 D         : addLayerName, tid:25135
07-03 15:23:00.863   648  1284 E peq_android: volume index exceed range: 65535
07-03 15:23:00.869   650   650 D Layer   : Skip in Layer::computeScreenBounds 1
07-03 15:23:00.870   650   650 I chatty  : uid=1000(system) /system/bin/surfaceflinger identical 6 lines
07-03 15:23:00.870   650   650 D Layer   : Skip in Layer::computeScreenBounds 1
07-03 15:23:00.878 25088 25135 D         : addLayerName, tid:25135
07-03 15:23:00.886   650   650 D Layer   : Skip in Layer::computeScreenBounds 1
07-03 15:23:00.887   650   650 I chatty  : uid=1000(system) /system/bin/surfaceflinger identical 6 lines
07-03 15:23:00.887   650   650 D Layer   : Skip in Layer::computeScreenBounds 1
07-03 15:23:00.887   648  1284 E peq_android: volume index exceed range: 65535
07-03 15:23:00.896 25088 25135 D         : addLayerName, tid:25135
07-03 15:23:00.902   650   650 D Layer   : Skip in Layer::computeScreenBounds 1
07-03 15:23:00.903   650   650 I chatty  : uid=1000(system) /system/bin/surfaceflinger identical 6 lines
07-03 15:23:00.903   650   650 D Layer   : Skip in Layer::computeScreenBounds 1
07-03 15:23:00.910   648  1284 E peq_android: volume index exceed range: 65535
07-03 15:23:00.911 25088 25135 D         : addLayerName, tid:25135
07-03 15:23:00.913  1114  1561 I TrafficMonitor: update:rxPkts:2257,txPkts:4828,rxBytes:90804,txBytes:7009084
07-03 15:23:00.914  1114  1561 I TrafficMonitor: no expired. level:4
07-03 15:23:00.914  1114  1561 I TrafficMonitor: gettimer:interval=2000
07-03 15:23:00.914  1114  1561 I TrafficMonitor: during_ms:2004,period_ms:2000
07-03 15:23:00.914  1114  1561 I TrafficMonitor: count:900,rx_sum:2257,tx_sum:4828,rxBytes:90804,during_ms:2004,rx_speed:45311.37724550898,tx_speed:3497546.9061876247,rto:0.46748135874067936
07-03 15:23:00.920   650   650 D Layer   : Skip in Layer::computeScreenBounds 1
07-03 15:23:00.921   650   650 I chatty  : uid=1000(system) /system/bin/surfaceflinger identical 6 lines
07-03 15:23:00.921   650   650 D Layer   : Skip in Layer::computeScreenBounds 1
07-03 15:23:00.928 24694 24709 I hub.uiautomato: Background concurrent copying GC freed 451088(13MB) AllocSpace objects, 0(0B) LOS objects, 50% free, 13MB/27MB, paused 140us total 230.042ms
07-03 15:23:00.931 25088 25135 D         : addLayerName, tid:25135
07-03 15:23:00.936   648  1284 E peq_android: volume index exceed range: 65535
07-03 15:23:00.936   650   650 D Layer   : Skip in Layer::computeScreenBounds 1
07-03 15:23:00.937   650   650 I chatty  : uid=1000(system) /system/bin/surfaceflinger identical 6 lines
07-03 15:23:00.937   650   650 D Layer   : Skip in Layer::computeScreenBounds 1
07-03 15:23:00.947 25088 25135 D         : addLayerName, tid:25135
07-03 15:23:00.953   650   650 D Layer   : Skip in Layer::computeScreenBounds 1
07-03 15:23:00.954   650   650 I chatty  : uid=1000(system) /system/bin/surfaceflinger identical 6 lines
07-03 15:23:00.954   650   650 D Layer   : Skip in Layer::computeScreenBounds 1
07-03 15:23:00.959   648  1284 E peq_android: volume index exceed range: 65535
07-03 15:23:00.963 25088 25135 D         : addLayerName, tid:25135
07-03 15:23:00.969   650   650 D Layer   : Skip in Layer::computeScreenBounds 1
07-03 15:23:00.969   650   650 I chatty  : uid=1000(system) /system/bin/surfaceflinger identical 6 lines
07-03 15:23:00.969   650   650 D Layer   : Skip in Layer::computeScreenBounds 1
07-03 15:23:00.977 25088 25135 D         : addLayerName, tid:25135
07-03 15:23:00.982   648  1284 E peq_android: volume index exceed range: 65535
07-03 15:23:00.986   650   650 D Layer   : Skip in Layer::computeScreenBounds 1
07-03 15:23:00.987   650   650 I chatty  : uid=1000(system) /system/bin/surfaceflinger identical 6 lines
07-03 15:23:00.987   650   650 D Layer   : Skip in Layer::computeScreenBounds 1
07-03 15:23:00.996 25088 25135 D         : addLayerName, tid:25135
07-03 15:23:01.002   650   650 D Layer   : Skip in Layer::computeScreenBounds 1
07-03 15:23:01.003   650   650 I chatty  : uid=1000(system) /system/bin/surfaceflinger identical 6 lines
07-03 15:23:01.003   650   650 D Layer   : Skip in Layer::computeScreenBounds 1
07-03 15:23:01.005   648  1284 E peq_android: volume index exceed range: 65535
07-03 15:23:01.012 25088 25135 D         : addLayerName, tid:25135
07-03 15:23:01.018   650   650 D Layer   : Skip in Layer::computeScreenBounds 1
07-03 15:23:01.019   650   650 I chatty  : uid=1000(system) /system/bin/surfaceflinger identical 6 lines
07-03 15:23:01.019   650   650 D Layer   : Skip in Layer::computeScreenBounds 1
07-03 15:23:01.027 25088 25135 D         : addLayerName, tid:25135
07-03 15:23:01.029   648  1284 E peq_android: volume index exceed range: 65535
07-03 15:23:01.035   650   650 D Layer   : Skip in Layer::computeScreenBounds 1
07-03 15:23:01.036   650   650 I chatty  : uid=1000(system) /system/bin/surfaceflinger identical 6 lines
07-03 15:23:01.036   650   650 D Layer   : Skip in Layer::computeScreenBounds 1
07-03 15:23:01.046 25088 25135 D         : addLayerName, tid:25135
07-03 15:23:01.051   650   650 D Layer   : Skip in Layer::computeScreenBounds 1
07-03 15:23:01.052   650   650 I chatty  : uid=1000(system) /system/bin/surfaceflinger identical 6 lines
07-03 15:23:01.052   650   650 D Layer   : Skip in Layer::computeScreenBounds 1
07-03 15:23:01.055   648  1284 E peq_android: volume index exceed range: 65535
07-03 15:23:01.060 25088 25135 D         : addLayerName, tid:25135
07-03 15:23:01.068   650   650 D Layer   : Skip in Layer::computeScreenBounds 1
07-03 15:23:01.069   650   650 I chatty  : uid=1000(system) /system/bin/surfaceflinger identical 6 lines
07-03 15:23:01.069   650   650 D Layer   : Skip in Layer::computeScreenBounds 1
07-03 15:23:01.078 25088 25135 D         : addLayerName, tid:25135
07-03 15:23:01.082   648  1284 E peq_android: volume index exceed range: 65535
07-03 15:23:01.086   650   650 D Layer   : Skip in Layer::computeScreenBounds 1
07-03 15:23:01.087   650   650 I chatty  : uid=1000(system) /system/bin/surfaceflinger identical 6 lines
07-03 15:23:01.087   650   650 D Layer   : Skip in Layer::computeScreenBounds 1
07-03 15:23:01.095 25088 25135 D         : addLayerName, tid:25135
07-03 15:23:01.102   650   650 D Layer   : Skip in Layer::computeScreenBounds 1
07-03 15:23:01.102   650   650 I chatty  : uid=1000(system) /system/bin/surfaceflinger identical 6 lines
07-03 15:23:01.102   650   650 D Layer   : Skip in Layer::computeScreenBounds 1
07-03 15:23:01.106   648  1284 E peq_android: volume index exceed range: 65535
07-03 15:23:01.111 25088 25135 D         : addLayerName, tid:25135
07-03 15:23:01.117   650   650 D Layer   : Skip in Layer::computeScreenBounds 1
07-03 15:23:01.118   650   650 I chatty  : uid=1000(system) /system/bin/surfaceflinger identical 6 lines
07-03 15:23:01.118   650   650 D Layer   : Skip in Layer::computeScreenBounds 1
07-03 15:23:01.127 25088 25135 D         : addLayerName, tid:25135
07-03 15:23:01.129   648  1284 E peq_android: volume index exceed range: 65535
