07-03 15:23:03.117   648  1284 E peq_android: volume index exceed range: 65535
07-03 15:23:03.117   650   650 D Layer   : Skip in Layer::computeScreenBounds 1
07-03 15:23:03.118   650   650 I chatty  : uid=1000(system) /system/bin/surfaceflinger identical 4 lines
07-03 15:23:03.118   650   650 D Layer   : Skip in Layer::computeScreenBounds 1
07-03 15:23:03.130 25088 25135 D         : addLayerName, tid:25135
07-03 15:23:03.133   650   650 D Layer   : Skip in Layer::computeScreenBounds 1
07-03 15:23:03.134   650   650 I chatty  : uid=1000(system) /system/bin/surfaceflinger identical 6 lines
07-03 15:23:03.134   650   650 D Layer   : Skip in Layer::computeScreenBounds 1
07-03 15:23:03.141   648  1284 E peq_android: volume index exceed range: 65535
07-03 15:23:03.147 25088 25135 D         : addLayerName, tid:25135
07-03 15:23:03.150   650   650 D Layer   : Skip in Layer::computeScreenBounds 1
07-03 15:23:03.151   650   650 I chatty  : uid=1000(system) /system/bin/surfaceflinger identical 6 lines
07-03 15:23:03.152   650   650 D Layer   : Skip in Layer::computeScreenBounds 1
07-03 15:23:03.164   648  1284 E peq_android: volume index exceed range: 65535
07-03 15:23:03.165 25088 25135 D         : addLayerName, tid:25135
07-03 15:23:03.167   650   650 D Layer   : Skip in Layer::computeScreenBounds 1
07-03 15:23:03.169   650   650 I chatty  : uid=1000(system) /system/bin/surfaceflinger identical 6 lines
07-03 15:23:03.169   650   650 D Layer   : Skip in Layer::computeScreenBounds 1
07-03 15:23:03.180 25088 25135 D         : addLayerName, tid:25135
07-03 15:23:03.182   650   650 D Layer   : Skip in Layer::computeScreenBounds 1
07-03 15:23:03.184   650   650 I chatty  : uid=1000(system) /system/bin/surfaceflinger identical 6 lines
07-03 15:23:03.184   650   650 D Layer   : Skip in Layer::computeScreenBounds 1
07-03 15:23:03.187   648  1284 E peq_android: volume index exceed range: 65535
07-03 15:23:03.197 25088 25135 D         : addLayerName, tid:25135
07-03 15:23:03.199   650   650 D Layer   : Skip in Layer::computeScreenBounds 1
07-03 15:23:03.200   650   650 I chatty  : uid=1000(system) /system/bin/surfaceflinger identical 6 lines
07-03 15:23:03.200   650   650 D Layer   : Skip in Layer::computeScreenBounds 1
07-03 15:23:03.210   648  1284 E peq_android: volume index exceed range: 65535
07-03 15:23:03.214 25088 25135 D         : addLayerName, tid:25135
07-03 15:23:03.215   650   650 D Layer   : Skip in Layer::computeScreenBounds 1
07-03 15:23:03.217   650   650 I chatty  : uid=1000(system) /system/bin/surfaceflinger identical 6 lines
07-03 15:23:03.217   650   650 D Layer   : Skip in Layer::computeScreenBounds 1
07-03 15:23:03.229 25088 25135 D         : addLayerName, tid:25135
07-03 15:23:03.231   650   650 D Layer   : Skip in Layer::computeScreenBounds 1
07-03 15:23:03.232   650   650 I chatty  : uid=1000(system) /system/bin/surfaceflinger identical 6 lines
07-03 15:23:03.233   650   650 D Layer   : Skip in Layer::computeScreenBounds 1
07-03 15:23:03.234   648  1284 E peq_android: volume index exceed range: 65535
07-03 15:23:03.246 25088 25135 D         : addLayerName, tid:25135
07-03 15:23:03.248   650   650 D Layer   : Skip in Layer::computeScreenBounds 1
07-03 15:23:03.250   650   650 I chatty  : uid=1000(system) /system/bin/surfaceflinger identical 6 lines
07-03 15:23:03.250   650   650 D Layer   : Skip in Layer::computeScreenBounds 1
07-03 15:23:03.257   648  1284 E peq_android: volume index exceed range: 65535
07-03 15:23:03.261 24694 25289 W QueryController: Could not detect idle state.
07-03 15:23:03.264 25088 25135 D         : addLayerName, tid:25135
07-03 15:23:03.266   650   650 D Layer   : Skip in Layer::computeScreenBounds 1
07-03 15:23:03.266   650   650 D Layer   : Skip in Layer::computeScreenBounds 1
07-03 15:23:03.267 24694 25289 W AccessibilityInteractionClient: old interaction Id is: -1,current interaction Id is:259
07-03 15:23:03.267   650   650 D Layer   : Skip in Layer::computeScreenBounds 1
07-03 15:23:03.268   650   650 I chatty  : uid=1000(system) /system/bin/surfaceflinger identical 4 lines
07-03 15:23:03.268   650   650 D Layer   : Skip in Layer::computeScreenBounds 1
07-03 15:23:03.279 25088 25135 D         : addLayerName, tid:25135
07-03 15:23:03.280   648  1284 E peq_android: volume index exceed range: 65535
07-03 15:23:03.282   650   650 D Layer   : Skip in Layer::computeScreenBounds 1
07-03 15:23:03.283   650   650 I chatty  : uid=1000(system) /system/bin/surfaceflinger identical 6 lines
07-03 15:23:03.283   650   650 D Layer   : Skip in Layer::computeScreenBounds 1
07-03 15:23:03.296 25088 25135 D         : addLayerName, tid:25135
07-03 15:23:03.298   650   650 D Layer   : Skip in Layer::computeScreenBounds 1
07-03 15:23:03.301   650   650 I chatty  : uid=1000(system) /system/bin/surfaceflinger identical 6 lines
07-03 15:23:03.301   650   650 D Layer   : Skip in Layer::computeScreenBounds 1
07-03 15:23:03.305   648  1284 E peq_android: volume index exceed range: 65535
07-03 15:23:03.313 25088 25135 D         : addLayerName, tid:25135
07-03 15:23:03.315   650   650 D Layer   : Skip in Layer::computeScreenBounds 1
07-03 15:23:03.317   650   650 I chatty  : uid=1000(system) /system/bin/surfaceflinger identical 6 lines
07-03 15:23:03.317   650   650 D Layer   : Skip in Layer::computeScreenBounds 1
07-03 15:23:03.329 25088 25135 D         : addLayerName, tid:25135
07-03 15:23:03.329   648  1284 E peq_android: volume index exceed range: 65535
07-03 15:23:03.331 24694 25289 W AccessibilityInteractionClient: old interaction Id is: -1,current interaction Id is:260
07-03 15:23:03.331   650   650 D Layer   : Skip in Layer::computeScreenBounds 1
07-03 15:23:03.333   650   650 I chatty  : uid=1000(system) /system/bin/surfaceflinger identical 6 lines
07-03 15:23:03.333   650   650 D Layer   : Skip in Layer::computeScreenBounds 1
07-03 15:23:03.346 25088 25135 D         : addLayerName, tid:25135
07-03 15:23:03.348 24694 25289 W AccessibilityInteractionClient: old interaction Id is: -1,current interaction Id is:261
07-03 15:23:03.348   650   650 D Layer   : Skip in Layer::computeScreenBounds 1
07-03 15:23:03.351   650   650 I chatty  : uid=1000(system) /system/bin/surfaceflinger identical 6 lines
07-03 15:23:03.351   650   650 D Layer   : Skip in Layer::computeScreenBounds 1
07-03 15:23:03.353   648  1284 E peq_android: volume index exceed range: 65535
07-03 15:23:03.364 25088 25135 D         : addLayerName, tid:25135
07-03 15:23:03.365   650   650 D Layer   : Skip in Layer::computeScreenBounds 1
07-03 15:23:03.366   650   650 I chatty  : uid=1000(system) /system/bin/surfaceflinger identical 6 lines
07-03 15:23:03.366   650   650 D Layer   : Skip in Layer::computeScreenBounds 1
07-03 15:23:03.376   648  1284 E peq_android: volume index exceed range: 65535
07-03 15:23:03.381   650   650 D Layer   : Skip in Layer::computeScreenBounds 1
07-03 15:23:03.383   650   650 I chatty  : uid=1000(system) /system/bin/surfaceflinger identical 4 lines
07-03 15:23:03.383   650   650 D Layer   : Skip in Layer::computeScreenBounds 1
07-03 15:23:03.383 25088 25135 D         : addLayerName, tid:25135
07-03 15:23:03.383   650   650 D Layer   : Skip in Layer::computeScreenBounds 1
07-03 15:23:03.383   650   650 D Layer   : Skip in Layer::computeScreenBounds 1
07-03 15:23:03.395 25088 25135 D         : addLayerName, tid:25135
07-03 15:23:03.397   650   650 D Layer   : Skip in Layer::computeScreenBounds 1
07-03 15:23:03.398   650   650 I chatty  : uid=1000(system) /system/bin/surfaceflinger identical 6 lines
07-03 15:23:03.398   650   650 D Layer   : Skip in Layer::computeScreenBounds 1
07-03 15:23:03.398   648  1284 E peq_android: volume index exceed range: 65535
07-03 15:23:03.413 25088 25135 D         : addLayerName, tid:25135
07-03 15:23:03.416   650   650 D Layer   : Skip in Layer::computeScreenBounds 1
07-03 15:23:03.417   650   650 I chatty  : uid=1000(system) /system/bin/surfaceflinger identical 6 lines
07-03 15:23:03.417   650   650 D Layer   : Skip in Layer::computeScreenBounds 1
07-03 15:23:03.423   648  1284 E peq_android: volume index exceed range: 65535
07-03 15:23:03.431   650   650 D Layer   : Skip in Layer::computeScreenBounds 1
07-03 15:23:03.432   650   650 I chatty  : uid=1000(system) /system/bin/surfaceflinger identical 6 lines
07-03 15:23:03.432   650   650 D Layer   : Skip in Layer::computeScreenBounds 1
07-03 15:23:03.434 25088 25135 D         : addLayerName, tid:25135
07-03 15:23:03.445   648  1284 E peq_android: volume index exceed range: 65535
07-03 15:23:03.447   650   650 D Layer   : Skip in Layer::computeScreenBounds 1
07-03 15:23:03.447 25088 25135 D         : addLayerName, tid:25135
07-03 15:23:03.447   650   650 D Layer   : Skip in Layer::computeScreenBounds 1
07-03 15:23:03.448   650   650 I chatty  : uid=1000(system) /system/bin/surfaceflinger identical 5 lines
07-03 15:23:03.448   650   650 D Layer   : Skip in Layer::computeScreenBounds 1
07-03 15:23:03.463 25088 25135 D         : addLayerName, tid:25135
07-03 15:23:03.463   650   650 D Layer   : Skip in Layer::computeScreenBounds 1
07-03 15:23:03.464   650   650 I chatty  : uid=1000(system) /system/bin/surfaceflinger identical 6 lines
07-03 15:23:03.464   650   650 D Layer   : Skip in Layer::computeScreenBounds 1
07-03 15:23:03.469   648  1284 E peq_android: volume index exceed range: 65535
07-03 15:23:03.478 25088 25135 D         : addLayerName, tid:25135
07-03 15:23:03.481   650   650 D Layer   : Skip in Layer::computeScreenBounds 1
07-03 15:23:03.482   650   650 I chatty  : uid=1000(system) /system/bin/surfaceflinger identical 6 lines
07-03 15:23:03.482   650   650 D Layer   : Skip in Layer::computeScreenBounds 1
07-03 15:23:03.492   648  1284 E peq_android: volume index exceed range: 65535
07-03 15:23:03.492   789   909 D SensorHub: Get acc data 0.176596, -0.015735, 9.956346
07-03 15:23:03.495 25088 25135 D         : addLayerName, tid:25135
07-03 15:23:03.496   650   650 D Layer   : Skip in Layer::computeScreenBounds 1
07-03 15:23:03.497   650   650 I chatty  : uid=1000(system) /system/bin/surfaceflinger identical 6 lines
07-03 15:23:03.497   650   650 D Layer   : Skip in Layer::computeScreenBounds 1
07-03 15:23:03.511 25088 25135 D         : addLayerName, tid:25135
07-03 15:23:03.513   650   650 D Layer   : Skip in Layer::computeScreenBounds 1
07-03 15:23:03.515   650   650 I chatty  : uid=1000(system) /system/bin/surfaceflinger identical 6 lines
07-03 15:23:03.515   650   650 D Layer   : Skip in Layer::computeScreenBounds 1
07-03 15:23:03.518   648  1284 E peq_android: volume index exceed range: 65535
07-03 15:23:03.527 25088 25135 D         : addLayerName, tid:25135
07-03 15:23:03.530   650   650 D Layer   : Skip in Layer::computeScreenBounds 1
07-03 15:23:03.532   650   650 I chatty  : uid=1000(system) /system/bin/surfaceflinger identical 6 lines
07-03 15:23:03.532   650   650 D Layer   : Skip in Layer::computeScreenBounds 1
07-03 15:23:03.541   648  1284 E peq_android: volume index exceed range: 65535
07-03 15:23:03.543 25088 25135 D         : addLayerName, tid:25135
07-03 15:23:03.547   650   650 D Layer   : Skip in Layer::computeScreenBounds 1
07-03 15:23:03.548   650   650 I chatty  : uid=1000(system) /system/bin/surfaceflinger identical 6 lines
07-03 15:23:03.548   650   650 D Layer   : Skip in Layer::computeScreenBounds 1
07-03 15:23:03.562 25088 25135 D         : addLayerName, tid:25135
07-03 15:23:03.562   650   650 D Layer   : Skip in Layer::computeScreenBounds 1
07-03 15:23:03.564   650   650 I chatty  : uid=1000(system) /system/bin/surfaceflinger identical 6 lines
07-03 15:23:03.564   650   650 D Layer   : Skip in Layer::computeScreenBounds 1
07-03 15:23:03.566   648  1284 E peq_android: volume index exceed range: 65535
07-03 15:23:03.577 25088 25135 D         : addLayerName, tid:25135
07-03 15:23:03.579   650   650 D Layer   : Skip in Layer::computeScreenBounds 1
07-03 15:23:03.581   650   650 I chatty  : uid=1000(system) /system/bin/surfaceflinger identical 6 lines
07-03 15:23:03.581   650   650 D Layer   : Skip in Layer::computeScreenBounds 1
07-03 15:23:03.589   648  1284 E peq_android: volume index exceed range: 65535
07-03 15:23:03.593 25088 25135 D         : addLayerName, tid:25135
07-03 15:23:03.595   650   650 D Layer   : Skip in Layer::computeScreenBounds 1
07-03 15:23:03.597   650   650 I chatty  : uid=1000(system) /system/bin/surfaceflinger identical 6 lines
07-03 15:23:03.597   650   650 D Layer   : Skip in Layer::computeScreenBounds 1
07-03 15:23:03.611 25088 25135 D         : addLayerName, tid:25135
07-03 15:23:03.614   648  1284 E peq_android: volume index exceed range: 65535
07-03 15:23:03.614   650   650 D Layer   : Skip in Layer::computeScreenBounds 1
07-03 15:23:03.616   650   650 I chatty  : uid=1000(system) /system/bin/surfaceflinger identical 6 lines
07-03 15:23:03.616   650   650 D Layer   : Skip in Layer::computeScreenBounds 1
07-03 15:23:03.625 25088 25135 D         : addLayerName, tid:25135
07-03 15:23:03.628   650   650 D Layer   : Skip in Layer::computeScreenBounds 1
07-03 15:23:03.629   650   650 I chatty  : uid=1000(system) /system/bin/surfaceflinger identical 6 lines
07-03 15:23:03.629   650   650 D Layer   : Skip in Layer::computeScreenBounds 1
07-03 15:23:03.638   648  1284 E peq_android: volume index exceed range: 65535
07-03 15:23:03.643 25088 25135 D         : addLayerName, tid:25135
07-03 15:23:03.645   650   650 D Layer   : Skip in Layer::computeScreenBounds 1
07-03 15:23:03.647   650   650 I chatty  : uid=1000(system) /system/bin/surfaceflinger identical 6 lines
07-03 15:23:03.647   650   650 D Layer   : Skip in Layer::computeScreenBounds 1
07-03 15:23:03.660 25088 25135 D         : addLayerName, tid:25135
07-03 15:23:03.661   648  1284 E peq_android: volume index exceed range: 65535
07-03 15:23:03.661   650   650 D Layer   : Skip in Layer::computeScreenBounds 1
07-03 15:23:03.663   650   650 I chatty  : uid=1000(system) /system/bin/surfaceflinger identical 6 lines
07-03 15:23:03.663   650   650 D Layer   : Skip in Layer::computeScreenBounds 1
07-03 15:23:03.675 25088 25135 D         : addLayerName, tid:25135
07-03 15:23:03.678   650   650 D Layer   : Skip in Layer::computeScreenBounds 1
07-03 15:23:03.680   650   650 I chatty  : uid=1000(system) /system/bin/surfaceflinger identical 6 lines
07-03 15:23:03.680   650   650 D Layer   : Skip in Layer::computeScreenBounds 1
07-03 15:23:03.685   648  1284 E peq_android: volume index exceed range: 65535
07-03 15:23:03.692 25088 25135 D         : addLayerName, tid:25135
07-03 15:23:03.695   650   650 D Layer   : Skip in Layer::computeScreenBounds 1
07-03 15:23:03.697   650   650 I chatty  : uid=1000(system) /system/bin/surfaceflinger identical 6 lines
07-03 15:23:03.697   650   650 D Layer   : Skip in Layer::computeScreenBounds 1
07-03 15:23:03.707 25088 25135 D         : addLayerName, tid:25135
07-03 15:23:03.709   648  1284 E peq_android: volume index exceed range: 65535
07-03 15:23:03.710   650   650 D Layer   : Skip in Layer::computeScreenBounds 1
07-03 15:23:03.711   650   650 I chatty  : uid=1000(system) /system/bin/surfaceflinger identical 6 lines
07-03 15:23:03.711   650   650 D Layer   : Skip in Layer::computeScreenBounds 1
07-03 15:23:03.724 25088 25135 D         : addLayerName, tid:25135
07-03 15:23:03.728   650   650 D Layer   : Skip in Layer::computeScreenBounds 1
07-03 15:23:03.729   650   650 I chatty  : uid=1000(system) /system/bin/surfaceflinger identical 6 lines
07-03 15:23:03.729   650   650 D Layer   : Skip in Layer::computeScreenBounds 1
07-03 15:23:03.732   648  1284 E peq_android: volume index exceed range: 65535
07-03 15:23:03.742 25088 25135 D         : addLayerName, tid:25135
07-03 15:23:03.744   650   650 D Layer   : Skip in Layer::computeScreenBounds 1
07-03 15:23:03.747   650   650 I chatty  : uid=1000(system) /system/bin/surfaceflinger identical 6 lines
07-03 15:23:03.747   650   650 D Layer   : Skip in Layer::computeScreenBounds 1
07-03 15:23:03.756   648  1284 E peq_android: volume index exceed range: 65535
07-03 15:23:03.760 25088 25135 D         : addLayerName, tid:25135
07-03 15:23:03.762   650   650 D Layer   : Skip in Layer::computeScreenBounds 1
07-03 15:23:03.779   650   650 I chatty  : uid=1000(system) /system/bin/surfaceflinger identical 14 lines
07-03 15:23:03.779   650   650 D Layer   : Skip in Layer::computeScreenBounds 1
07-03 15:23:03.780   648  1284 E peq_android: volume index exceed range: 65535
07-03 15:23:03.780 25088 25135 D         : addLayerName, tid:25135
07-03 15:23:03.790 25088 25135 D         : addLayerName, tid:25135
07-03 15:23:03.793   650   650 D Layer   : Skip in Layer::computeScreenBounds 1
07-03 15:23:03.795   650   650 I chatty  : uid=1000(system) /system/bin/surfaceflinger identical 6 lines
07-03 15:23:03.795   650   650 D Layer   : Skip in Layer::computeScreenBounds 1
07-03 15:23:03.803   648  1284 E peq_android: volume index exceed range: 65535
07-03 15:23:03.807 25088 25135 D         : addLayerName, tid:25135
07-03 15:23:03.810   650   650 D Layer   : Skip in Layer::computeScreenBounds 1
07-03 15:23:03.812   650   650 I chatty  : uid=1000(system) /system/bin/surfaceflinger identical 6 lines
07-03 15:23:03.812   650   650 D Layer   : Skip in Layer::computeScreenBounds 1
07-03 15:23:03.823 25088 25135 D         : addLayerName, tid:25135
07-03 15:23:03.826   650   650 D Layer   : Skip in Layer::computeScreenBounds 1
07-03 15:23:03.826   650   650 D Layer   : Skip in Layer::computeScreenBounds 1
07-03 15:23:03.827   648  1284 E peq_android: volume index exceed range: 65535
07-03 15:23:03.827   650   650 D Layer   : Skip in Layer::computeScreenBounds 1
07-03 15:23:03.828   650   650 I chatty  : uid=1000(system) /system/bin/surfaceflinger identical 4 lines
07-03 15:23:03.828   650   650 D Layer   : Skip in Layer::computeScreenBounds 1
07-03 15:23:03.841 25088 25135 D         : addLayerName, tid:25135
07-03 15:23:03.841   635   635 I AISched FPS: currentfps 60,detected fps 60,flag 0,high 30,low 10,sleepPercent 0.869649,old 8,new 8
07-03 15:23:03.843   650   650 D Layer   : Skip in Layer::computeScreenBounds 1
07-03 15:23:03.845   650   650 I chatty  : uid=1000(system) /system/bin/surfaceflinger identical 6 lines
07-03 15:23:03.845   650   650 D Layer   : Skip in Layer::computeScreenBounds 1
07-03 15:23:03.851   648  1284 E peq_android: volume index exceed range: 65535
07-03 15:23:03.859   650   650 D Layer   : Skip in Layer::computeScreenBounds 1
07-03 15:23:03.860   650   650 I chatty  : uid=1000(system) /system/bin/surfaceflinger identical 6 lines
07-03 15:23:03.860   650   650 D Layer   : Skip in Layer::computeScreenBounds 1
07-03 15:23:03.862 25088 25135 D         : addLayerName, tid:25135
07-03 15:23:03.872 25088 25135 D         : addLayerName, tid:25135
07-03 15:23:03.875   650   650 D Layer   : Skip in Layer::computeScreenBounds 1
07-03 15:23:03.875   650   650 D Layer   : Skip in Layer::computeScreenBounds 1
07-03 15:23:03.875   648  1284 E peq_android: volume index exceed range: 65535
07-03 15:23:03.875   650   650 D Layer   : Skip in Layer::computeScreenBounds 1
07-03 15:23:03.876   650   650 I chatty  : uid=1000(system) /system/bin/surfaceflinger identical 4 lines
07-03 15:23:03.876   650   650 D Layer   : Skip in Layer::computeScreenBounds 1
07-03 15:23:03.888 25088 25135 D         : addLayerName, tid:25135
07-03 15:23:03.891   650   650 D Layer   : Skip in Layer::computeScreenBounds 1
07-03 15:23:03.892   650   650 I chatty  : uid=1000(system) /system/bin/surfaceflinger identical 6 lines
07-03 15:23:03.892   650   650 D Layer   : Skip in Layer::computeScreenBounds 1
07-03 15:23:03.898   648  1284 E peq_android: volume index exceed range: 65535
07-03 15:23:03.907 25088 25135 D         : addLayerName, tid:25135
07-03 15:23:03.911   650   650 D Layer   : Skip in Layer::computeScreenBounds 1
07-03 15:23:03.912   650   650 I chatty  : uid=1000(system) /system/bin/surfaceflinger identical 6 lines
07-03 15:23:03.912   650   650 D Layer   : Skip in Layer::computeScreenBounds 1
07-03 15:23:03.922   648  1284 E peq_android: volume index exceed range: 65535
07-03 15:23:03.923 25088 25135 D         : addLayerName, tid:25135
07-03 15:23:03.925   650   650 D Layer   : Skip in Layer::computeScreenBounds 1
07-03 15:23:03.928   650   650 I chatty  : uid=1000(system) /system/bin/surfaceflinger identical 6 lines
07-03 15:23:03.928   650   650 D Layer   : Skip in Layer::computeScreenBounds 1
07-03 15:23:03.940 25088 25135 D         : addLayerName, tid:25135
07-03 15:23:03.942   650   650 D Layer   : Skip in Layer::computeScreenBounds 1
07-03 15:23:03.944   650   650 I chatty  : uid=1000(system) /system/bin/surfaceflinger identical 6 lines
07-03 15:23:03.944   650   650 D Layer   : Skip in Layer::computeScreenBounds 1
07-03 15:23:03.946   648  1284 E peq_android: volume index exceed range: 65535
07-03 15:23:03.958 25088 25135 D         : addLayerName, tid:25135
07-03 15:23:03.959   650   650 D Layer   : Skip in Layer::computeScreenBounds 1
07-03 15:23:03.961   650   650 I chatty  : uid=1000(system) /system/bin/surfaceflinger identical 6 lines
07-03 15:23:03.961   650   650 D Layer   : Skip in Layer::computeScreenBounds 1
07-03 15:23:03.970   648  1284 E peq_android: volume index exceed range: 65535
07-03 15:23:03.972 25088 25135 D         : addLayerName, tid:25135
07-03 15:23:03.976   650   650 D Layer   : Skip in Layer::computeScreenBounds 1
07-03 15:23:03.992   650   650 I chatty  : uid=1000(system) /system/bin/surfaceflinger identical 8 lines
07-03 15:23:03.992   650   650 D Layer   : Skip in Layer::computeScreenBounds 1
07-03 15:23:03.992 25088 25135 D         : addLayerName, tid:25135
07-03 15:23:03.993   650   650 D Layer   : Skip in Layer::computeScreenBounds 1
07-03 15:23:03.994   650   650 I chatty  : uid=1000(system) /system/bin/surfaceflinger identical 4 lines
07-03 15:23:03.994   650   650 D Layer   : Skip in Layer::computeScreenBounds 1
07-03 15:23:03.996   648  1284 E peq_android: volume index exceed range: 65535
07-03 15:23:04.008 25088 25135 D         : addLayerName, tid:25135
07-03 15:23:04.008   650   650 D Layer   : Skip in Layer::computeScreenBounds 1
07-03 15:23:04.010   650   650 I chatty  : uid=1000(system) /system/bin/surfaceflinger identical 6 lines
07-03 15:23:04.010   650   650 D Layer   : Skip in Layer::computeScreenBounds 1
07-03 15:23:04.019   648  1284 E peq_android: volume index exceed range: 65535
07-03 15:23:04.024 25088 25135 D         : addLayerName, tid:25135
07-03 15:23:04.025   650   650 D Layer   : Skip in Layer::computeScreenBounds 1
07-03 15:23:04.027   650   650 I chatty  : uid=1000(system) /system/bin/surfaceflinger identical 6 lines
07-03 15:23:04.027   650   650 D Layer   : Skip in Layer::computeScreenBounds 1
07-03 15:23:04.038 25088 25135 D         : addLayerName, tid:25135
07-03 15:23:04.042   650   650 D Layer   : Skip in Layer::computeScreenBounds 1
07-03 15:23:04.043   650   650 I chatty  : uid=1000(system) /system/bin/surfaceflinger identical 6 lines
07-03 15:23:04.043   650   650 D Layer   : Skip in Layer::computeScreenBounds 1
07-03 15:23:04.047   648  1284 E peq_android: volume index exceed range: 65535
07-03 15:23:04.058   650   650 D Layer   : Skip in Layer::computeScreenBounds 1
07-03 15:23:04.059   650   650 I chatty  : uid=1000(system) /system/bin/surfaceflinger identical 6 lines
07-03 15:23:04.059   650   650 D Layer   : Skip in Layer::computeScreenBounds 1
07-03 15:23:04.061 25088 25135 D         : addLayerName, tid:25135
07-03 15:23:04.069   648  1284 E peq_android: volume index exceed range: 65535
07-03 15:23:04.070 25088 25135 D         : addLayerName, tid:25135
07-03 15:23:04.073   650   650 D Layer   : Skip in Layer::computeScreenBounds 1
07-03 15:23:04.074   650   650 I chatty  : uid=1000(system) /system/bin/surfaceflinger identical 6 lines
07-03 15:23:04.074   650   650 D Layer   : Skip in Layer::computeScreenBounds 1
07-03 15:23:04.088 25088 25135 D         : addLayerName, tid:25135
07-03 15:23:04.089   650   650 D Layer   : Skip in Layer::computeScreenBounds 1
07-03 15:23:04.090   650   650 I chatty  : uid=1000(system) /system/bin/surfaceflinger identical 6 lines
07-03 15:23:04.090   650   650 D Layer   : Skip in Layer::computeScreenBounds 1
07-03 15:23:04.092   648  1284 E peq_android: volume index exceed range: 65535
07-03 15:23:04.104 25088 25135 D         : addLayerName, tid:25135
07-03 15:23:04.107   650   650 D Layer   : Skip in Layer::computeScreenBounds 1
07-03 15:23:04.108   650   650 I chatty  : uid=1000(system) /system/bin/surfaceflinger identical 6 lines
07-03 15:23:04.109   650   650 D Layer   : Skip in Layer::computeScreenBounds 1
07-03 15:23:04.116   648  1284 E peq_android: volume index exceed range: 65535
07-03 15:23:04.123 25088 25135 D         : addLayerName, tid:25135
07-03 15:23:04.124   650   650 D Layer   : Skip in Layer::computeScreenBounds 1
07-03 15:23:04.126   650   650 I chatty  : uid=1000(system) /system/bin/surfaceflinger identical 6 lines
07-03 15:23:04.126   650   650 D Layer   : Skip in Layer::computeScreenBounds 1
07-03 15:23:04.139 25088 25135 D         : addLayerName, tid:25135
07-03 15:23:04.139   635   635 I GameScheduler: Period: 18181, Loss Average: -1668, Idle Average: 13785
07-03 15:23:04.139   648  1284 E peq_android: volume index exceed range: 65535
07-03 15:23:04.139   635   635 I GameScheduler: Prefered margin = 500
07-03 15:23:04.141   650   650 D Layer   : Skip in Layer::computeScreenBounds 1
07-03 15:23:04.142   650   650 I chatty  : uid=1000(system) /system/bin/surfaceflinger identical 6 lines
07-03 15:23:04.142   650   650 D Layer   : Skip in Layer::computeScreenBounds 1
07-03 15:23:04.146  1114  1790 W Watchdog: hungtask: writing kick
07-03 15:23:04.147  1114  1240 I EventHub: EventHub monitor: no key events in the past 81520s, no motion events in the past 118s
07-03 15:23:04.153 25088 25135 D         : addLayerName, tid:25135
07-03 15:23:04.156   650   650 D Layer   : Skip in Layer::computeScreenBounds 1
07-03 15:23:04.158   650   650 I chatty  : uid=1000(system) /system/bin/surfaceflinger identical 6 lines
07-03 15:23:04.158   650   650 D Layer   : Skip in Layer::computeScreenBounds 1
07-03 15:23:04.162   648  1284 E peq_android: volume index exceed range: 65535
07-03 15:23:04.171 25088 25135 D         : addLayerName, tid:25135
07-03 15:23:04.173   650   650 D Layer   : Skip in Layer::computeScreenBounds 1
07-03 15:23:04.175   650   650 I chatty  : uid=1000(system) /system/bin/surfaceflinger identical 6 lines
07-03 15:23:04.175   650   650 D Layer   : Skip in Layer::computeScreenBounds 1
07-03 15:23:04.186   648  1284 E peq_android: volume index exceed range: 65535
07-03 15:23:04.187 25088 25135 D         : addLayerName, tid:25135
07-03 15:23:04.191   650   650 D Layer   : Skip in Layer::computeScreenBounds 1
07-03 15:23:04.192   650   650 I chatty  : uid=1000(system) /system/bin/surfaceflinger identical 6 lines
07-03 15:23:04.192   650   650 D Layer   : Skip in Layer::computeScreenBounds 1
07-03 15:23:04.204 25088 25135 D         : addLayerName, tid:25135
07-03 15:23:04.206   650   650 D Layer   : Skip in Layer::computeScreenBounds 1
07-03 15:23:04.208   650   650 I chatty  : uid=1000(system) /system/bin/surfaceflinger identical 6 lines
07-03 15:23:04.208   650   650 D Layer   : Skip in Layer::computeScreenBounds 1
07-03 15:23:04.210   648  1284 E peq_android: volume index exceed range: 65535
07-03 15:23:04.223 25088 25135 D         : addLayerName, tid:25135
07-03 15:23:04.223   650   650 D Layer   : Skip in Layer::computeScreenBounds 1
07-03 15:23:04.225   650   650 I chatty  : uid=1000(system) /system/bin/surfaceflinger identical 6 lines
07-03 15:23:04.225   650   650 D Layer   : Skip in Layer::computeScreenBounds 1
07-03 15:23:04.230  1114  1611 D HwArpVerifier: performPollAndLog:
07-03 15:23:04.233   648  1284 E peq_android: volume index exceed range: 65535
07-03 15:23:04.237  1114  1611 D hw_netstat: total/230024/17678616,android.uid.shell:2000/227080/17678204,unknown:0/2359/0,com.mixgo.PropertySEO/585/52,com.google.uid.shared:10021/0/360
07-03 15:23:04.238 25088 25135 D         : addLayerName, tid:25135
07-03 15:23:04.240   650   650 D Layer   : Skip in Layer::computeScreenBounds 1
07-03 15:23:04.256   650   650 I chatty  : uid=1000(system) /system/bin/surfaceflinger identical 10 lines
07-03 15:23:04.256   648  1284 E peq_android: volume index exceed range: 65535
07-03 15:23:04.256   650   650 D Layer   : Skip in Layer::computeScreenBounds 1
07-03 15:23:04.257   650   650 D Layer   : Skip in Layer::computeScreenBounds 1
07-03 15:23:04.257   650   650 I chatty  : uid=1000(system) /system/bin/surfaceflinger identical 2 lines
07-03 15:23:04.257   650   650 D Layer   : Skip in Layer::computeScreenBounds 1
07-03 15:23:04.258 25088 25135 D         : addLayerName, tid:25135
07-03 15:23:04.269 25088 25135 D         : addLayerName, tid:25135
07-03 15:23:04.272   650   650 D Layer   : Skip in Layer::computeScreenBounds 1
07-03 15:23:04.273   650   650 I chatty  : uid=1000(system) /system/bin/surfaceflinger identical 6 lines
07-03 15:23:04.273   650   650 D Layer   : Skip in Layer::computeScreenBounds 1
07-03 15:23:04.280   648  1284 E peq_android: volume index exceed range: 65535
07-03 15:23:04.286 25088 25135 D         : addLayerName, tid:25135
07-03 15:23:04.288   650   650 D Layer   : Skip in Layer::computeScreenBounds 1
07-03 15:23:04.291   650   650 I chatty  : uid=1000(system) /system/bin/surfaceflinger identical 6 lines
07-03 15:23:04.291   650   650 D Layer   : Skip in Layer::computeScreenBounds 1
07-03 15:23:04.302 25088 25135 D         : addLayerName, tid:25135
07-03 15:23:04.303   635   635 I GameScheduler: FPS stat: target-55; actual-60.45
07-03 15:23:04.303   635   635 I GameScheduler: cluster 1 cpu freq stat: 1018-550;
07-03 15:23:04.303   635   635 I GameScheduler: ddr freq stat: 415-550;
07-03 15:23:04.303   635   635 I GameScheduler: boost count stat: 0-531;1-19;
07-03 15:23:04.303   648  1284 E peq_android: volume index exceed range: 65535
07-03 15:23:04.305   650   650 D Layer   : Skip in Layer::computeScreenBounds 1
07-03 15:23:04.324   650   650 I chatty  : uid=1000(system) /system/bin/surfaceflinger identical 14 lines
07-03 15:23:04.324   650   650 D Layer   : Skip in Layer::computeScreenBounds 1
07-03 15:23:04.326   648  1284 E peq_android: volume index exceed range: 65535
07-03 15:23:04.327 25088 25135 D         : addLayerName, tid:25135
07-03 15:23:04.336 25088 25135 D         : addLayerName, tid:25135
07-03 15:23:04.337   650   650 D Layer   : Skip in Layer::computeScreenBounds 1
07-03 15:23:04.338   650   650 I chatty  : uid=1000(system) /system/bin/surfaceflinger identical 6 lines
07-03 15:23:04.338   650   650 D Layer   : Skip in Layer::computeScreenBounds 1
07-03 15:23:04.349   648  1284 E peq_android: volume index exceed range: 65535
07-03 15:23:04.354 25088 25135 D         : addLayerName, tid:25135
07-03 15:23:04.354   650   650 D Layer   : Skip in Layer::computeScreenBounds 1
07-03 15:23:04.355   650   650 I chatty  : uid=1000(system) /system/bin/surfaceflinger identical 6 lines
07-03 15:23:04.355   650   650 D Layer   : Skip in Layer::computeScreenBounds 1
07-03 15:23:04.370 25088 25135 D         : addLayerName, tid:25135
07-03 15:23:04.372   650   650 D Layer   : Skip in Layer::computeScreenBounds 1
07-03 15:23:04.372   650   650 D Layer   : Skip in Layer::computeScreenBounds 1
07-03 15:23:04.373   648  1284 E peq_android: volume index exceed range: 65535
07-03 15:23:04.373   650   650 D Layer   : Skip in Layer::computeScreenBounds 1
07-03 15:23:04.375   650   650 I chatty  : uid=1000(system) /system/bin/surfaceflinger identical 4 lines
07-03 15:23:04.375   650   650 D Layer   : Skip in Layer::computeScreenBounds 1
07-03 15:23:04.386 25088 25135 D         : addLayerName, tid:25135
07-03 15:23:04.388   650   650 D Layer   : Skip in Layer::computeScreenBounds 1
07-03 15:23:04.391   650   650 I chatty  : uid=1000(system) /system/bin/surfaceflinger identical 6 lines
07-03 15:23:04.391   650   650 D Layer   : Skip in Layer::computeScreenBounds 1
07-03 15:23:04.396   648  1284 E peq_android: volume index exceed range: 65535
07-03 15:23:04.404   650   650 D Layer   : Skip in Layer::computeScreenBounds 1
07-03 15:23:04.405   650   650 I chatty  : uid=1000(system) /system/bin/surfaceflinger identical 6 lines
07-03 15:23:04.405   650   650 D Layer   : Skip in Layer::computeScreenBounds 1
07-03 15:23:04.407 25088 25135 D         : addLayerName, tid:25135
07-03 15:23:04.419 25088 25135 D         : addLayerName, tid:25135
07-03 15:23:04.420   648  1284 E peq_android: volume index exceed range: 65535
07-03 15:23:04.423   650   650 D Layer   : Skip in Layer::computeScreenBounds 1
07-03 15:23:04.424   650   650 I chatty  : uid=1000(system) /system/bin/surfaceflinger identical 6 lines
07-03 15:23:04.424   650   650 D Layer   : Skip in Layer::computeScreenBounds 1
07-03 15:23:04.435 25088 25135 D         : addLayerName, tid:25135
07-03 15:23:04.438   650   650 D Layer   : Skip in Layer::computeScreenBounds 1
07-03 15:23:04.439   650   650 I chatty  : uid=1000(system) /system/bin/surfaceflinger identical 6 lines
07-03 15:23:04.439   650   650 D Layer   : Skip in Layer::computeScreenBounds 1
07-03 15:23:04.443   648  1284 E peq_android: volume index exceed range: 65535
07-03 15:23:04.455   650   650 D Layer   : Skip in Layer::computeScreenBounds 1
07-03 15:23:04.456   650   650 I chatty  : uid=1000(system) /system/bin/surfaceflinger identical 6 lines
07-03 15:23:04.456   650   650 D Layer   : Skip in Layer::computeScreenBounds 1
07-03 15:23:04.456 25088 25135 D         : addLayerName, tid:25135
07-03 15:23:04.466   648  1284 E peq_android: volume index exceed range: 65535
07-03 15:23:04.468 25088 25135 D         : addLayerName, tid:25135
07-03 15:23:04.469   650   650 D Layer   : Skip in Layer::computeScreenBounds 1
07-03 15:23:04.470   650   650 I chatty  : uid=1000(system) /system/bin/surfaceflinger identical 6 lines
07-03 15:23:04.470   650   650 D Layer   : Skip in Layer::computeScreenBounds 1
07-03 15:23:04.487 25088 25135 D         : addLayerName, tid:25135
07-03 15:23:04.489   648  1284 E peq_android: volume index exceed range: 65535
07-03 15:23:04.490   650   650 D Layer   : Skip in Layer::computeScreenBounds 1
07-03 15:23:04.492   650   650 I chatty  : uid=1000(system) /system/bin/surfaceflinger identical 6 lines
07-03 15:23:04.492   650   650 D Layer   : Skip in Layer::computeScreenBounds 1
07-03 15:23:04.502 25088 25135 D         : addLayerName, tid:25135
07-03 15:23:04.504   650   650 D Layer   : Skip in Layer::computeScreenBounds 1
07-03 15:23:04.506   650   650 I chatty  : uid=1000(system) /system/bin/surfaceflinger identical 6 lines
07-03 15:23:04.506   650   650 D Layer   : Skip in Layer::computeScreenBounds 1
07-03 15:23:04.512   648  1284 E peq_android: volume index exceed range: 65535
07-03 15:23:04.518 25088 25135 D         : addLayerName, tid:25135
07-03 15:23:04.521   650   650 D Layer   : Skip in Layer::computeScreenBounds 1
07-03 15:23:04.522   650   650 I chatty  : uid=1000(system) /system/bin/surfaceflinger identical 6 lines
07-03 15:23:04.522   650   650 D Layer   : Skip in Layer::computeScreenBounds 1
07-03 15:23:04.535   648  1284 E peq_android: volume index exceed range: 65535
07-03 15:23:04.537   650   650 D Layer   : Skip in Layer::computeScreenBounds 1
07-03 15:23:04.539   650   650 I chatty  : uid=1000(system) /system/bin/surfaceflinger identical 6 lines
07-03 15:23:04.539   650   650 D Layer   : Skip in Layer::computeScreenBounds 1
07-03 15:23:04.541 25088 25135 D         : addLayerName, tid:25135
07-03 15:23:04.549 25088 25135 D         : addLayerName, tid:25135
07-03 15:23:04.551   650   650 D Layer   : Skip in Layer::computeScreenBounds 1
07-03 15:23:04.552   650   650 I chatty  : uid=1000(system) /system/bin/surfaceflinger identical 6 lines
07-03 15:23:04.552   650   650 D Layer   : Skip in Layer::computeScreenBounds 1
07-03 15:23:04.558   648  1284 E peq_android: volume index exceed range: 65535
07-03 15:23:04.566 25088 25135 D         : addLayerName, tid:25135
07-03 15:23:04.568   650   650 D Layer   : Skip in Layer::computeScreenBounds 1
07-03 15:23:04.569   650   650 I chatty  : uid=1000(system) /system/bin/surfaceflinger identical 6 lines
07-03 15:23:04.569   650   650 D Layer   : Skip in Layer::computeScreenBounds 1
07-03 15:23:04.582   648  1284 E peq_android: volume index exceed range: 65535
07-03 15:23:04.584 25088 25135 D         : addLayerName, tid:25135
07-03 15:23:04.587   650   650 D Layer   : Skip in Layer::computeScreenBounds 1
07-03 15:23:04.588   650   650 I chatty  : uid=1000(system) /system/bin/surfaceflinger identical 6 lines
07-03 15:23:04.588   650   650 D Layer   : Skip in Layer::computeScreenBounds 1
07-03 15:23:04.600 25088 25135 D         : addLayerName, tid:25135
07-03 15:23:04.602   646   646 E WifiHAL : enter wifi_get_link_stats
07-03 15:23:04.604   650   650 D Layer   : Skip in Layer::computeScreenBounds 1
07-03 15:23:04.605   650   650 I chatty  : uid=1000(system) /system/bin/surfaceflinger identical 6 lines
07-03 15:23:04.605   650   650 D Layer   : Skip in Layer::computeScreenBounds 1
07-03 15:23:04.607   648  1284 E peq_android: volume index exceed range: 65535
07-03 15:23:04.609 24694 25289 W QueryController: Could not detect idle state.
07-03 15:23:04.612 24694 25289 W AccessibilityInteractionClient: old interaction Id is: -1,current interaction Id is:262
07-03 15:23:04.614  1114  1562 E WificondControl: Noise: -89, Snr: 35, Chload: -1
07-03 15:23:04.615  1114  1562 D HwInnerWifiManagerImpl: SupplicantState = COMPLETED
07-03 15:23:04.615  1114  1562 D HwInnerWifiManagerImpl: isPhoneAP = false
07-03 15:23:04.618  1114  1562 D WifiScoreReport: Score = 60, wifiConnectivityManagerEnabled = false, lowScoreCount = 0
07-03 15:23:04.620   650   650 D Layer   : Skip in Layer::computeScreenBounds 1
07-03 15:23:04.622   650   650 I chatty  : uid=1000(system) /system/bin/surfaceflinger identical 4 lines
07-03 15:23:04.622   650   650 D Layer   : Skip in Layer::computeScreenBounds 1
07-03 15:23:04.623 25088 25135 D         : addLayerName, tid:25135
07-03 15:23:04.623   650   650 D Layer   : Skip in Layer::computeScreenBounds 1
07-03 15:23:04.623   650   650 D Layer   : Skip in Layer::computeScreenBounds 1
07-03 15:23:04.631   648  1284 E peq_android: volume index exceed range: 65535
07-03 15:23:04.632 25088 25135 D         : addLayerName, tid:25135
07-03 15:23:04.634   650   650 D Layer   : Skip in Layer::computeScreenBounds 1
07-03 15:23:04.635   650   650 I chatty  : uid=1000(system) /system/bin/surfaceflinger identical 6 lines
07-03 15:23:04.635   650   650 D Layer   : Skip in Layer::computeScreenBounds 1
07-03 15:23:04.649 25088 25135 D         : addLayerName, tid:25135
07-03 15:23:04.651   650   650 D Layer   : Skip in Layer::computeScreenBounds 1
07-03 15:23:04.652   650   650 I chatty  : uid=1000(system) /system/bin/surfaceflinger identical 6 lines
07-03 15:23:04.652   650   650 D Layer   : Skip in Layer::computeScreenBounds 1
07-03 15:23:04.654   648  1284 E peq_android: volume index exceed range: 65535
07-03 15:23:04.667 25088 25135 D         : addLayerName, tid:25135
07-03 15:23:04.669   650   650 D Layer   : Skip in Layer::computeScreenBounds 1
07-03 15:23:04.670   650   650 I chatty  : uid=1000(system) /system/bin/surfaceflinger identical 6 lines
07-03 15:23:04.670   650   650 D Layer   : Skip in Layer::computeScreenBounds 1
07-03 15:23:04.677   648  1284 E peq_android: volume index exceed range: 65535
07-03 15:23:04.683 25088 25135 D         : addLayerName, tid:25135
07-03 15:23:04.686   650   650 D Layer   : Skip in Layer::computeScreenBounds 1
07-03 15:23:04.687   650   650 I chatty  : uid=1000(system) /system/bin/surfaceflinger identical 6 lines
07-03 15:23:04.687   650   650 D Layer   : Skip in Layer::computeScreenBounds 1
07-03 15:23:04.700   648  1284 E peq_android: volume index exceed range: 65535
07-03 15:23:04.701 24694 25289 W AccessibilityInteractionClient: old interaction Id is: -1,current interaction Id is:263
07-03 15:23:04.704   650   650 D Layer   : Skip in Layer::computeScreenBounds 1
07-03 15:23:04.704 25088 25135 D         : addLayerName, tid:25135
07-03 15:23:04.704   650   650 D Layer   : Skip in Layer::computeScreenBounds 1
07-03 15:23:04.706   650   650 I chatty  : uid=1000(system) /system/bin/surfaceflinger identical 5 lines
07-03 15:23:04.706   650   650 D Layer   : Skip in Layer::computeScreenBounds 1
07-03 15:23:04.716 25088 25135 D         : addLayerName, tid:25135
07-03 15:23:04.718 24694 25289 W AccessibilityInteractionClient: old interaction Id is: -1,current interaction Id is:264
07-03 15:23:04.719   650   650 D Layer   : Skip in Layer::computeScreenBounds 1
07-03 15:23:04.720   650   650 I chatty  : uid=1000(system) /system/bin/surfaceflinger identical 6 lines
07-03 15:23:04.720   650   650 D Layer   : Skip in Layer::computeScreenBounds 1
07-03 15:23:04.723   648  1284 E peq_android: volume index exceed range: 65535
07-03 15:23:04.731 25088 25135 D         : addLayerName, tid:25135
07-03 15:23:04.734   650   650 D Layer   : Skip in Layer::computeScreenBounds 1
07-03 15:23:04.737   650   650 I chatty  : uid=1000(system) /system/bin/surfaceflinger identical 6 lines
07-03 15:23:04.737   650   650 D Layer   : Skip in Layer::computeScreenBounds 1
07-03 15:23:04.747   648  1284 E peq_android: volume index exceed range: 65535
07-03 15:23:04.749 25088 25135 D         : addLayerName, tid:25135
07-03 15:23:04.751   650   650 D Layer   : Skip in Layer::computeScreenBounds 1
07-03 15:23:04.753   650   650 I chatty  : uid=1000(system) /system/bin/surfaceflinger identical 6 lines
07-03 15:23:04.753   650   650 D Layer   : Skip in Layer::computeScreenBounds 1
07-03 15:23:04.765 25088 25135 D         : addLayerName, tid:25135
07-03 15:23:04.767   650   650 D Layer   : Skip in Layer::computeScreenBounds 1
07-03 15:23:04.768   650   650 I chatty  : uid=1000(system) /system/bin/surfaceflinger identical 6 lines
07-03 15:23:04.768   650   650 D Layer   : Skip in Layer::computeScreenBounds 1
07-03 15:23:04.771   648  1284 E peq_android: volume index exceed range: 65535
07-03 15:23:04.781 25088 25135 D         : addLayerName, tid:25135
07-03 15:23:04.784   650   650 D Layer   : Skip in Layer::computeScreenBounds 1
07-03 15:23:04.785   650   650 I chatty  : uid=1000(system) /system/bin/surfaceflinger identical 6 lines
07-03 15:23:04.785   650   650 D Layer   : Skip in Layer::computeScreenBounds 1
07-03 15:23:04.794   648  1284 E peq_android: volume index exceed range: 65535
07-03 15:23:04.801   650   650 D Layer   : Skip in Layer::computeScreenBounds 1
07-03 15:23:04.801   650   650 D Layer   : Skip in Layer::computeScreenBounds 1
07-03 15:23:04.801 25088 25135 D         : addLayerName, tid:25135
07-03 15:23:04.802   650   650 D Layer   : Skip in Layer::computeScreenBounds 1
07-03 15:23:04.803   650   650 I chatty  : uid=1000(system) /system/bin/surfaceflinger identical 4 lines
07-03 15:23:04.803   650   650 D Layer   : Skip in Layer::computeScreenBounds 1
07-03 15:23:04.815 25088 25135 D         : addLayerName, tid:25135
07-03 15:23:04.817   650   650 D Layer   : Skip in Layer::computeScreenBounds 1
07-03 15:23:04.819   650   650 I chatty  : uid=1000(system) /system/bin/surfaceflinger identical 6 lines
07-03 15:23:04.819   650   650 D Layer   : Skip in Layer::computeScreenBounds 1
07-03 15:23:04.821   648  1284 E peq_android: volume index exceed range: 65535
07-03 15:23:04.831 25088 25135 D         : addLayerName, tid:25135
07-03 15:23:04.835   650   650 D Layer   : Skip in Layer::computeScreenBounds 1
07-03 15:23:04.836   650   650 I chatty  : uid=1000(system) /system/bin/surfaceflinger identical 6 lines
07-03 15:23:04.836   650   650 D Layer   : Skip in Layer::computeScreenBounds 1
07-03 15:23:04.845   648  1284 E peq_android: volume index exceed range: 65535
07-03 15:23:04.849 25088 25135 D         : addLayerName, tid:25135
07-03 15:23:04.851   650   650 D Layer   : Skip in Layer::computeScreenBounds 1
07-03 15:23:04.854   650   650 I chatty  : uid=1000(system) /system/bin/surfaceflinger identical 6 lines
07-03 15:23:04.854   650   650 D Layer   : Skip in Layer::computeScreenBounds 1
07-03 15:23:04.865 25088 25135 D         : addLayerName, tid:25135
07-03 15:23:04.867   650   650 D Layer   : Skip in Layer::computeScreenBounds 1
07-03 15:23:04.869   650   650 I chatty  : uid=1000(system) /system/bin/surfaceflinger identical 4 lines
07-03 15:23:04.869   650   650 D Layer   : Skip in Layer::computeScreenBounds 1
07-03 15:23:04.869   648  1284 E peq_android: volume index exceed range: 65535
07-03 15:23:04.869   650   650 D Layer   : Skip in Layer::computeScreenBounds 1
07-03 15:23:04.869   650   650 D Layer   : Skip in Layer::computeScreenBounds 1
07-03 15:23:04.882 25088 25135 D         : addLayerName, tid:25135
07-03 15:23:04.883   650   650 D Layer   : Skip in Layer::computeScreenBounds 1
07-03 15:23:04.886   650   650 I chatty  : uid=1000(system) /system/bin/surfaceflinger identical 6 lines
07-03 15:23:04.886   650   650 D Layer   : Skip in Layer::computeScreenBounds 1
07-03 15:23:04.893   648  1284 E peq_android: volume index exceed range: 65535
07-03 15:23:04.899 25088 25135 D         : addLayerName, tid:25135
07-03 15:23:04.899   650   650 D Layer   : Skip in Layer::computeScreenBounds 1
07-03 15:23:04.900   650   650 I chatty  : uid=1000(system) /system/bin/surfaceflinger identical 6 lines
07-03 15:23:04.900   650   650 D Layer   : Skip in Layer::computeScreenBounds 1
07-03 15:23:04.914 25088 25135 D         : addLayerName, tid:25135
07-03 15:23:04.916   650   650 D Layer   : Skip in Layer::computeScreenBounds 1
07-03 15:23:04.918   650   650 I chatty  : uid=1000(system) /system/bin/surfaceflinger identical 6 lines
07-03 15:23:04.918   650   650 D Layer   : Skip in Layer::computeScreenBounds 1
07-03 15:23:04.918  1114  1561 I TrafficMonitor: update:rxPkts:2255,txPkts:4877,rxBytes:91603,txBytes:7077760
07-03 15:23:04.918  1114  1561 I TrafficMonitor: start expired. level:4
07-03 15:23:04.918  1114  1561 I TrafficMonitor: gettimer:interval=2000
07-03 15:23:04.920   648  1284 E peq_android: volume index exceed range: 65535
07-03 15:23:04.930  1900  2108 D HwWifiStatStore: handleMessage : 200
07-03 15:23:04.930 25088 25135 D         : addLayerName, tid:25135
07-03 15:23:04.933   650   650 D Layer   : Skip in Layer::computeScreenBounds 1
07-03 15:23:04.934   650   650 I chatty  : uid=1000(system) /system/bin/surfaceflinger identical 6 lines
07-03 15:23:04.934   650   650 D Layer   : Skip in Layer::computeScreenBounds 1
07-03 15:23:04.944   648  1284 E peq_android: volume index exceed range: 65535
07-03 15:23:04.948 25088 25135 D         : addLayerName, tid:25135
07-03 15:23:04.951   650   650 D Layer   : Skip in Layer::computeScreenBounds 1
07-03 15:23:04.953   650   650 I chatty  : uid=1000(system) /system/bin/surfaceflinger identical 6 lines
07-03 15:23:04.953   650   650 D Layer   : Skip in Layer::computeScreenBounds 1
07-03 15:23:04.964 25088 25135 D         : addLayerName, tid:25135
07-03 15:23:04.966   650   650 D Layer   : Skip in Layer::computeScreenBounds 1
07-03 15:23:04.967   650   650 I chatty  : uid=1000(system) /system/bin/surfaceflinger identical 6 lines
07-03 15:23:04.967   650   650 D Layer   : Skip in Layer::computeScreenBounds 1
07-03 15:23:04.967   648  1284 E peq_android: volume index exceed range: 65535
07-03 15:23:04.979 25088 25135 D         : addLayerName, tid:25135
07-03 15:23:04.981   650   650 D Layer   : Skip in Layer::computeScreenBounds 1
07-03 15:23:04.983   650   650 I chatty  : uid=1000(system) /system/bin/surfaceflinger identical 6 lines
07-03 15:23:04.983   650   650 D Layer   : Skip in Layer::computeScreenBounds 1
07-03 15:23:04.992   648  1284 E peq_android: volume index exceed range: 65535
07-03 15:23:04.996 25088 25135 D         : addLayerName, tid:25135
07-03 15:23:04.998   650   650 D Layer   : Skip in Layer::computeScreenBounds 1
07-03 15:23:05.000   650   650 I chatty  : uid=1000(system) /system/bin/surfaceflinger identical 6 lines
07-03 15:23:05.000   650   650 D Layer   : Skip in Layer::computeScreenBounds 1
07-03 15:23:05.012 25088 25135 D         : addLayerName, tid:25135
07-03 15:23:05.014   648  1284 E peq_android: volume index exceed range: 65535
07-03 15:23:05.015   650   650 D Layer   : Skip in Layer::computeScreenBounds 1
07-03 15:23:05.017   650   650 I chatty  : uid=1000(system) /system/bin/surfaceflinger identical 6 lines
07-03 15:23:05.017   650   650 D Layer   : Skip in Layer::computeScreenBounds 1
07-03 15:23:05.029 25088 25135 D         : addLayerName, tid:25135
07-03 15:23:05.032   650   650 D Layer   : Skip in Layer::computeScreenBounds 1
07-03 15:23:05.034   650   650 I chatty  : uid=1000(system) /system/bin/surfaceflinger identical 6 lines
07-03 15:23:05.034   650   650 D Layer   : Skip in Layer::computeScreenBounds 1
07-03 15:23:05.037   648  1284 E peq_android: volume index exceed range: 65535
07-03 15:23:05.045 25088 25135 D         : addLayerName, tid:25135
07-03 15:23:05.048   650   650 D Layer   : Skip in Layer::computeScreenBounds 1
07-03 15:23:05.049   650   650 I chatty  : uid=1000(system) /system/bin/surfaceflinger identical 6 lines
07-03 15:23:05.049   650   650 D Layer   : Skip in Layer::computeScreenBounds 1
07-03 15:23:05.062   648  1284 E peq_android: volume index exceed range: 65535
07-03 15:23:05.065 25088 25135 D         : addLayerName, tid:25135
07-03 15:23:05.066   650   650 D Layer   : Skip in Layer::computeScreenBounds 1
07-03 15:23:05.067   650   650 I chatty  : uid=1000(system) /system/bin/surfaceflinger identical 6 lines
07-03 15:23:05.067   650   650 D Layer   : Skip in Layer::computeScreenBounds 1
07-03 15:23:05.078 25088 25135 D         : addLayerName, tid:25135
07-03 15:23:05.081   650   650 D Layer   : Skip in Layer::computeScreenBounds 1
07-03 15:23:05.082   650   650 I chatty  : uid=1000(system) /system/bin/surfaceflinger identical 6 lines
