07-03 15:22:34.083  1114  5851 D HwNetworkStatsService: hwRecordUidAndProcSnapshotLocked currentTime = 1562138553401
07-03 15:22:34.087  1114  5851 I NetworkStatsFactory: javaReadNetworkStatsUidAndProcDetail. cost time = 4
07-03 15:22:34.096  1114  5851 D HwNetworkStatsService: hwMaybeUidAndProcPersistLocked currentTime = 1562138553401
07-03 15:22:34.108  1114  1812 D HwLocalLocationProvider: this loc is Better than Last Location
07-03 15:22:34.110  1114 25279 D HwLocalLocationProvider: cellid is Exist, update  cellinfo to DB
07-03 15:22:34.110  1114 25279 D HwLocalLocationProvider: update loc to cell database
07-03 15:22:34.115  1114 25282 D HwLocalLocationProvider: update loc to bssid database
07-03 15:22:34.121  1114  1812 W ProcBatteryStats: timer is running , not start, name: android, uid: 1000, tag: *location*
07-03 15:22:34.122  1114  1456 V WindowManager_visibility: updateAllDrawn Add AppWindowToken{2d869a4 token=Token{456e037 ActivityRecord{c4f9936 u0 com.mixgo.PropertySEO/cn.jiguang.unity.push.UnityPluginActivity t340}}}
07-03 15:22:34.122  1114  1456 V WindowManager_visibility: updateAllDrawn allDrawn=false interesting=2 drawn=2 relaunchCount=0 for AppWindowToken{2d869a4 token=Token{456e037 ActivityRecord{c4f9936 u0 com.mixgo.PropertySEO/cn.jiguang.unity.push.UnityPluginActivity t340}}}
07-03 15:22:34.129   788   788 D libgps  : proxy_gps_inject_location: called.
07-03 15:22:34.130  1114  1812 W ProcBatteryStats: timer is not running , not stop, name: android, uid: 1000, tag: *location*
07-03 15:22:34.143  1114  1790 W Watchdog: hungtask: writing kick
07-03 15:22:34.380  1114  1242 W WindowManager: Unable to start animation, surface is null or no children.
07-03 15:22:35.058  1114  2570 I BackgroundPermManager: pkgName: com.mixgo.PropertySEO,pid: 25088 ,uidOf3RdApk: 10410 ,permType: 2 ,permCfg: 0
07-03 15:22:35.064  1114  1940 I NetworkStats: openSessionForUsageStats, pid = 1849, pkg = com.huawei.lbs
07-03 15:22:35.064  1114  1940 I NetworkStats: openSessionInternal,pid = 1849
07-03 15:22:35.065  1114  1940 I NetworkStats: performPollLocked, pid = 1114
07-03 15:22:35.084  1114  1940 W NetworkStatsFactory: mStatsXtProcUid: /proc/net/comm/stats does not exist!
07-03 15:22:35.084  1114  1940 D HwNetworkStatsService: hwRecordUidAndProcSnapshotLocked currentTime = 1562138554392
07-03 15:22:35.098  1114  1940 I NetworkStatsFactory: javaReadNetworkStatsUidAndProcDetail. cost time = 14
07-03 15:22:35.102  1114  1940 D HwNetworkStatsService: hwMaybeUidAndProcPersistLocked currentTime = 1562138554392
07-03 15:22:35.310  1114  6153 D HwInputMethodManagerService: ------------startInput--------------
07-03 15:22:35.310  1114  6153 D HwInputMethodManagerService: hideSecSoftInput = false
07-03 15:22:35.438   574   594 W SocketListener: sending broadcast to Pid = 1114, Uid = 1000 
07-03 15:22:35.440  1114  1555 D NetdConnector: RCV <- {601 limit alert globalAlert wlan0}
07-03 15:22:35.441  1114  1555 D NetdConnector: RCV <- {601 limit alert globalAlert wlan0}
07-03 15:22:35.442  1114  1240 D NetdConnector: RCV unsolicited event from native daemon, event = 601
07-03 15:22:35.445  1114  1240 I NetworkStats: limitReached
07-03 15:22:35.446  1114  1558 I NetworkStats: performPollLocked, pid = 1114
07-03 15:22:35.471  1114  1558 W NetworkStatsFactory: mStatsXtProcUid: /proc/net/comm/stats does not exist!
07-03 15:22:35.471  1114  1558 D HwNetworkStatsService: hwRecordUidAndProcSnapshotLocked currentTime = 1562138554774
07-03 15:22:35.482  1114  1558 I NetworkStatsFactory: javaReadNetworkStatsUidAndProcDetail. cost time = 10
07-03 15:22:35.494  1114  1558 D NetdConnector: SND -> {6375 bandwidth setglobalalert 2097152}
07-03 15:22:35.496  1114  1555 D NetdConnector: RCV <- {200 6375 Bandwidth command succeeeded}
07-03 15:22:35.496  1114  1555 D NetdConnector: RCV <- {200 6375 Bandwidth command succeeeded}
07-03 15:22:37.444   574   594 W SocketListener: sending broadcast to Pid = 1114, Uid = 1000 
07-03 15:22:37.446  1114  1555 D NetdConnector: RCV <- {601 limit alert globalAlert wlan0}
07-03 15:22:37.447  1114  1555 D NetdConnector: RCV <- {601 limit alert globalAlert wlan0}
07-03 15:22:37.448  1114  1240 D NetdConnector: RCV unsolicited event from native daemon, event = 601
07-03 15:22:37.456  1114  1240 I NetworkStats: limitReached
07-03 15:22:37.457  1114  1558 I NetworkStats: performPollLocked, pid = 1114
07-03 15:22:37.486  1114  1558 W NetworkStatsFactory: mStatsXtProcUid: /proc/net/comm/stats does not exist!
07-03 15:22:37.486  1114  1558 D HwNetworkStatsService: hwRecordUidAndProcSnapshotLocked currentTime = 1562138556785
07-03 15:22:37.496  1114  1558 I NetworkStatsFactory: javaReadNetworkStatsUidAndProcDetail. cost time = 9
07-03 15:22:37.508  1114  1558 D NetdConnector: SND -> {6376 bandwidth setglobalalert 2097152}
07-03 15:22:37.509  1114  1555 D NetdConnector: RCV <- {200 6376 Bandwidth command succeeeded}
07-03 15:22:37.510  1114  1555 D NetdConnector: RCV <- {200 6376 Bandwidth command succeeeded}
07-03 15:22:37.739  1114  6153 V BroadcastQueue: Finished with ordered broadcast BroadcastRecord{27417a2 u0 com.google.android.gms.gcm.ACTION_CHECK_QUEUE}
07-03 15:22:37.771  1114  2570 W HwAlarmManagerService: isContainsAppUidInWorksource-->happend NameNotFoundException
07-03 15:22:37.772  1114  2570 W HwAlarmManagerService: isContainsAppUidInWorksource-->happend NameNotFoundException
07-03 15:22:38.560  1114  2570 V BroadcastQueue: Finished with ordered broadcast BroadcastRecord{b99aac6 u0 com.huawei.push.alarm.HEARTBEAT}
07-03 15:22:38.622  1114  5851 I AlarmManager: remove alarm:Alarm{3ea3db4 type 0 when 1562138568573 PendingIntent{d9a3a87: PendingIntentRecord{4d33023 android broadcastIntent}}android} according to operation:6c14ddd
07-03 15:22:38.631  1114  5851 I AlarmManager: remove alarm:Alarm{1d5f823 type 1 when 1562139608548 PendingIntent{94c034c: PendingIntentRecord{2584693 android broadcastIntent}}android} according to operation:7c78120
07-03 15:22:39.160  1114  5851 I HwNormalizedAutomaticBrightnessController: ThermalMode set auto MaxBrightness=178,mappingBrightness=178
07-03 15:22:39.160  1114  1246 I DisplayPowerController: mPowerRequest.useSmartBacklight : false
07-03 15:22:39.448   574   594 W SocketListener: sending broadcast to Pid = 1114, Uid = 1000 
07-03 15:22:39.450  1114  1555 D NetdConnector: RCV <- {601 limit alert globalAlert wlan0}
07-03 15:22:39.451  1114  1555 D NetdConnector: RCV <- {601 limit alert globalAlert wlan0}
07-03 15:22:39.452  1114  1240 D NetdConnector: RCV unsolicited event from native daemon, event = 601
07-03 15:22:39.454  1114  1240 I NetworkStats: limitReached
07-03 15:22:39.455  1114  1558 I NetworkStats: performPollLocked, pid = 1114
07-03 15:22:39.475  1114  1558 W NetworkStatsFactory: mStatsXtProcUid: /proc/net/comm/stats does not exist!
07-03 15:22:39.477  1114  1558 D HwNetworkStatsService: hwRecordUidAndProcSnapshotLocked currentTime = 1562138558783
07-03 15:22:39.492  1114  1558 I NetworkStatsFactory: javaReadNetworkStatsUidAndProcDetail. cost time = 14
07-03 15:22:39.513  1114  1558 D NetdConnector: SND -> {6377 bandwidth setglobalalert 2097152}
07-03 15:22:39.514  1114  1555 D NetdConnector: RCV <- {200 6377 Bandwidth command succeeeded}
07-03 15:22:39.514  1114  1555 D NetdConnector: RCV <- {200 6377 Bandwidth command succeeeded}
07-03 15:22:40.099  1114  2570 V BroadcastQueue: Finished with ordered broadcast BroadcastRecord{809ead9 u0 com.google.android.gms.gcm.ACTION_SCHEDULE}
07-03 15:22:40.130  1114  2570 W HwAlarmManagerService: isContainsAppUidInWorksource-->happend NameNotFoundException
07-03 15:22:40.130  1114  2570 W HwAlarmManagerService: isContainsAppUidInWorksource-->happend NameNotFoundException
--------- beginning of main
07-03 15:22:40.833 25088 25135 D         : addLayerName, tid:25135
07-03 15:22:40.839 25088 25272 D         : addLayerName, tid:25272
07-03 15:22:40.847   648  1284 E peq_android: volume index exceed range: 65535
07-03 15:22:40.850 25088 25135 D         : addLayerName, tid:25135
07-03 15:22:40.866 25088 25135 D         : addLayerName, tid:25135
07-03 15:22:40.871   648  1284 E peq_android: volume index exceed range: 65535
07-03 15:22:40.882 25088 25135 D         : addLayerName, tid:25135
07-03 15:22:40.884  1900  2108 D HwWifiStatStore: handleMessage : 200
07-03 15:22:40.889  1114  1561 I TrafficMonitor: update:rxPkts:796,txPkts:1829,rxBytes:32694,txBytes:2425628
07-03 15:22:40.889  1114  1561 I TrafficMonitor: start expired. level:2
07-03 15:22:40.889  1114  1561 I TrafficMonitor: gettimer:interval=2000
07-03 15:22:40.895   648  1284 E peq_android: volume index exceed range: 65535
07-03 15:22:40.901 25088 25135 D         : addLayerName, tid:25135
07-03 15:22:40.917 25088 25135 D         : addLayerName, tid:25135
07-03 15:22:40.918   648  1284 E peq_android: volume index exceed range: 65535
07-03 15:22:40.921 25088 25272 D         : addLayerName, tid:25272
07-03 15:22:40.932 25088 25135 D         : addLayerName, tid:25135
07-03 15:22:40.947   648  1284 E peq_android: volume index exceed range: 65535
07-03 15:22:40.950 25088 25135 D         : addLayerName, tid:25135
07-03 15:22:40.966 25088 25135 D         : addLayerName, tid:25135
07-03 15:22:40.973   648  1284 E peq_android: volume index exceed range: 65535
07-03 15:22:40.985 25088 25135 D         : addLayerName, tid:25135
07-03 15:22:40.997   648  1284 E peq_android: volume index exceed range: 65535
07-03 15:22:41.000 25088 25135 D         : addLayerName, tid:25135
07-03 15:22:41.005 25088 25272 D         : addLayerName, tid:25272
07-03 15:22:41.015 25088 25135 D         : addLayerName, tid:25135
07-03 15:22:41.021 25088 25272 D         : addLayerName, tid:25272
07-03 15:22:41.021   648  1284 E peq_android: volume index exceed range: 65535
07-03 15:22:41.032 25088 25135 D         : addLayerName, tid:25135
07-03 15:22:41.045   648  1284 E peq_android: volume index exceed range: 65535
07-03 15:22:41.049 25088 25135 D         : addLayerName, tid:25135
07-03 15:22:41.067 25088 25135 D         : addLayerName, tid:25135
07-03 15:22:41.070   648  1284 E peq_android: volume index exceed range: 65535
07-03 15:22:41.082 25088 25135 D         : addLayerName, tid:25135
07-03 15:22:41.088 25088 25272 D         : addLayerName, tid:25272
07-03 15:22:41.095   648  1284 E peq_android: volume index exceed range: 65535
07-03 15:22:41.099 25088 25135 D         : addLayerName, tid:25135
07-03 15:22:41.115 25088 25135 D         : addLayerName, tid:25135
07-03 15:22:41.119   648  1284 E peq_android: volume index exceed range: 65535
07-03 15:22:41.131 25088 25135 D         : addLayerName, tid:25135
07-03 15:22:41.139 25088 25134 E AwareLog: eglSlice: report time too small
07-03 15:22:41.143   648  1284 E peq_android: volume index exceed range: 65535
07-03 15:22:41.153 25088 25135 D         : addLayerName, tid:25135
07-03 15:22:41.167 25088 25135 D         : addLayerName, tid:25135
07-03 15:22:41.169   648  1284 E peq_android: volume index exceed range: 65535
07-03 15:22:41.171 25088 25272 D         : addLayerName, tid:25272
07-03 15:22:41.181 25088 25135 D         : addLayerName, tid:25135
07-03 15:22:41.192   648  1284 E peq_android: volume index exceed range: 65535
07-03 15:22:41.196 25088 25135 D         : addLayerName, tid:25135
07-03 15:22:41.213 25088 25135 D         : addLayerName, tid:25135
07-03 15:22:41.216   648  1284 E peq_android: volume index exceed range: 65535
07-03 15:22:41.231 25088 25135 D         : addLayerName, tid:25135
07-03 15:22:41.241   648  1284 E peq_android: volume index exceed range: 65535
07-03 15:22:41.247 25088 25135 D         : addLayerName, tid:25135
07-03 15:22:41.253 25088 25272 D         : addLayerName, tid:25272
07-03 15:22:41.263 25088 25135 D         : addLayerName, tid:25135
07-03 15:22:41.264   648  1284 E peq_android: volume index exceed range: 65535
07-03 15:22:41.268 25088 25272 D         : addLayerName, tid:25272
07-03 15:22:41.280 25088 25135 D         : addLayerName, tid:25135
07-03 15:22:41.287   648  1284 E peq_android: volume index exceed range: 65535
07-03 15:22:41.300 25088 25135 D         : addLayerName, tid:25135
07-03 15:22:41.311   648  1284 E peq_android: volume index exceed range: 65535
07-03 15:22:41.313 25088 25135 D         : addLayerName, tid:25135
07-03 15:22:41.329 25088 25135 D         : addLayerName, tid:25135
07-03 15:22:41.333   648  1284 E peq_android: volume index exceed range: 65535
07-03 15:22:41.341 25088 25272 D         : addLayerName, tid:25272
07-03 15:22:41.346 25088 25135 D         : addLayerName, tid:25135
07-03 15:22:41.356   648  1284 E peq_android: volume index exceed range: 65535
07-03 15:22:41.362 25088 25135 D         : addLayerName, tid:25135
07-03 15:22:41.379 25088 25135 D         : addLayerName, tid:25135
07-03 15:22:41.381   648  1284 E peq_android: volume index exceed range: 65535
07-03 15:22:41.383  1114  1530 W AlarmManager: mIsScreenOn is: true, WAKEUP alarm trigger action = com.google.android.gms.gcm.HEARTBEAT_ALARM package name is: com.google.android.gms tag: *walarm*:com.google.android.gms.gcm.HEARTBEAT_ALARM window:0 originWhen:539760968 when:539760968 maxWhen:539760968
07-03 15:22:41.385  1114  1530 D PGGoogleServicePolicy: worksource has gms, prevent hold partial wakelock
07-03 15:22:41.389  1114  2570 D PGGoogleServicePolicy: prevent gms/gsf hold partial wakelock
07-03 15:22:41.395  1114  2570 V BroadcastQueue: Finished with ordered broadcast BroadcastRecord{a738f4c u0 com.google.android.gms.gcm.HEARTBEAT_ALARM}
07-03 15:22:41.395  3093 23664 E WakeLock: GCM_HB_ALARM release without a matched acquire!
07-03 15:22:41.397 25088 25135 D         : addLayerName, tid:25135
07-03 15:22:41.397  1114  5851 D PGGoogleServicePolicy: prevent gms/gsf hold partial wakelock
07-03 15:22:41.410   648  1284 E peq_android: volume index exceed range: 65535
07-03 15:22:41.412 25088 25135 D         : addLayerName, tid:25135
07-03 15:22:41.418 25088 25272 D         : addLayerName, tid:25272
07-03 15:22:41.432 25088 25135 D         : addLayerName, tid:25135
07-03 15:22:41.436   648  1284 E peq_android: volume index exceed range: 65535
07-03 15:22:41.445 25088 25135 D         : addLayerName, tid:25135
07-03 15:22:41.445  3093  4349 D WorkSource: Insert in WorkSource{} @ 0 uid 10021 name com.google.android.gms
07-03 15:22:41.446  3093  4349 D WorkSource: Insert in WorkSource{} @ 0 uid 10021 name com.google.android.gms
07-03 15:22:41.447  1114  5851 D PGGoogleServicePolicy: prevent gms/gsf hold partial wakelock
07-03 15:22:41.451   574   594 W SocketListener: sending broadcast to Pid = 1114, Uid = 1000 
07-03 15:22:41.453  1114  1555 D NetdConnector: RCV <- {601 limit alert globalAlert wlan0}
07-03 15:22:41.454  1114  1555 D NetdConnector: RCV <- {601 limit alert globalAlert wlan0}
07-03 15:22:41.455  1114  1240 D NetdConnector: RCV unsolicited event from native daemon, event = 601
07-03 15:22:41.457  1114  1240 I NetworkStats: limitReached
07-03 15:22:41.457  1114  1558 I NetworkStats: performPollLocked, pid = 1114
07-03 15:22:41.459   648  1284 E peq_android: volume index exceed range: 65535
07-03 15:22:41.466  3093  4349 D WorkSource: Insert in WorkSource{} @ 0 uid 10021 name com.google.android.gms
07-03 15:22:41.467  1114  5851 W HwAlarmManagerService: isContainsAppUidInWorksource-->happend NameNotFoundException
07-03 15:22:41.467  1114  5851 W HwAlarmManagerService: isContainsAppUidInWorksource-->happend NameNotFoundException
07-03 15:22:41.470 25088 25135 D         : addLayerName, tid:25135
07-03 15:22:41.481  1114  1558 W NetworkStatsFactory: mStatsXtProcUid: /proc/net/comm/stats does not exist!
07-03 15:22:41.481 25088 25135 D         : addLayerName, tid:25135
07-03 15:22:41.481  1114  1558 D HwNetworkStatsService: hwRecordUidAndProcSnapshotLocked currentTime = 1562138560785
07-03 15:22:41.485   648  1284 E peq_android: volume index exceed range: 65535
07-03 15:22:41.492  1114  1558 I NetworkStatsFactory: javaReadNetworkStatsUidAndProcDetail. cost time = 11
07-03 15:22:41.501 25088 25272 D         : addLayerName, tid:25272
07-03 15:22:41.501 25088 25135 D         : addLayerName, tid:25135
07-03 15:22:41.506  1114  1558 D NetdConnector: SND -> {6378 bandwidth setglobalalert 2097152}
07-03 15:22:41.507  1114  1555 D NetdConnector: RCV <- {200 6378 Bandwidth command succeeeded}
07-03 15:22:41.508  1114  1555 D NetdConnector: RCV <- {200 6378 Bandwidth command succeeeded}
07-03 15:22:41.510   648  1284 E peq_android: volume index exceed range: 65535
07-03 15:22:41.510 25088 25135 D         : addLayerName, tid:25135
07-03 15:22:41.514  2017  2247 E HSM_BG  : NatTrafficNotifyService:imsi is null, so return
07-03 15:22:41.516 25088 25272 D         : addLayerName, tid:25272
07-03 15:22:41.520  3093 25287 I NetRec  : [22383] ahtr.a: Refreshing scores for 52 networks.
07-03 15:22:41.529 25088 25135 D         : addLayerName, tid:25135
07-03 15:22:41.536   648  1284 E peq_android: volume index exceed range: 65535
07-03 15:22:41.543 25088 25135 D         : addLayerName, tid:25135
07-03 15:22:41.560   648  1284 E peq_android: volume index exceed range: 65535
07-03 15:22:41.563 25088 25135 D         : addLayerName, tid:25135
07-03 15:22:41.579 25088 25135 D         : addLayerName, tid:25135
07-03 15:22:41.583 25088 25272 D         : addLayerName, tid:25272
07-03 15:22:41.584   648  1284 E peq_android: volume index exceed range: 65535
07-03 15:22:41.593 25088 25135 D         : addLayerName, tid:25135
07-03 15:22:41.608   648  1284 E peq_android: volume index exceed range: 65535
07-03 15:22:41.610 25088 25135 D         : addLayerName, tid:25135
07-03 15:22:41.626 25088 25135 D         : addLayerName, tid:25135
07-03 15:22:41.631   648  1284 E peq_android: volume index exceed range: 65535
07-03 15:22:41.642 25088 25135 D         : addLayerName, tid:25135
07-03 15:22:41.656   648  1284 E peq_android: volume index exceed range: 65535
07-03 15:22:41.665 25088 25135 D         : addLayerName, tid:25135
07-03 15:22:41.665 25088 25272 D         : addLayerName, tid:25272
07-03 15:22:41.676 25088 25135 D         : addLayerName, tid:25135
07-03 15:22:41.679   648  1284 E peq_android: volume index exceed range: 65535
07-03 15:22:41.694 25088 25135 D         : addLayerName, tid:25135
07-03 15:22:41.702   648  1284 E peq_android: volume index exceed range: 65535
07-03 15:22:41.708 25088 25135 D         : addLayerName, tid:25135
07-03 15:22:41.725 25088 25135 D         : addLayerName, tid:25135
07-03 15:22:41.725   648  1284 E peq_android: volume index exceed range: 65535
07-03 15:22:41.742 25088 25135 D         : addLayerName, tid:25135
07-03 15:22:41.748   648  1284 E peq_android: volume index exceed range: 65535
07-03 15:22:41.759 25088 25135 D         : addLayerName, tid:25135
07-03 15:22:41.763 25088 25272 D         : addLayerName, tid:25272
07-03 15:22:41.771   648  1284 E peq_android: volume index exceed range: 65535
07-03 15:22:41.774 25088 25135 D         : addLayerName, tid:25135
07-03 15:22:41.778 25088 25272 D         : addLayerName, tid:25272
07-03 15:22:41.790 25088 25135 D         : addLayerName, tid:25135
07-03 15:22:41.794   648  1284 E peq_android: volume index exceed range: 65535
07-03 15:22:41.813 25088 25135 D         : addLayerName, tid:25135
07-03 15:22:41.817   648  1284 E peq_android: volume index exceed range: 65535
07-03 15:22:41.826 25088 25135 D         : addLayerName, tid:25135
07-03 15:22:41.841 25088 25135 D         : addLayerName, tid:25135
07-03 15:22:41.841   648  1284 E peq_android: volume index exceed range: 65535
07-03 15:22:41.846 25088 25272 D         : addLayerName, tid:25272
07-03 15:22:41.858 25088 25135 D         : addLayerName, tid:25135
07-03 15:22:41.866   648  1284 E peq_android: volume index exceed range: 65535
07-03 15:22:41.876 25088 25135 D         : addLayerName, tid:25135
07-03 15:22:41.881  1114  1561 I TrafficMonitor: expired arrive. level:-1
07-03 15:22:41.882  1114  1561 I TrafficMonitor: during_ms:2004,period_ms:2000
07-03 15:22:41.882  1114  1561 I TrafficMonitor: count:890,rx_sum:796,tx_sum:1829,rxBytes:32694,during_ms:2004,rx_speed:16314.37125748503,tx_speed:1210393.2135728542,rto:0.43521049753963914
07-03 15:22:41.889   648  1284 E peq_android: volume index exceed range: 65535
07-03 15:22:41.891 25088 25135 D         : addLayerName, tid:25135
07-03 15:22:41.912   648  1284 E peq_android: volume index exceed range: 65535
07-03 15:22:41.913 25088 25135 D         : addLayerName, tid:25135
07-03 15:22:41.924 25088 25135 D         : addLayerName, tid:25135
07-03 15:22:41.934 25088 25272 D         : addLayerName, tid:25272
07-03 15:22:41.936   648  1284 E peq_android: volume index exceed range: 65535
07-03 15:22:41.940 25088 25135 D         : addLayerName, tid:25135
07-03 15:22:41.957 25088 25135 D         : addLayerName, tid:25135
07-03 15:22:41.959   648  1284 E peq_android: volume index exceed range: 65535
07-03 15:22:41.974 25088 25135 D         : addLayerName, tid:25135
07-03 15:22:41.984   648  1284 E peq_android: volume index exceed range: 65535
07-03 15:22:41.990 25088 25135 D         : addLayerName, tid:25135
07-03 15:22:42.006 25088 25135 D         : addLayerName, tid:25135
07-03 15:22:42.007   648  1284 E peq_android: volume index exceed range: 65535
07-03 15:22:42.011 25088 25272 D         : addLayerName, tid:25272
07-03 15:22:42.023 25088 25135 D         : addLayerName, tid:25135
07-03 15:22:42.028 25088 25272 D         : addLayerName, tid:25272
07-03 15:22:42.029  1114  2570 D PGGoogleServicePolicy: prevent gms/gsf hold partial wakelock
07-03 15:22:42.031   648  1284 E peq_android: volume index exceed range: 65535
07-03 15:22:42.038 25088 25135 D         : addLayerName, tid:25135
07-03 15:22:42.055   648  1284 E peq_android: volume index exceed range: 65535
07-03 15:22:42.055 25088 25135 D         : addLayerName, tid:25135
07-03 15:22:42.072 25088 25135 D         : addLayerName, tid:25135
07-03 15:22:42.081   648  1284 E peq_android: volume index exceed range: 65535
07-03 15:22:42.089 25088 25135 D         : addLayerName, tid:25135
07-03 15:22:42.096 25088 25272 D         : addLayerName, tid:25272
07-03 15:22:42.108 25088 25135 D         : addLayerName, tid:25135
07-03 15:22:42.108   648  1284 E peq_android: volume index exceed range: 65535
07-03 15:22:42.125 25088 25135 D         : addLayerName, tid:25135
07-03 15:22:42.131   648  1284 E peq_android: volume index exceed range: 65535
07-03 15:22:42.139 25088 25134 E AwareLog: eglSlice: report time too small
07-03 15:22:42.139 25088 25135 D         : addLayerName, tid:25135
07-03 15:22:42.154   648  1284 E peq_android: volume index exceed range: 65535
07-03 15:22:42.155 25088 25135 D         : addLayerName, tid:25135
07-03 15:22:42.172 25088 25135 D         : addLayerName, tid:25135
07-03 15:22:42.177 25088 25272 D         : addLayerName, tid:25272
07-03 15:22:42.178   648  1284 E peq_android: volume index exceed range: 65535
07-03 15:22:42.187 25088 25135 D         : addLayerName, tid:25135
07-03 15:22:42.201   648  1284 E peq_android: volume index exceed range: 65535
07-03 15:22:42.206 25088 25135 D         : addLayerName, tid:25135
07-03 15:22:42.222 25088 25135 D         : addLayerName, tid:25135
07-03 15:22:42.227   648  1284 E peq_android: volume index exceed range: 65535
07-03 15:22:42.239 25088 25135 D         : addLayerName, tid:25135
07-03 15:22:42.251   648  1284 E peq_android: volume index exceed range: 65535
07-03 15:22:42.254 25088 25135 D         : addLayerName, tid:25135
07-03 15:22:42.261 25088 25272 D         : addLayerName, tid:25272
07-03 15:22:42.271 25088 25135 D         : addLayerName, tid:25135
07-03 15:22:42.274   648  1284 E peq_android: volume index exceed range: 65535
07-03 15:22:42.276 25088 25272 D         : addLayerName, tid:25272
07-03 15:22:42.286 25088 25135 D         : addLayerName, tid:25135
07-03 15:22:42.297   648  1284 E peq_android: volume index exceed range: 65535
07-03 15:22:42.304 25088 25135 D         : addLayerName, tid:25135
07-03 15:22:42.320   648  1284 E peq_android: volume index exceed range: 65535
07-03 15:22:42.320 25088 25135 D         : addLayerName, tid:25135
07-03 15:22:42.336 25088 25135 D         : addLayerName, tid:25135
07-03 15:22:42.343 25088 25272 D         : addLayerName, tid:25272
07-03 15:22:42.346   648  1284 E peq_android: volume index exceed range: 65535
07-03 15:22:42.352 25088 25135 D         : addLayerName, tid:25135
07-03 15:22:42.369   648  1284 E peq_android: volume index exceed range: 65535
07-03 15:22:42.370 25088 25135 D         : addLayerName, tid:25135
07-03 15:22:42.385 25088 25135 D         : addLayerName, tid:25135
07-03 15:22:42.393   648  1284 E peq_android: volume index exceed range: 65535
07-03 15:22:42.404 25088 25135 D         : addLayerName, tid:25135
07-03 15:22:42.417   648  1284 E peq_android: volume index exceed range: 65535
07-03 15:22:42.419 25088 25135 D         : addLayerName, tid:25135
07-03 15:22:42.423 25088 25272 D         : addLayerName, tid:25272
07-03 15:22:42.435 25088 25135 D         : addLayerName, tid:25135
07-03 15:22:42.442   648  1284 E peq_android: volume index exceed range: 65535
07-03 15:22:42.452 25088 25135 D         : addLayerName, tid:25135
07-03 15:22:42.458   635   635 I AISched Core: set time out 10 second
07-03 15:22:42.465   648  1284 E peq_android: volume index exceed range: 65535
07-03 15:22:42.470 25088 25135 D         : addLayerName, tid:25135
07-03 15:22:42.486 25088 25135 D         : addLayerName, tid:25135
07-03 15:22:42.488   648  1284 E peq_android: volume index exceed range: 65535
07-03 15:22:42.501 25088 25135 D         : addLayerName, tid:25135
07-03 15:22:42.506 25088 25272 D         : addLayerName, tid:25272
07-03 15:22:42.514   648  1284 E peq_android: volume index exceed range: 65535
07-03 15:22:42.518 25088 25135 D         : addLayerName, tid:25135
07-03 15:22:42.521 25088 25272 D         : addLayerName, tid:25272
07-03 15:22:42.535 25088 25135 D         : addLayerName, tid:25135
07-03 15:22:42.536   648  1284 E peq_android: volume index exceed range: 65535
07-03 15:22:42.552 25088 25135 D         : addLayerName, tid:25135
07-03 15:22:42.559   648  1284 E peq_android: volume index exceed range: 65535
07-03 15:22:42.568 25088 25135 D         : addLayerName, tid:25135
07-03 15:22:42.582   648  1284 E peq_android: volume index exceed range: 65535
07-03 15:22:42.584 25088 25135 D         : addLayerName, tid:25135
07-03 15:22:42.590 25088 25272 D         : addLayerName, tid:25272
07-03 15:22:42.601 25088 25135 D         : addLayerName, tid:25135
07-03 15:22:42.608   648  1284 E peq_android: volume index exceed range: 65535
07-03 15:22:42.610 25088 25115 D skia    : external skia timerHandler destroy skip because of hasvisit.
07-03 15:22:42.618 25088 25135 D         : addLayerName, tid:25135
07-03 15:22:42.632   648  1284 E peq_android: volume index exceed range: 65535
07-03 15:22:42.635 25088 25135 D         : addLayerName, tid:25135
07-03 15:22:42.650 25088 25135 D         : addLayerName, tid:25135
07-03 15:22:42.656   648  1284 E peq_android: volume index exceed range: 65535
07-03 15:22:42.667 25088 25135 D         : addLayerName, tid:25135
07-03 15:22:42.672 25088 25272 D         : addLayerName, tid:25272
07-03 15:22:42.679   648  1284 E peq_android: volume index exceed range: 65535
07-03 15:22:42.685 25088 25135 D         : addLayerName, tid:25135
07-03 15:22:42.702   648  1284 E peq_android: volume index exceed range: 65535
07-03 15:22:42.704 25088 25135 D         : addLayerName, tid:25135
07-03 15:22:42.717 25088 25135 D         : addLayerName, tid:25135
07-03 15:22:42.726   648  1284 E peq_android: volume index exceed range: 65535
07-03 15:22:42.734 25088 25135 D         : addLayerName, tid:25135
07-03 15:22:42.749   648  1284 E peq_android: volume index exceed range: 65535
07-03 15:22:42.749 25088 25135 D         : addLayerName, tid:25135
07-03 15:22:42.755 25088 25272 D         : addLayerName, tid:25272
07-03 15:22:42.766 25088 25135 D         : addLayerName, tid:25135
07-03 15:22:42.770 25088 25272 D         : addLayerName, tid:25272
07-03 15:22:42.773   648  1284 E peq_android: volume index exceed range: 65535
07-03 15:22:42.784 25088 25135 D         : addLayerName, tid:25135
07-03 15:22:42.796   648  1284 E peq_android: volume index exceed range: 65535
07-03 15:22:42.800 25088 25135 D         : addLayerName, tid:25135
07-03 15:22:42.816 25088 25135 D         : addLayerName, tid:25135
07-03 15:22:42.820   648  1284 E peq_android: volume index exceed range: 65535
07-03 15:22:42.833 25088 25135 D         : addLayerName, tid:25135
07-03 15:22:42.837 25088 25272 D         : addLayerName, tid:25272
07-03 15:22:42.843   648  1284 E peq_android: volume index exceed range: 65535
07-03 15:22:42.847 25088 25135 D         : addLayerName, tid:25135
07-03 15:22:42.865 25088 25135 D         : addLayerName, tid:25135
07-03 15:22:42.867   648  1284 E peq_android: volume index exceed range: 65535
07-03 15:22:42.891 25088 25135 D         : addLayerName, tid:25135
07-03 15:22:42.891  1114  1561 I TrafficMonitor: update:rxPkts:877,txPkts:1840,rxBytes:112940,txBytes:2408462
07-03 15:22:42.891  1114  1561 I TrafficMonitor: no expired. level:4
07-03 15:22:42.891  1114  1561 I TrafficMonitor: gettimer:interval=2000
07-03 15:22:42.891  1114  1561 I TrafficMonitor: during_ms:2001,period_ms:2000
07-03 15:22:42.891  1114  1561 I TrafficMonitor: count:891,rx_sum:877,tx_sum:1840,rxBytes:112940,during_ms:2001,rx_speed:56441.77911044478,tx_speed:1203629.1854072965,rto:0.4766304347826087
07-03 15:22:42.892   648  1284 E peq_android: volume index exceed range: 65535
07-03 15:22:42.898 25088 25135 D         : addLayerName, tid:25135
07-03 15:22:42.914 25088 25135 D         : addLayerName, tid:25135
07-03 15:22:42.914   648  1284 E peq_android: volume index exceed range: 65535
07-03 15:22:42.919 25088 25272 D         : addLayerName, tid:25272
07-03 15:22:42.930 25088 25135 D         : addLayerName, tid:25135
07-03 15:22:42.937   648  1284 E peq_android: volume index exceed range: 65535
07-03 15:22:42.947 25088 25135 D         : addLayerName, tid:25135
07-03 15:22:42.959   648  1284 E peq_android: volume index exceed range: 65535
07-03 15:22:42.964 25088 25135 D         : addLayerName, tid:25135
07-03 15:22:42.980 25088 25135 D         : addLayerName, tid:25135
07-03 15:22:42.982   648  1284 E peq_android: volume index exceed range: 65535
07-03 15:22:42.996 25088 25135 D         : addLayerName, tid:25135
07-03 15:22:43.002 25088 25272 D         : addLayerName, tid:25272
07-03 15:22:43.007   648  1284 E peq_android: volume index exceed range: 65535
07-03 15:22:43.015 25088 25135 D         : addLayerName, tid:25135
07-03 15:22:43.030   648  1284 E peq_android: volume index exceed range: 65535
07-03 15:22:43.031 25088 25135 D         : addLayerName, tid:25135
07-03 15:22:43.036 25088 25272 D         : addLayerName, tid:25272
07-03 15:22:43.046 25088 25135 D         : addLayerName, tid:25135
07-03 15:22:43.055   648  1284 E peq_android: volume index exceed range: 65535
07-03 15:22:43.063 25088 25135 D         : addLayerName, tid:25135
07-03 15:22:43.078   648  1284 E peq_android: volume index exceed range: 65535
07-03 15:22:43.080 25088 25135 D         : addLayerName, tid:25135
07-03 15:22:43.093 25088 25272 D         : addLayerName, tid:25272
07-03 15:22:43.096 25088 25135 D         : addLayerName, tid:25135
07-03 15:22:43.100 25088 25272 D         : addLayerName, tid:25272
07-03 15:22:43.104   648  1284 E peq_android: volume index exceed range: 65535
07-03 15:22:43.112 25088 25135 D         : addLayerName, tid:25135
07-03 15:22:43.127   648  1284 E peq_android: volume index exceed range: 65535
07-03 15:22:43.130 25088 25135 D         : addLayerName, tid:25135
07-03 15:22:43.145 25088 25135 D         : addLayerName, tid:25135
07-03 15:22:43.150 25088 25134 E AwareLog: eglSlice: report time too small
07-03 15:22:43.152   648  1284 E peq_android: volume index exceed range: 65535
07-03 15:22:43.153  1114  1611 D HwArpVerifier: check_wifi_state_mode = 0 mCheckStateToken=14 token14
07-03 15:22:43.156  1114  1611 D wifiserviceimpl: netmask =16777215
07-03 15:22:43.162 25088 25135 D         : addLayerName, tid:25135
07-03 15:22:43.175   648  1284 E peq_android: volume index exceed range: 65535
07-03 15:22:43.179 25088 25135 D         : addLayerName, tid:25135
07-03 15:22:43.180  1114  1611 D HWMultiGW: setGateWay 192.168.0.1
07-03 15:22:43.195  1114  5061 D HwInnerWifiManagerImpl: SupplicantState = COMPLETED
07-03 15:22:43.195  1114  5061 D HwInnerWifiManagerImpl: isPhoneAP = false
07-03 15:22:43.195  1114  5061 D HwMSSHandler: NOT MIMO or NOT support this switch return
07-03 15:22:43.196 25088 25135 D         : addLayerName, tid:25135
07-03 15:22:43.199   648  1284 E peq_android: volume index exceed range: 65535
07-03 15:22:43.204 25088 25272 D         : addLayerName, tid:25272
07-03 15:22:43.204 25088 25088 I ViewRootImpl: jank_removeInvalidNode all the node in jank list is out of time
07-03 15:22:43.208 25088 25272 D         : addLayerName, tid:25272
07-03 15:22:43.211 25088 25135 D         : addLayerName, tid:25135
07-03 15:22:43.222   648  1284 E peq_android: volume index exceed range: 65535
07-03 15:22:43.229 25088 25135 D         : addLayerName, tid:25135
07-03 15:22:43.230 25088 25272 D         : addLayerName, tid:25272
07-03 15:22:43.245   648  1284 E peq_android: volume index exceed range: 65535
07-03 15:22:43.247 25088 25135 D         : addLayerName, tid:25135
07-03 15:22:43.248 25088 25272 D         : addLayerName, tid:25272
07-03 15:22:43.263 25088 25135 D         : addLayerName, tid:25135
07-03 15:22:43.263 25088 25272 D         : addLayerName, tid:25272
07-03 15:22:43.267   648  1284 E peq_android: volume index exceed range: 65535
07-03 15:22:43.277 25088 25135 D         : addLayerName, tid:25135
07-03 15:22:43.278 25088 25272 D         : addLayerName, tid:25272
07-03 15:22:43.290   648  1284 E peq_android: volume index exceed range: 65535
07-03 15:22:43.293 25088 25135 D         : addLayerName, tid:25135
07-03 15:22:43.295 25088 25272 D         : addLayerName, tid:25272
07-03 15:22:43.312   648  1284 E peq_android: volume index exceed range: 65535
07-03 15:22:43.313 25088 25135 D         : addLayerName, tid:25135
07-03 15:22:43.314 25088 25272 D         : addLayerName, tid:25272
07-03 15:22:43.328 25088 25135 D         : addLayerName, tid:25135
07-03 15:22:43.329 25088 25272 D         : addLayerName, tid:25272
07-03 15:22:43.335   648  1284 E peq_android: volume index exceed range: 65535
07-03 15:22:43.337   626  1582 I DlbDapDPProcess: process() called [8468500] times
07-03 15:22:43.345 25088 25135 D         : addLayerName, tid:25135
07-03 15:22:43.346 25088 25272 D         : addLayerName, tid:25272
07-03 15:22:43.358   648  1284 E peq_android: volume index exceed range: 65535
07-03 15:22:43.362 25088 25135 D         : addLayerName, tid:25135
07-03 15:22:43.362 25088 25272 D         : addLayerName, tid:25272
07-03 15:22:43.377 25088 25135 D         : addLayerName, tid:25135
07-03 15:22:43.378 25088 25272 D         : addLayerName, tid:25272
07-03 15:22:43.382   648  1284 E peq_android: volume index exceed range: 65535
07-03 15:22:43.393 25088 25135 D         : addLayerName, tid:25135
07-03 15:22:43.394 25088 25272 D         : addLayerName, tid:25272
07-03 15:22:43.404   648  1284 E peq_android: volume index exceed range: 65535
07-03 15:22:43.411 25088 25135 D         : addLayerName, tid:25135
07-03 15:22:43.412 25088 25272 D         : addLayerName, tid:25272
07-03 15:22:43.427 25088 25135 D         : addLayerName, tid:25135
07-03 15:22:43.428   648  1284 E peq_android: volume index exceed range: 65535
07-03 15:22:43.429 25088 25272 D         : addLayerName, tid:25272
07-03 15:22:43.444 25088 25272 D         : addLayerName, tid:25272
07-03 15:22:43.444 25088 25135 D         : addLayerName, tid:25135
07-03 15:22:43.445   646   646 E WifiHAL : enter wifi_get_link_stats
07-03 15:22:43.452   648  1284 E peq_android: volume index exceed range: 65535
07-03 15:22:43.454   574   594 W SocketListener: sending broadcast to Pid = 1114, Uid = 1000 
07-03 15:22:43.455  1114  1562 E WificondControl: Noise: -90, Snr: 35, Chload: -1
07-03 15:22:43.455  1114  1555 D NetdConnector: RCV <- {601 limit alert globalAlert wlan0}
07-03 15:22:43.455  1114  1555 D NetdConnector: RCV <- {601 limit alert globalAlert wlan0}
07-03 15:22:43.456  1114  1240 D NetdConnector: RCV unsolicited event from native daemon, event = 601
07-03 15:22:43.457  1114  1240 I NetworkStats: limitReached
07-03 15:22:43.458  1114  1562 D HwInnerWifiManagerImpl: SupplicantState = COMPLETED
07-03 15:22:43.458  1114  1562 D HwInnerWifiManagerImpl: isPhoneAP = false
07-03 15:22:43.459 25088 25135 D         : addLayerName, tid:25135
07-03 15:22:43.459  1114  1558 I NetworkStats: performPollLocked, pid = 1114
07-03 15:22:43.460  1114  1562 D WifiScoreReport: Score = 60, wifiConnectivityManagerEnabled = false, lowScoreCount = 0
07-03 15:22:43.460 25088 25272 D         : addLayerName, tid:25272
07-03 15:22:43.470  1114  1558 W NetworkStatsFactory: mStatsXtProcUid: /proc/net/comm/stats does not exist!
07-03 15:22:43.471  1114  1558 D HwNetworkStatsService: hwRecordUidAndProcSnapshotLocked currentTime = 1562138562786
07-03 15:22:43.474   648  1284 E peq_android: volume index exceed range: 65535
07-03 15:22:43.478 25088 25272 D         : addLayerName, tid:25272
07-03 15:22:43.480 25088 25135 D         : addLayerName, tid:25135
07-03 15:22:43.481  1114  1558 I NetworkStatsFactory: javaReadNetworkStatsUidAndProcDetail. cost time = 11
07-03 15:22:43.493 25088 25135 D         : addLayerName, tid:25135
07-03 15:22:43.496  1114  1558 D NetdConnector: SND -> {6379 bandwidth setglobalalert 2097152}
07-03 15:22:43.497  1114  1555 D NetdConnector: RCV <- {200 6379 Bandwidth command succeeeded}
07-03 15:22:43.497  1114  1555 D NetdConnector: RCV <- {200 6379 Bandwidth command succeeeded}
07-03 15:22:43.499   648  1284 E peq_android: volume index exceed range: 65535
07-03 15:22:43.500  2017  2247 E HSM_BG  : NatTrafficNotifyService:imsi is null, so return
07-03 15:22:43.510 25088 25135 D         : addLayerName, tid:25135
07-03 15:22:43.521   648  1284 E peq_android: volume index exceed range: 65535
07-03 15:22:43.526 25088 25135 D         : addLayerName, tid:25135
07-03 15:22:43.542 25088 25135 D         : addLayerName, tid:25135
07-03 15:22:43.544   648  1284 E peq_android: volume index exceed range: 65535
07-03 15:22:43.560 25088 25135 D         : addLayerName, tid:25135
07-03 15:22:43.569   648  1284 E peq_android: volume index exceed range: 65535
07-03 15:22:43.576 25088 25135 D         : addLayerName, tid:25135
07-03 15:22:43.592   648  1284 E peq_android: volume index exceed range: 65535
07-03 15:22:43.592 25088 25135 D         : addLayerName, tid:25135
07-03 15:22:43.610 25088 25135 D         : addLayerName, tid:25135
07-03 15:22:43.616   648  1284 E peq_android: volume index exceed range: 65535
07-03 15:22:43.626 25088 25135 D         : addLayerName, tid:25135
07-03 15:22:43.639   648  1284 E peq_android: volume index exceed range: 65535
07-03 15:22:43.641 25088 25135 D         : addLayerName, tid:25135
07-03 15:22:43.661 25088 25135 D         : addLayerName, tid:25135
07-03 15:22:43.664   648  1284 E peq_android: volume index exceed range: 65535
07-03 15:22:43.674 25088 25135 D         : addLayerName, tid:25135
07-03 15:22:43.688   648  1284 E peq_android: volume index exceed range: 65535
07-03 15:22:43.693 25088 25135 D         : addLayerName, tid:25135
07-03 15:22:43.709 25088 25135 D         : addLayerName, tid:25135
07-03 15:22:43.713   648  1284 E peq_android: volume index exceed range: 65535
07-03 15:22:43.724 25088 25135 D         : addLayerName, tid:25135
07-03 15:22:43.736   648  1284 E peq_android: volume index exceed range: 65535
07-03 15:22:43.740 25088 25135 D         : addLayerName, tid:25135
07-03 15:22:43.757 25088 25135 D         : addLayerName, tid:25135
07-03 15:22:43.759   648  1284 E peq_android: volume index exceed range: 65535
07-03 15:22:43.766  3093 25287 W NetRec  : [22383] ahtr.a: Timeout after 2239 ms while waiting for score updates. Returning 1.
07-03 15:22:43.773 25088 25135 D         : addLayerName, tid:25135
07-03 15:22:43.783  1114  1562 E WificondControl: Noise: -90, Snr: 35, Chload: -1
07-03 15:22:43.784   648  1284 E peq_android: volume index exceed range: 65535
07-03 15:22:43.784  1114  1562 D HwInnerWifiManagerImpl: SupplicantState = COMPLETED
07-03 15:22:43.784  1114  1562 D HwInnerWifiManagerImpl: isPhoneAP = false
07-03 15:22:43.789  3093 25287 I NetRec  : [22383] ahtr.a: Still entries pending update, scheduling new refresh_scores_task refresh.
07-03 15:22:43.793 25088 25135 D         : addLayerName, tid:25135
07-03 15:22:43.795  3093 25287 I NetRec  : [22383] ahtr.a: Completed refresh_scores_task score refresh task in 2312 ms, returning 1
07-03 15:22:43.803  1114  1647 D HuaweiWifiWatchdogStateMachine: high data flow: protection_counter = 0,  not_detect_counter = 0
07-03 15:22:43.803  1114  1647 D HuaweiWifiWatchdogStateMachine: high data flow scenario: 0 --> 0 rx bytes =3393KB
07-03 15:22:43.803  1114  1647 I HuaweiWifiWatchdogStateMachine: POta txb txg rxg:0, 7867, 0. Lr =0% Totpkt=7867
07-03 15:22:43.804  1114  1561 D WiFi_PRO: MSG_RETURN_AP_CURRY_RSSI rssi = -47
07-03 15:22:43.804  1114  1561 I QosMonitor: queryRtt: rtt_type = 3
07-03 15:22:43.805  1114  1617 D HwUidTcpMonitor: parseWlanUidTcpStatistics lastUidTcpStatInfo = [ mUid = 10021 mPacketName = com.github.uiautomator mSendSegs = 1479 mResendSegs = 0 mRcvSegs = 113 ]
07-03 15:22:43.805  1114  1617 D HwWifiConnectivityMonitor: ENTER: notifyTopUidTcpInfo, tx = 514, rx = 1943, reTx = 0, uid = 10410, tr = 0.0
07-03 15:22:43.805  1114  1617 D HwWifiConnectivityMonitor: ENTER: notifyTopUidTcpInfo, rtt = 3184, rttPkts = 27, aveRtt = 117.92593, app = com.mixgo.PropertySEO
07-03 15:22:43.805  1114  1617 D HwUidTcpMonitor: parseWlanUidTcpStatistics lastUidTcpStatInfo = [ mUid = 10410 mPacketName = com.mixgo.PropertySEO mSendSegs = 7089 mResendSegs = 4 mRcvSegs = 26842 ]
07-03 15:22:43.805  1114  1615 D HwWifiConnectivityMonitor: handleTopUidInternetStatusChanged, uid = 10410, status = 0
07-03 15:22:43.805  1114  1561 I QosMonitor: postEventFromNative: msg=100,arg1=4,arg2=10
07-03 15:22:43.805  1114  1561 I QosMonitor: postEventFromNative: msg=100,arg1=0,arg2=10
07-03 15:22:43.808 25088 25135 D         : addLayerName, tid:25135
07-03 15:22:43.809  1114  2570 V BroadcastQueue: Finished with ordered broadcast BroadcastRecord{920d377 u0 com.google.android.gms.gcm.ACTION_SCHEDULE}
07-03 15:22:43.809  1114  1561 I MQoS    : rtt=464,tcp_tx_pkts=1113370,tcp_rx_pkts=1905143
07-03 15:22:43.809  1114  1561 I QosMonitor: resetRtt: rtt_type = 3
07-03 15:22:43.811  1114  1647 I HuaweiWifiWatchdogStateMachine: PTcp RTT:464, rtt pkt=28, tcp_rx=1946, tcp_tx=521, tcp_reTran=0, rtRate=0
07-03 15:22:43.811  1114  1647 I HuaweiWifiWatchdogStateMachine: judge good link######, goodLinkLevel=3
07-03 15:22:43.811  1114  1647 I HuaweiWifiWatchdogStateMachine: sendResultMsgToQM bssid:b8:f8:**:**:a5:8b, qoslevel=3
07-03 15:22:43.811  1114  1647 I HuaweiWifiWatchdogStateMachine: link good reported, good base rssi:-46
07-03 15:22:43.811  1114  1561 D WiFi_PRO_WifiProStateMachine: onNetworkQosChange, currentWifiLevel == 3, wifiNoInternet = false, updateUiOnly = true
07-03 15:22:43.813  1114  4002 I MQoS    : QOS_level:0(0),wifi-link;SIM error;use level-0
07-03 15:22:43.818   648  1284 E peq_android: volume index exceed range: 65535
07-03 15:22:43.827 25088 25135 D         : addLayerName, tid:25135
07-03 15:22:43.848   648  1284 E peq_android: volume index exceed range: 65535
07-03 15:22:43.850 25088 25135 D         : addLayerName, tid:25135
07-03 15:22:43.856 25088 25135 D         : addLayerName, tid:25135
07-03 15:22:43.871   648  1284 E peq_android: volume index exceed range: 65535
07-03 15:22:43.874 25088 25135 D         : addLayerName, tid:25135
07-03 15:22:43.889 25088 25135 D         : addLayerName, tid:25135
07-03 15:22:43.892  1900  2108 D HwWifiStatStore: handleMessage : 200
07-03 15:22:43.895   648  1284 E peq_android: volume index exceed range: 65535
07-03 15:22:43.906 25088 25135 D         : addLayerName, tid:25135
07-03 15:22:43.919   648  1284 E peq_android: volume index exceed range: 65535
07-03 15:22:43.924 25088 25135 D         : addLayerName, tid:25135
07-03 15:22:43.942   648  1284 E peq_android: volume index exceed range: 65535
07-03 15:22:43.944 25088 25135 D         : addLayerName, tid:25135
07-03 15:22:43.957 25088 25135 D         : addLayerName, tid:25135
07-03 15:22:43.965   648  1284 E peq_android: volume index exceed range: 65535
07-03 15:22:43.974 25088 25135 D         : addLayerName, tid:25135
07-03 15:22:43.988   648  1284 E peq_android: volume index exceed range: 65535
07-03 15:22:43.996 25088 25135 D         : addLayerName, tid:25135
07-03 15:22:44.016   648  1284 E peq_android: volume index exceed range: 65535
07-03 15:22:44.034 25088 25135 D         : addLayerName, tid:25135
07-03 15:22:44.042   648  1284 E peq_android: volume index exceed range: 65535
07-03 15:22:44.042 25088 25135 D         : addLayerName, tid:25135
07-03 15:22:44.054 25088 25135 D         : addLayerName, tid:25135
07-03 15:22:44.069   648  1284 E peq_android: volume index exceed range: 65535
07-03 15:22:44.073 25088 25135 D         : addLayerName, tid:25135
07-03 15:22:44.074 25088 25272 D         : addLayerName, tid:25272
07-03 15:22:44.078 25088 25272 D         : addLayerName, tid:25272
07-03 15:22:44.082 25088 25135 D         : addLayerName, tid:25135
07-03 15:22:44.091   648  1284 E peq_android: volume index exceed range: 65535
07-03 15:22:44.095 25088 25135 D         : addLayerName, tid:25135
07-03 15:22:44.113 25088 25135 D         : addLayerName, tid:25135
07-03 15:22:44.114   648  1284 E peq_android: volume index exceed range: 65535
07-03 15:22:44.130   796   897 W JankService: processEntry, not beta version or commercial log off
07-03 15:22:44.136 25088 25135 D         : addLayerName, tid:25135
07-03 15:22:44.138   648  1284 E peq_android: volume index exceed range: 65535
07-03 15:22:44.148 25088 25134 E AwareLog: eglSlice: report time too small
07-03 15:22:44.149 25088 25135 D         : addLayerName, tid:25135
07-03 15:22:44.159   776   776 E Thermal-daemon: [shell_frame] temp_new :37  temp_old :36
07-03 15:22:44.159  1952  7123 I ThermalService: Receive temperature change, type: 22, temp: 37 from thermald
07-03 15:22:44.160  1952  7123 I ThermalTrace_ThermalRaise: Shell:-100,36,37,currentBatteryTemp:36
07-03 15:22:44.160   776   776 E Thermal-daemon: Report temperature: [shell_frame] temp :37  report_threshold:1
07-03 15:22:44.160  1952  2586 D HwThermalStateManager: Thermal type: 22 cur_temperature:37
07-03 15:22:44.162   648  1284 E peq_android: volume index exceed range: 65535
07-03 15:22:44.166 25088 25135 D         : addLayerName, tid:25135
07-03 15:22:44.180  1114  1611 D HwArpVerifier: getGateWayARPResponses: arp rtt = 7
07-03 15:22:44.181  1114  1611 D HiDATA  : updateArpResult, success =true , arprtt:7
07-03 15:22:44.182  1114  1563 E HwNcChrServiceImpl: Run the of call hwNcChrService1101
07-03 15:22:44.183  1900  5314 D NcDft_ServiceImpl: notifyNcDftEvent domain is : 1 ;eventID is: 1101 ;bundle is Bundle[mParcelledData.dataSize=28]
07-03 15:22:44.183  1900  2082 D HwWifiCHRStateManager: handleMessage : 1101
07-03 15:22:44.183  1114  1563 E HwNcChrServiceImpl: Run the of call hwNcChrService1121
07-03 15:22:44.183  1900  5314 D NcDft_ServiceImpl: notifyNcDftEvent domain is : 1 ;eventID is: 1121 ;bundle is Bundle[mParcelledData.dataSize=84]
07-03 15:22:44.183  1900  2082 D HwWifiCHRStateManager: handleMessage : 1121
07-03 15:22:44.184  1900  2082 E HwCHRWifiRSSIGroupSummery: updatArpSummery mRSSI:0  HwCHRWifiRSSIGroup [rssi_index=4, rtt_tcp_packets=0, rtt_tcp_duration=0, rtt_lan_duration=361909, rtt_lan_failures=5, rtt_lan_succ=8751, rtt_lan_max=995, rtt_lan_min=0,same_area_frequency=0,adjacent_area_frequency=0]
07-03 15:22:44.184 25088 25135 D         : addLayerName, tid:25135
07-03 15:22:44.185   648  1284 E peq_android: volume index exceed range: 65535
07-03 15:22:44.193  1114  1611 D HwArpVerifier: There are 1 mac address for gateway 
07-03 15:22:44.193  1114  1611 D HwArpVerifier: from HEART_CHECK transmit to state:HEART_CHECK
07-03 15:22:44.193  1114  1611 D HwArpVerifier: msg what=124 arg1(token)=14 arg2(mode)=0 delay=60000
07-03 15:22:44.193  1114  1611 D HwArpVerifier: performPollAndLog:
07-03 15:22:44.194 25088 25272 D         : addLayerName, tid:25272
07-03 15:22:44.197  1114  1611 D hw_netstat: total/4816054/7671466,android.uid.shell:2000/100708/7622698,com.mixgo.PropertySEO/4711502/48201,unknown:0/3471/0,com.google.uid.shared:10021/298/452,android.uid.system:1000/75/115
07-03 15:22:44.198 25088 25135 D         : addLayerName, tid:25135
07-03 15:22:44.208   648  1284 E peq_android: volume index exceed range: 65535
07-03 15:22:44.211 25088 25135 D         : addLayerName, tid:25135
07-03 15:22:44.230   648  1284 E peq_android: volume index exceed range: 65535
07-03 15:22:44.231 25088 25135 D         : addLayerName, tid:25135
07-03 15:22:44.247 25088 25135 D         : addLayerName, tid:25135
07-03 15:22:44.254   648  1284 E peq_android: volume index exceed range: 65535
07-03 15:22:44.267 25088 25135 D         : addLayerName, tid:25135
07-03 15:22:44.274 25088 25272 D         : addLayerName, tid:25272
07-03 15:22:44.277   648  1284 E peq_android: volume index exceed range: 65535
07-03 15:22:44.280 25088 25135 D         : addLayerName, tid:25135
07-03 15:22:44.294 25088 25135 D         : addLayerName, tid:25135
07-03 15:22:44.300   648  1284 E peq_android: volume index exceed range: 65535
07-03 15:22:44.315 25088 25135 D         : addLayerName, tid:25135
07-03 15:22:44.323   648  1284 E peq_android: volume index exceed range: 65535
07-03 15:22:44.331 25088 25135 D         : addLayerName, tid:25135
07-03 15:22:44.346   648  1284 E peq_android: volume index exceed range: 65535
