--------- beginning of system
07-03 15:22:24.476  1114  1940 D HwInputMethodManagerService: ------------startInput--------------
07-03 15:22:24.477  1114  1940 D HwInputMethodManagerService: hideSecSoftInput = false
07-03 15:22:24.479  1114  1684 V BroadcastQueue: Finished with ordered broadcast BroadcastRecord{a687572 u0 android.intent.action.INPUT_METHOD_CHANGED}
07-03 15:22:24.493  1114  1114 V SettingsProvider: Notifying for 0: content://settings/secure/default_input_method
07-03 15:22:24.494  1114  1114 W InputMethodManagerService: Illegal subtype state: old subtype = null, new subtype = android.view.inputmethod.InputMethodSubtype@129f21f8
07-03 15:22:24.518  1114  1223 D HwPhoneWindowManager: sensorRotation = -1 lastRotation:0
07-03 15:22:24.659  1114  1471 I ActivityManager: Process com.baidu.input_huawei (pid 23117) has died: fore SVC 
07-03 15:22:24.659  1114  1471 D ActivityManager: cleanUpApplicationRecord app: ProcessRecord{442d719 23117:com.baidu.input_huawei/u0a59}, app.bad: false, restarting: false, allowRestart: true
07-03 15:22:24.662  1869 31054 I BoosterSwitchP: notifyUidState do nothing
07-03 15:22:24.662  1869 31054 I DeepNoDisturbP: notifyUidState
07-03 15:22:24.662  1869 31054 I HidataAppQoeP: notifyUidState
07-03 15:22:24.662  1869 31054 I BrowserChrP: notifyUidState
07-03 15:22:24.773  1114  1150 I ActivityManager: Force stopping com.mixgo.PropertySEO appid=10410 user=0: from pid 24786by app
07-03 15:22:24.774  1114  1150 I ActivityManager: Killing 24129:com.mixgo.PropertySEO/u0a410 (adj 700): stop com.mixgo.PropertySEOfrom pid 24786by app
07-03 15:22:24.776  1114  1150 D ActivityManager: cleanUpApplicationRecord app: ProcessRecord{db7b805 24129:com.mixgo.PropertySEO/u0a410}, app.bad: false, restarting: false, allowRestart: true
07-03 15:22:24.778  1114  1150 W ActivityManager: Scheduling restart of crashed service com.mixgo.PropertySEO/cn.jpush.android.service.PushService in 1000ms
07-03 15:22:24.788  1114  1150 I ActivityManager: Killing 24336:com.google.android.webview:sandboxed_process0/u0a410i119 (adj 0): isolated not needed
07-03 15:22:24.789  1114  1150 I ActivityManager:   finishDisabledPackageActivitiesLocked Force finishing activity ActivityRecord{e3bb413 u0 com.mixgo.PropertySEO/cn.jiguang.unity.push.UnityPluginActivity t338}
07-03 15:22:24.804  1869 14011 I BoosterSwitchP: notifyUidState do nothing
07-03 15:22:24.804  1869 14011 I DeepNoDisturbP: notifyUidState
07-03 15:22:24.804  1869 14011 I HidataAppQoeP: notifyUidState
07-03 15:22:24.804  1869 14011 I BrowserChrP: notifyUidState
07-03 15:22:24.805  1114  1150 D HwLocationManagerService: on transact REMOVE_LOCATION_MODE uid is 10410 , packagename is com.mixgo.PropertySEO
07-03 15:22:24.805  1114  1150 D HwLocationManagerService: remove SupervisoryControlProc packagename=com.mixgo.PropertySEO
07-03 15:22:24.806  1114  1150 D HwLocationManagerService:  package has no request send yet
07-03 15:22:24.807  1114  1222 E HwActivityManagerServiceEx: invalid ActivityRecord, error.
07-03 15:22:24.807  1114  1222 E HwActivityManagerServiceEx: parse activity info error.
07-03 15:22:24.807  1114  1222 V WindowManager: removeAppToken: AppWindowToken{eb26049 token=Token{9fba650 ActivityRecord{e3bb413 u0 com.mixgo.PropertySEO/cn.jiguang.unity.push.UnityPluginActivity t338}}} delayed=false Callers=com.android.server.wm.DisplayContent.removeAppToken:1059 com.android.server.wm.AppWindowContainerController.removeContainer:301 com.android.server.am.ActivityRecord.removeWindowContainer:1152 com.android.server.am.ActivityStack.removeActivityFromHistoryLocked:4507 
07-03 15:22:24.808  1114  1222 V WindowManager: removeIfPossible: Window{f163b7e u0 com.mixgo.PropertySEO/cn.jiguang.unity.push.UnityPluginActivity}
07-03 15:22:24.808  1114  1222 V WindowManager: postWindowRemoveCleanupLocked: Window{f163b7e u0 com.mixgo.PropertySEO/cn.jiguang.unity.push.UnityPluginActivity}
07-03 15:22:24.809  1114  1222 V WindowManager: Removing Window{f163b7e u0 com.mixgo.PropertySEO/cn.jiguang.unity.push.UnityPluginActivity} from AppWindowToken{eb26049 token=Token{9fba650 ActivityRecord{e3bb413 u0 com.mixgo.PropertySEO/cn.jiguang.unity.push.UnityPluginActivity t338}}}
07-03 15:22:24.819  1114  1222 V WindowManager: removeIfPossible: Window{9c081e0 u0 com.mixgo.PropertySEO/cn.jiguang.unity.push.UnityPluginActivity}
07-03 15:22:24.819  1114  1222 V WindowManager: postWindowRemoveCleanupLocked: Window{9c081e0 u0 com.mixgo.PropertySEO/cn.jiguang.unity.push.UnityPluginActivity}
07-03 15:22:24.820  1114  1222 V WindowManager: Removing Window{9c081e0 u0 com.mixgo.PropertySEO/cn.jiguang.unity.push.UnityPluginActivity} from AppWindowToken{eb26049 token=Token{9fba650 ActivityRecord{e3bb413 u0 com.mixgo.PropertySEO/cn.jiguang.unity.push.UnityPluginActivity t338}}}
07-03 15:22:24.853  1114  1114 V AlarmManager: UninstallReceiver onReceive action:android.intent.action.PACKAGE_RESTARTED
07-03 15:22:24.857  1869  1869 I HwCoreAppHelperService: LocalReceiver receives:android.intent.action.PACKAGE_RESTARTED,pkg:com.mixgo.PropertySEO,uid:10410
07-03 15:22:24.860  1114  1114 I AlarmManager: remove com.android.server.-$$Lambda$AlarmManagerService$qehVSjTLWvtJYPGgKh2mkJ6ePnk@4592d58 according to uid:10410
07-03 15:22:24.862  1114  1150 D ActivityManager: cleanUpApplicationRecord app: ProcessRecord{708b62a 24336:com.google.android.webview:sandboxed_process0/u0a410i119}, app.bad: false, restarting: false, allowRestart: true
07-03 15:22:24.869  1869 31054 I BoosterSwitchP: notifyUidState do nothing
07-03 15:22:24.869  1869 31054 I DeepNoDisturbP: notifyUidState
07-03 15:22:24.869  1869 31054 I HidataAppQoeP: notifyUidState
07-03 15:22:24.869  1869 31054 I BrowserChrP: notifyUidState
07-03 15:22:24.872  1114  1114 V NotificationListeners: enabling notification listener for 0: ComponentInfo{com.baidu.searchbox/com.baidu.searchbox.lockscreen.notification.NotificationMonitorService}
07-03 15:22:24.886  1114  1114 V NotificationListeners: binding: Intent { act=android.service.notification.NotificationListenerService cmp=com.baidu.searchbox/.lockscreen.notification.NotificationMonitorService (has extras) }
07-03 15:22:24.888  1114  1114 W NotificationListeners: Unable to bind notification listener service: Intent { act=android.service.notification.NotificationListenerService cmp=com.baidu.searchbox/.lockscreen.notification.NotificationMonitorService (has extras) }
07-03 15:22:24.888  1114  1114 V NotificationListeners: enabling notification listener for 0: ComponentInfo{com.huawei.android.launcher/com.android.launcher.notification.NotificationListener}
07-03 15:22:24.889  1114  1114 V NotificationListeners: binding: Intent { act=android.service.notification.NotificationListenerService cmp=com.huawei.android.launcher/com.android.launcher.notification.NotificationListener (has extras) }
07-03 15:22:24.923  1114  1827 D MediaRouterService: Client com.mixgo.PropertySEO (pid 24129): Died!
07-03 15:22:24.923  1114  6299 D ConnectivityService: ConnectivityService NetworkRequestInfo binderDied(NetworkRequest [ TRACK_DEFAULT id=659, [ Capabilities: INTERNET&NOT_RESTRICTED&TRUSTED Uid: 10410] ], android.os.BinderProxy@ae51f22)
07-03 15:22:24.923  1114  1827 D ConnectivityService: ConnectivityService NetworkRequestInfo binderDied(NetworkRequest [ LISTEN id=660, [ Capabilities: INTERNET&NOT_RESTRICTED&TRUSTED Uid: 10410] ], android.os.BinderProxy@956cdb3)
07-03 15:22:24.923  1114 10297 D ConnectivityService: ConnectivityService NetworkRequestInfo binderDied(NetworkRequest [ TRACK_DEFAULT id=661, [ Capabilities: INTERNET&NOT_RESTRICTED&TRUSTED Uid: 10410] ], android.os.BinderProxy@8144f70)
07-03 15:22:24.923  1114  1114 W NotificationListeners: Not binding notification listener service ComponentInfo{android/com.android.server.emcom.grabservice.NotificationListener}: service not found
07-03 15:22:24.923  1114  1114 W NotificationAssistants: rebindServices() ignore for NotificationAssistantService
07-03 15:22:24.923  1114  1242 W ActivityManager: setHasOverlayUi called on unknown pid: 24129
07-03 15:22:24.925  1114 11860 D ConnectivityService: ConnectivityService NetworkRequestInfo binderDied(NetworkRequest [ LISTEN id=662, [ Capabilities: INTERNET&NOT_RESTRICTED&TRUSTED Uid: 10410] ], android.os.BinderProxy@17a22e9)
07-03 15:22:24.926  1114  1568 D ConnectivityService: releasing NetworkRequest [ TRACK_DEFAULT id=659, [ Capabilities: INTERNET&NOT_RESTRICTED&TRUSTED Uid: 10410] ] (release request)
07-03 15:22:24.927  1114  1568 D ConnectivityService:  Removing from current network NetworkAgentInfo [WIFI () - 104], leaving 16 requests.
07-03 15:22:24.928  1114  1568 D ConnectivityService: releasing NetworkRequest [ LISTEN id=660, [ Capabilities: INTERNET&NOT_RESTRICTED&TRUSTED Uid: 10410] ] (release request)
07-03 15:22:24.929  1114  1568 D ConnectivityService: releasing NetworkRequest [ TRACK_DEFAULT id=661, [ Capabilities: INTERNET&NOT_RESTRICTED&TRUSTED Uid: 10410] ] (release request)
07-03 15:22:24.929  1114  1568 D ConnectivityService:  Removing from current network NetworkAgentInfo [WIFI () - 104], leaving 14 requests.
07-03 15:22:24.930  1114  1568 D ConnectivityService: releasing NetworkRequest [ LISTEN id=662, [ Capabilities: INTERNET&NOT_RESTRICTED&TRUSTED Uid: 10410] ] (release request)
07-03 15:22:24.931  1114  1114 D NotificationListeners: onServiceConnected, just remove the servicesBindingTag and add service.
07-03 15:22:24.937  1114  1817 I ActivityManager: Force stopping com.mixgo.PropertySEO appid=10410 user=0: from pid 24794by app
07-03 15:22:24.946  1114  1114 V AlarmManager: UninstallReceiver onReceive action:android.intent.action.PACKAGE_RESTARTED
07-03 15:22:24.947  1114  1114 I AlarmManager: remove com.android.server.-$$Lambda$AlarmManagerService$qehVSjTLWvtJYPGgKh2mkJ6ePnk@da0b6e according to uid:10410
07-03 15:22:24.947  1114  1114 V NotificationListeners: enabling notification listener for 0: ComponentInfo{com.baidu.searchbox/com.baidu.searchbox.lockscreen.notification.NotificationMonitorService}
07-03 15:22:24.950  1869  1869 I HwCoreAppHelperService: LocalReceiver receives:android.intent.action.PACKAGE_RESTARTED,pkg:com.mixgo.PropertySEO,uid:10410
07-03 15:22:24.952  1114  1114 V NotificationListeners: binding: Intent { act=android.service.notification.NotificationListenerService cmp=com.baidu.searchbox/.lockscreen.notification.NotificationMonitorService (has extras) }
07-03 15:22:24.956  1114  1114 W NotificationListeners: Unable to bind notification listener service: Intent { act=android.service.notification.NotificationListenerService cmp=com.baidu.searchbox/.lockscreen.notification.NotificationMonitorService (has extras) }
07-03 15:22:24.956  1114  1114 W NotificationListeners: Not binding notification listener service ComponentInfo{android/com.android.server.emcom.grabservice.NotificationListener}: service not found
07-03 15:22:24.956  1114  1114 W NotificationAssistants: rebindServices() ignore for NotificationAssistantService
07-03 15:22:25.164  1114  1581 I HwAudioServiceEx: check HiRes Icon false
07-03 15:22:25.198  1114  1817 I ActivityManager: START u0 {flg=0x10000000 cmp=com.mixgo.PropertySEO/cn.jiguang.unity.push.UnityPluginActivity} from uid 2000
07-03 15:22:25.200  1114  1817 I ActivityManager: ActivityRecord info: ActivityInfo{fc6f29c cn.jiguang.unity.push.UnityPluginActivity}
07-03 15:22:25.226  1114  1817 V WindowManager: addAppToken: AppWindowToken{c9e9c88 token=Token{f04402b ActivityRecord{91f707a u0 com.mixgo.PropertySEO/cn.jiguang.unity.push.UnityPluginActivity t339}}} controller={TaskWindowContainerController taskId=339} at 2147483647
07-03 15:22:25.235  1114  1219 W HwActivityManagerServiceEx: HwActivityNotifier end call android.app.IHwActivityNotifier$Stub$Proxy@88cf16b for activityLifeState under user 0 cost 0
07-03 15:22:25.240  1114  2129 V ActivityManager: startProcess: name=com.mixgo.PropertySEO app=null knownToBeDead=true thread=null pid=-1
07-03 15:22:25.241  1114  2129 V ActivityManager: startProcess: name=com.mixgo.PropertySEO app=ProcessRecord{c84b407 0:com.mixgo.PropertySEO/u0a410} knownToBeDead=true thread=null pid=0
07-03 15:22:25.243  1114  1219 W HwActivityManagerServiceEx: HwActivityNotifier end call android.app.IHwActivityNotifier$Stub$Proxy@88cf16b for activityLifeState under user 0 cost 0
07-03 15:22:25.254  1114  1456 V WindowManager: addWindow: Window{2b3d8ce u0 Splash Screen com.mixgo.PropertySEO}
07-03 15:22:25.258  1114 24800 D PackageManager: resolve intent for uid:1000, matchs:3, res:ResolveInfo{ff9b985 com.huawei.android.launcher/.unihome.UniHomeLauncher m=0x108000}
07-03 15:22:25.266  1114  1225 I ActivityManager: Start proc 24801:com.mixgo.PropertySEO/u0a410 for activity com.mixgo.PropertySEO/cn.jiguang.unity.push.UnityPluginActivity
07-03 15:22:25.266  1114  1837 E ProcessInfoCollector: getProcessInfo: failed to find this proc 
07-03 15:22:25.279  1114  1581 I HwAudioServiceEx: check HiRes Icon false
07-03 15:22:25.289 24801 24801 D ActivityThread: Attach thread to application
07-03 15:22:25.292  1114  1737 D HwPhoneWindowManager: sensorRotation = -1 lastRotation:0
07-03 15:22:25.298  1114  1737 W HwActivityManagerServiceEx: appSwitch from: com.huawei.android.launcher to: com.mixgo.PropertySEO
07-03 15:22:25.298  1114  1219 W HwActivityManagerServiceEx: HwActivityNotifier end call android.app.IHwActivityNotifier$Stub$Proxy@b3922e9 for appSwitch under user 0 cost 0
07-03 15:22:25.299  1114  1219 W HwActivityManagerServiceEx: HwActivityNotifier end call android.app.IHwActivityNotifier$Stub$Proxy@92d0b6e for appSwitch under user 0 cost 1
07-03 15:22:25.300  1114  6299 D HwLocationManagerService: on transact ADD_LOCATION_MODE  uid is 10410 , expectedmode is 3 , packagename is com.mixgo.PropertySEO
07-03 15:22:25.300  1114  6299 D HwLocationManagerService: uid is 10410 , isWifiConn is true , isMobileConn is false
07-03 15:22:25.300  1114  6299 I HwNetworkPolicy: onTransact, code = 203
07-03 15:22:25.300  1114  6299 I HwNetworkPolicyManager: getHwUidPolicy uid = 10410 policy = 0
07-03 15:22:25.301  1114  6299 D HwLocationManagerService: policy is 0 , wifiAccess is true, mobileAccess is true
07-03 15:22:25.301  1114  6299 D HwLocationManagerService: wifiAvaiable is true , mobileAvailable is false
07-03 15:22:25.301  1114  6299 D HwLocationManagerService: addSupervisoryControlProc, mExpectedMode is network,packagename=com.mixgo.PropertySEO, mSupervisoryPkgList is {com.mixgo.PropertySEO=network}
07-03 15:22:25.301  1114  6299 D HwLocationManagerService:  package has no request send yet
07-03 15:22:25.306  1114  1456 V WindowManager: Checking 1 opening apps (frozen=false timeout=false), Track: updateconfig performsurface
07-03 15:22:25.306  1114  1456 V WindowManager: Check opening app=AppWindowToken{c9e9c88 token=Token{f04402b ActivityRecord{91f707a u0 com.mixgo.PropertySEO/cn.jiguang.unity.push.UnityPluginActivity t339}}}: allDrawn=false startingDisplayed=true startingMoved=false isRelaunching()=false startingWindow=Window{2b3d8ce u0 Splash Screen com.mixgo.PropertySEO}
07-03 15:22:25.306  1114  1456 I WindowManager: closing apps count = 1
07-03 15:22:25.311  1869 31054 I BoosterSwitchP: notifyUidState do nothing
07-03 15:22:25.311  1869 31054 I DeepNoDisturbP: notifyUidState
07-03 15:22:25.311  1869 31054 I HidataAppQoeP: notifyUidState
07-03 15:22:25.311  1869 31054 I BrowserChrP: notifyUidState
07-03 15:22:25.313  1114 10297 I HwNetworkPolicy: onTransact, code = 203
07-03 15:22:25.314  2017  2506 I HwNetworkPolicyManager: getHwUidPolicy uid = 10410 policy = 0
07-03 15:22:25.314  1114  1940 I HwAudioService: now type = 255,reportForegroundAppType = 9,pkg = null,systemload = 255mVoipOptimizeInGameModetrue
07-03 15:22:25.315  1114  1940 D HwAudioService: support voip optinization during game mode.
07-03 15:22:25.317  1114  1940 I HwApsManagerConfig: APSLog -> getFps:[from:unkown source,pkgName:com.mixgo.PropertySEO,fps:-1]
07-03 15:22:25.331   574   594 W SocketListener: sending broadcast to Pid = 1114, Uid = 1000 
07-03 15:22:25.331  1114  1555 D NetdConnector: RCV <- {601 limit alert globalAlert wlan0}
07-03 15:22:25.331  1114  1555 D NetdConnector: RCV <- {601 limit alert globalAlert wlan0}
07-03 15:22:25.332  1114  1240 D NetdConnector: RCV unsolicited event from native daemon, event = 601
07-03 15:22:25.332  1114  1240 I NetworkStats: limitReached
07-03 15:22:25.332  1114  1558 I NetworkStats: performPollLocked, pid = 1114
07-03 15:22:25.340  1114  1558 W NetworkStatsFactory: mStatsXtProcUid: /proc/net/comm/stats does not exist!
07-03 15:22:25.340  1114  1558 D HwNetworkStatsService: hwRecordUidAndProcSnapshotLocked currentTime = 1562138544660
07-03 15:22:25.345  1114  1558 I NetworkStatsFactory: javaReadNetworkStatsUidAndProcDetail. cost time = 5
07-03 15:22:25.354 24801 24801 V ActivityThread: Skipping new config:{1.0 ?mcc?mnc [zh_CN_#Hans,en_US] ldltr sw360dp w360dp h719dp 480dpi nrml long hdr port finger -keyb/v/h -nav/h winConfig={ mBounds=Rect(0, 0 - 0, 0) mAppBounds=Rect(0, 85 - 1080, 2244) mWindowingMode=fullscreen mActivityType=undefined} nonFullScreen=0 suim:1 s.9}, config:{1.0 ?mcc?mnc [zh_CN_#Hans,en_US] ldltr sw360dp w360dp h719dp 480dpi nrml long hdr port finger -keyb/v/h -nav/h winConfig={ mBounds=Rect(0, 0 - 0, 0) mAppBounds=Rect(0, 85 - 1080, 2244) mWindowingMode=fullscreen mActivityType=undefined} nonFullScreen=0 suim:1 s.9} for app:com.mixgo.PropertySEO
07-03 15:22:25.354  1114  1558 D NetdConnector: SND -> {6366 bandwidth setglobalalert 2097152}
07-03 15:22:25.355  1114  1555 D NetdConnector: RCV <- {200 6366 Bandwidth command succeeeded}
07-03 15:22:25.355  1114  1555 D NetdConnector: RCV <- {200 6366 Bandwidth command succeeeded}
07-03 15:22:25.363 24801 24801 V ActivityThread: callActivityOnCreate
07-03 15:22:25.363  1114  1581 I HwAudioServiceEx: check HiRes Icon false
07-03 15:22:25.387 24801 24801 D ActivityThread: add activity client record, r= ActivityRecord{cce73a6 token=android.os.BinderProxy@a2f1682 {com.mixgo.PropertySEO/cn.jiguang.unity.push.UnityPluginActivity}} token= android.os.BinderProxy@a2f1682
07-03 15:22:25.401  1114  1737 V WindowManager: addWindow: Window{559471 u0 com.mixgo.PropertySEO/cn.jiguang.unity.push.UnityPluginActivity}
07-03 15:22:25.402  1114 10297 D HwGameAssistantController: pid=24801, uid=10410, component=ComponentInfo{com.mixgo.PropertySEO/cn.jiguang.unity.push.UnityPluginActivity}
07-03 15:22:25.403  1114  1243 D HwGameAssistantController: UPDATE: mCurFgPkg=com.mixgo.PropertySEO, mCurFgPid=24801, mCurIsGame=false
07-03 15:22:25.403  1114  1219 W HwActivityManagerServiceEx: HwActivityNotifier end call android.app.IHwActivityNotifier$Stub$Proxy@88cf16b for activityLifeState under user 0 cost 0
07-03 15:22:25.409  1114  1737 D PackageManager: resolve intent for uid:10410, matchs:3, res:ResolveInfo{810d256 com.huawei.android.launcher/.unihome.UniHomeLauncher m=0x108000}
07-03 15:22:25.410  1114 10297 I WindowManager: relayoutVisibleWindow: set isFormatChanged
07-03 15:22:25.416  1114 10297 V HwPhoneWindowManager: updateSystemUiColorLw window=Window{559471 u0 com.mixgo.PropertySEO/cn.jiguang.unity.push.UnityPluginActivity},EmuiStyle=0,StatusBarColor=0xff000000,NavigationBarColor=0xff000000, mLastIsEmuiLightStyle=-1, mForceNotchStatusBar=false
07-03 15:22:25.417  1724 12786 I CommandQueue: updateBarBgColor
07-03 15:22:25.417  1724 12786 D CommandQueue: CommandQueue, setBarBackgroundColor
07-03 15:22:25.515  1114  1456 V WindowManager_visibility: updateAllDrawn Add AppWindowToken{c9e9c88 token=Token{f04402b ActivityRecord{91f707a u0 com.mixgo.PropertySEO/cn.jiguang.unity.push.UnityPluginActivity t339}}}
07-03 15:22:25.515  1114  1456 V WindowManager_visibility: updateAllDrawn allDrawn=false interesting=1 drawn=1 relaunchCount=0 for AppWindowToken{c9e9c88 token=Token{f04402b ActivityRecord{91f707a u0 com.mixgo.PropertySEO/cn.jiguang.unity.push.UnityPluginActivity t339}}}
07-03 15:22:25.523  1114  1242 D ActivityManager: EVENT_APP_ACTIVITY_DISPLAYED_FINISH reportData: com.mixgo.PropertySEO/cn.jiguang.unity.push.UnityPluginActivity 24801 276
07-03 15:22:25.525  1114  1456 V WindowManager: removeIfPossible: Window{2b3d8ce u0 Splash Screen com.mixgo.PropertySEO}
07-03 15:22:25.534  1114  1456 V WindowManager: Not removing Window{2b3d8ce u0 Splash Screen com.mixgo.PropertySEO EXITING} due to exit animation 
07-03 15:22:25.567  1114  1114 I WindowManager: notifyAccessibilityButtonVisibilityChanged visible:false
07-03 15:22:25.616  1114  1817 D NotificationListeners: Removing active service ComponentInfo{com.huawei.android.launcher/com.android.launcher.notification.NotificationListener}
07-03 15:22:25.622  1114  1817 V WindowManager: notifyAppStopped: AppWindowToken{616761c token=Token{3fbf38f ActivityRecord{bca02ee u0 com.huawei.android.launcher/.unihome.UniHomeLauncher t1}}}
07-03 15:22:25.622  1114  1817 E WindowManager: win=Window{12f7b0d u0 com.huawei.android.launcher/com.huawei.android.launcher.unihome.UniHomeLauncher} destroySurfaces: appStopped=true win.mWindowRemovalAllowed=false win.mRemoveOnExit=false
07-03 15:22:25.623  1114  1560 D NetdConnector: SND -> {6367 firewall set_uid_rule standby 10033 deny}
07-03 15:22:25.624  1869  1882 I BoosterSwitchP: notifyUidState do nothing
07-03 15:22:25.624  1869  1882 I DeepNoDisturbP: notifyUidState
07-03 15:22:25.624  1869  1882 I HidataAppQoeP: notifyUidState
07-03 15:22:25.624  1869  1882 I BrowserChrP: notifyUidState
07-03 15:22:25.626  1114  1555 D NetdConnector: RCV <- {200 6367 Firewall command succeeded}
07-03 15:22:25.626  1114  1555 D NetdConnector: RCV <- {200 6367 Firewall command succeeded}
07-03 15:22:25.639  1114  1456 V WindowManager: Exit animation finished in Window{2b3d8ce u0 Splash Screen com.mixgo.PropertySEO EXITING}: remove=true
07-03 15:22:25.639  1114  1456 E WindowManager: win=Window{2b3d8ce u0 Splash Screen com.mixgo.PropertySEO EXITING} destroySurfaces: appStopped=false win.mWindowRemovalAllowed=true win.mRemoveOnExit=true
07-03 15:22:25.640  1114  1456 V WindowManager: postWindowRemoveCleanupLocked: Window{2b3d8ce u0 Splash Screen com.mixgo.PropertySEO}
07-03 15:22:25.640  1114  1456 V WindowManager: Removing Window{2b3d8ce u0 Splash Screen com.mixgo.PropertySEO} from AppWindowToken{c9e9c88 token=Token{f04402b ActivityRecord{91f707a u0 com.mixgo.PropertySEO/cn.jiguang.unity.push.UnityPluginActivity t339}}}
07-03 15:22:25.659  1114  1114 D MediaRouterService: onAudioPlayerActiveStateChanged: uid=10410, active=true, restoreUid=10410
07-03 15:22:25.802  1114  1114 I HwNormalizedSpline: mOminLevelMode:Day getBrightnessLevel lux =454.0,mDefaultBrightness=44.20459,mOCount=11
07-03 15:22:25.912  1114  1940 D HwAudioService: startWatchingRoutes
07-03 15:22:25.913  1114  1940 D HwAudioService: linkVAtoDeathRe for vassistant
07-03 15:22:25.913  1114  1940 D HwAudioService: packageName:com.mixgo.PropertySEO
07-03 15:22:25.913  1114  1940 D MediaRouterService: Client com.mixgo.PropertySEO (pid 24801): Registered
07-03 15:22:26.040  1114  1114 D MediaRouterService: onAudioPlayerActiveStateChanged: uid=10410, active=false, delaying
07-03 15:22:26.052  1114  1114 D MediaRouterService: onAudioPlayerActiveStateChanged: uid=10410, active=true, restoreUid=10410
07-03 15:22:26.080  1114 10297 I ActivityManager: START u0 {act=android.content.pm.action.REQUEST_PERMISSIONS pkg=com.android.packageinstaller cmp=com.android.packageinstaller/.permission.ui.GrantPermissionsActivity (has extras)} from uid 10410
07-03 15:22:26.080  1114 10297 I ActivityManager: ActivityRecord info: ActivityInfo{883a8b7 com.android.packageinstaller.permission.ui.GrantPermissionsActivity}
07-03 15:22:26.085  1114 10297 V WindowManager: addAppToken: AppWindowToken{d5bd542 token=Token{7285f8d ActivityRecord{200c824 u0 com.android.packageinstaller/.permission.ui.GrantPermissionsActivity t339}}} controller={TaskWindowContainerController taskId=339} at 2147483647
07-03 15:22:26.359  1114  1114 D MediaRouterService: onAudioPlayerActiveStateChanged: uid=10410, active=false, delaying
07-03 15:22:26.365  1114  1940 V ActivityManager: Making visible and scheduling visibility: ActivityRecord{200c824 u0 com.android.packageinstaller/.permission.ui.GrantPermissionsActivity t339}
07-03 15:22:26.365  1114  1940 D HwPhoneWindowManager: sensorRotation = -1 lastRotation:0
07-03 15:22:26.371  1114  1940 W HwActivityManagerServiceEx: appSwitch from: com.mixgo.PropertySEO to: com.android.packageinstaller
07-03 15:22:26.372  1114  1219 W HwActivityManagerServiceEx: HwActivityNotifier end call android.app.IHwActivityNotifier$Stub$Proxy@b3922e9 for appSwitch under user 0 cost 0
07-03 15:22:26.372  1114  1219 W HwActivityManagerServiceEx: HwActivityNotifier end call android.app.IHwActivityNotifier$Stub$Proxy@92d0b6e for appSwitch under user 0 cost 0
07-03 15:22:26.372 24276 24276 V ActivityThread: Skipping new config:{1.0 ?mcc?mnc [zh_CN_#Hans,en_US] ldltr sw360dp w360dp h719dp 480dpi nrml long hdr port finger -keyb/v/h -nav/h winConfig={ mBounds=Rect(0, 0 - 0, 0) mAppBounds=Rect(0, 85 - 1080, 2244) mWindowingMode=fullscreen mActivityType=undefined} nonFullScreen=0 suim:1 s.9}, config:{1.0 ?mcc?mnc [zh_CN_#Hans,en_US] ldltr sw360dp w360dp h719dp 480dpi nrml long hdr port finger -keyb/v/h -nav/h winConfig={ mBounds=Rect(0, 0 - 0, 0) mAppBounds=Rect(0, 85 - 1080, 2244) mWindowingMode=fullscreen mActivityType=undefined} nonFullScreen=0 suim:1 s.9} for app:com.android.packageinstaller
07-03 15:22:26.375  1114  1940 V WindowManager: Checking 1 opening apps (frozen=false timeout=false), Track: activitypause performsurface
07-03 15:22:26.375  1114  1940 V WindowManager: Check opening app=AppWindowToken{d5bd542 token=Token{7285f8d ActivityRecord{200c824 u0 com.android.packageinstaller/.permission.ui.GrantPermissionsActivity t339}}}: allDrawn=false startingDisplayed=false startingMoved=false isRelaunching()=false startingWindow=null
07-03 15:22:26.376  1114  1456 V WindowManager: Checking 1 opening apps (frozen=false timeout=false), Track:  performsurface
07-03 15:22:26.376  1114  1456 V WindowManager: Check opening app=AppWindowToken{d5bd542 token=Token{7285f8d ActivityRecord{200c824 u0 com.android.packageinstaller/.permission.ui.GrantPermissionsActivity t339}}}: allDrawn=false startingDisplayed=false startingMoved=false isRelaunching()=false startingWindow=null
07-03 15:22:26.378 24276 24276 V ActivityThread: callActivityOnCreate
07-03 15:22:26.382  1114  1219 W HwActivityManagerServiceEx: HwActivityNotifier end call android.app.IHwActivityNotifier$Stub$Proxy@88cf16b for activityLifeState under user 0 cost 1
07-03 15:22:26.382  1869  1882 I BoosterSwitchP: notifyUidState do nothing
07-03 15:22:26.382  1869  1882 I DeepNoDisturbP: notifyUidState
07-03 15:22:26.382  1869  1882 I HidataAppQoeP: notifyUidState
07-03 15:22:26.382  1869  1882 I BrowserChrP: notifyUidState
07-03 15:22:26.384  1114  2469 I HwNetworkPolicy: onTransact, code = 203
07-03 15:22:26.384  2017  2506 I HwNetworkPolicyManager: getHwUidPolicy uid = 10042 policy = 0
07-03 15:22:26.386  1114  1827 I HwAudioService: now type = 9,reportForegroundAppType = 255,pkg = null,systemload = 9mVoipOptimizeInGameModetrue
07-03 15:22:26.395  1114  1684 I AlarmManager: remove alarm:Alarm{ef75fcb type 0 when 1562138836275 PendingIntent{e201953: PendingIntentRecord{e615635 com.mixgo.PropertySEO broadcastIntent}}com.mixgo.PropertySEO} according to operation:cb2ca9a
07-03 15:22:26.408 24801 24912 E ActivityThread: Failed to find provider info for com.ss.android.article.news.DownloadProvider
07-03 15:22:26.410 24801 24912 E ActivityThread: Failed to find provider info for com.ss.android.article.news.DownloadProvider
07-03 15:22:26.414 24276 24276 D ActivityThread: add activity client record, r= ActivityRecord{4d72309 token=android.os.BinderProxy@aa741b2 {com.android.packageinstaller/com.android.packageinstaller.permission.ui.GrantPermissionsActivity}} token= android.os.BinderProxy@aa741b2
07-03 15:22:26.415  1114  9129 D HwGameAssistantController: pid=24276, uid=10042, component=ComponentInfo{com.android.packageinstaller/com.android.packageinstaller.permission.ui.GrantPermissionsActivity}
07-03 15:22:26.416  1114  1243 D HwGameAssistantController: UPDATE: mCurFgPkg=com.android.packageinstaller, mCurFgPid=24276, mCurIsGame=false
07-03 15:22:26.416  1114  1219 W HwActivityManagerServiceEx: HwActivityNotifier end call android.app.IHwActivityNotifier$Stub$Proxy@88cf16b for activityLifeState under user 0 cost 0
07-03 15:22:26.416  1114 10297 W HwActivityManagerServiceEx: appSwitch from: com.android.packageinstaller to: com.mixgo.PropertySEO
07-03 15:22:26.417  1114  1219 W HwActivityManagerServiceEx: HwActivityNotifier end call android.app.IHwActivityNotifier$Stub$Proxy@b3922e9 for appSwitch under user 0 cost 0
07-03 15:22:26.417  1114  1219 W HwActivityManagerServiceEx: HwActivityNotifier end call android.app.IHwActivityNotifier$Stub$Proxy@92d0b6e for appSwitch under user 0 cost 0
07-03 15:22:26.423  1114 10297 D HwPhoneWindowManager: sensorRotation = -1 lastRotation:0
07-03 15:22:26.424  1114 10297 V WindowManager: notifyAppResumed: wasStopped=false AppWindowToken{c9e9c88 token=Token{f04402b ActivityRecord{91f707a u0 com.mixgo.PropertySEO/cn.jiguang.unity.push.UnityPluginActivity t339}}}
07-03 15:22:26.425  1114  9129 D HwLocationManagerService: on transact ADD_LOCATION_MODE  uid is 10410 , expectedmode is 3 , packagename is com.mixgo.PropertySEO
07-03 15:22:26.426  1114  9129 D HwLocationManagerService: uid is 10410 , isWifiConn is true , isMobileConn is false
07-03 15:22:26.426  1114  9129 I HwNetworkPolicy: onTransact, code = 203
07-03 15:22:26.426  1114  9129 I HwNetworkPolicyManager: getHwUidPolicy uid = 10410 policy = 0
07-03 15:22:26.426  1114  9129 D HwLocationManagerService: policy is 0 , wifiAccess is true, mobileAccess is true
07-03 15:22:26.426  1114  9129 D HwLocationManagerService: wifiAvaiable is true , mobileAvailable is false
07-03 15:22:26.426  1114  9129 D HwLocationManagerService: addSupervisoryControlProc, mExpectedMode is network,packagename=com.mixgo.PropertySEO, mSupervisoryPkgList is {com.mixgo.PropertySEO=network}
07-03 15:22:26.426  1114  9129 D HwLocationManagerService:  package has no request send yet
07-03 15:22:26.426  1114 10297 V WindowManager: Checking 1 opening apps (frozen=false timeout=false), Track: activitypause performsurface
07-03 15:22:26.426  1114 10297 V WindowManager: Check opening app=AppWindowToken{c9e9c88 token=Token{f04402b ActivityRecord{91f707a u0 com.mixgo.PropertySEO/cn.jiguang.unity.push.UnityPluginActivity t339}}}: allDrawn=true startingDisplayed=false startingMoved=false isRelaunching()=false startingWindow=null
07-03 15:22:26.427  1114 10297 I WindowManager: closing apps count = 1
07-03 15:22:26.430  1114  1219 W HwActivityManagerServiceEx: HwActivityNotifier end call android.app.IHwActivityNotifier$Stub$Proxy@88cf16b for activityLifeState under user 0 cost 1
07-03 15:22:26.437  1114  9129 D HwGameAssistantController: pid=24801, uid=10410, component=ComponentInfo{com.mixgo.PropertySEO/cn.jiguang.unity.push.UnityPluginActivity}
07-03 15:22:26.437  1114  1243 D HwGameAssistantController: UPDATE: mCurFgPkg=com.mixgo.PropertySEO, mCurFgPid=24801, mCurIsGame=false
07-03 15:22:26.438  1114  1219 W HwActivityManagerServiceEx: HwActivityNotifier end call android.app.IHwActivityNotifier$Stub$Proxy@88cf16b for activityLifeState under user 0 cost 0
07-03 15:22:26.448  1114  1114 D MediaRouterService: onAudioPlayerActiveStateChanged: uid=10410, active=true, restoreUid=10410
07-03 15:22:26.465  1869  1882 I BoosterSwitchP: notifyUidState do nothing
07-03 15:22:26.465  1869  1882 I DeepNoDisturbP: notifyUidState
07-03 15:22:26.465  1869  1882 I HidataAppQoeP: notifyUidState
07-03 15:22:26.465  1869  1882 I BrowserChrP: notifyUidState
07-03 15:22:26.468 24276 24276 D ActivityThread: Remove activity client record, r= ActivityRecord{4d72309 token=android.os.BinderProxy@aa741b2 {com.android.packageinstaller/com.android.packageinstaller.permission.ui.GrantPermissionsActivity}} token= android.os.BinderProxy@aa741b2
07-03 15:22:26.468  1114 10297 V WindowManager: removeAppToken: AppWindowToken{d5bd542 token=Token{7285f8d ActivityRecord{200c824 u0 com.android.packageinstaller/.permission.ui.GrantPermissionsActivity t339}}} delayed=false Callers=com.android.server.wm.DisplayContent.removeAppToken:1059 com.android.server.wm.AppWindowContainerController.removeContainer:301 com.android.server.am.ActivityRecord.removeWindowContainer:1152 com.android.server.am.ActivityStack.removeActivityFromHistoryLocked:4507 
07-03 15:22:26.470  1114 10297 D CountryDetector: isValidCountryIso: CN
07-03 15:22:26.507  1114  1228 I ActivityManager: App 10410/com.mixgo.PropertySEO targets O+, restricted
07-03 15:22:26.509  1114 10297 I AlarmManager: remove alarm:Alarm{8e437b5 type 0 when 1562138836395 PendingIntent{cb2ca9a: PendingIntentRecord{e615635 com.mixgo.PropertySEO broadcastIntent}}com.mixgo.PropertySEO} according to operation:571c7ec
07-03 15:22:26.509  1114  9129 V BroadcastQueue: Finished with ordered broadcast BroadcastRecord{66d2a9f u0 cn.jpush.android.intent.CONNECTION}
07-03 15:22:26.509  1114  9129 I ActivityManager: App 10410/com.mixgo.PropertySEO targets O+, restricted
07-03 15:22:26.512  1114 10297 V BroadcastQueue: Finished with ordered broadcast BroadcastRecord{d230e4a u0 cn.jpush.android.intent.ACTION_REPORT_HISTORY}
07-03 15:22:26.608  1114  9129 V ActivityManager: startProcess: name=com.google.android.webview:webview_service app=null knownToBeDead=true thread=null pid=-1
07-03 15:22:26.612  1114 10297 V ActivityManager: startProcess: name=com.google.android.webview:sandboxed_process0 app=null knownToBeDead=true thread=null pid=-1
07-03 15:22:26.616  1114  1225 I ActivityManager: Start proc 24936:com.google.android.webview:webview_service/u0a95 for service com.google.android.webview/org.chromium.android_webview.services.VariationsSeedServer
07-03 15:22:26.616  1114  1837 E ProcessInfoCollector: getProcessInfo: failed to find this proc 
07-03 15:22:26.625  1114  1225 I ActivityManager: Start proc 24948:com.google.android.webview:sandboxed_process0/u0i120 for webview_service com.mixgo.PropertySEO/org.chromium.content.app.SandboxedProcessService0
07-03 15:22:26.626  1114  1837 E ProcessInfoCollector: getProcessInfo: failed to find this proc 
07-03 15:22:26.631 24936 24936 D ActivityThread: Attach thread to application
07-03 15:22:26.645 24948 24948 D ActivityThread: Attach thread to application
07-03 15:22:26.651  1114  1217 D NetdConnector: SND -> {6368 firewall set_uid_rule standby 10095 allow}
07-03 15:22:26.657  1114  1555 D NetdConnector: RCV <- {200 6368 Firewall command succeeded}
07-03 15:22:26.657  1114  1555 D NetdConnector: RCV <- {200 6368 Firewall command succeeded}
07-03 15:22:26.661  1114  1114 D JobScheduler: Maybe queuing ready jobs...
07-03 15:22:26.662  1114  1817 D ConnectivityService: requestNetwork for uid/pid:10410/24801 NetworkRequest [ TRACK_DEFAULT id=663, [ Capabilities: INTERNET&NOT_RESTRICTED&TRUSTED Uid: 10410] ]
07-03 15:22:26.663  1114  1568 D ConnectivityService: rematching NetworkAgentInfo [WIFI () - 104]
07-03 15:22:26.663  1114  1568 D ConnectivityService:  network has: [ Transports: WIFI Capabilities: NOT_METERED&INTERNET&NOT_RESTRICTED&TRUSTED&NOT_VPN&VALIDATED&NOT_ROAMING&FOREGROUND&NOT_CONGESTED&NOT_SUSPENDED LinkUpBandwidth>=1048576Kbps LinkDnBandwidth>=1048576Kbps SignalStrength: -49 SSID: "TP-LINK_2.4G_07A58B"]
07-03 15:22:26.663  1114  1568 D ConnectivityService: currentScore = 0, newScore = 60
07-03 15:22:26.663  1114  1568 D ConnectivityService: rematch for NetworkAgentInfo [WIFI () - 104]
07-03 15:22:26.663  1114  1568 D ConnectivityService:    accepting network in place of null
07-03 15:22:26.663  1114  1568 D ConnectivityService: sending new Min Network Score(60): NetworkRequest [ TRACK_DEFAULT id=663, [ Capabilities: INTERNET&NOT_RESTRICTED&TRUSTED Uid: 10410] ]
07-03 15:22:26.663  1114  1568 D ConnectivityService: Network NetworkAgentInfo [WIFI () - 104] was already satisfying request 12. No change.
07-03 15:22:26.663  1114  1568 D ConnectivityService: Network NetworkAgentInfo [WIFI () - 104] was already satisfying request 1. No change.
07-03 15:22:26.663  1114  1568 D ConnectivityService: Network NetworkAgentInfo [WIFI () - 104] was already satisfying request 8. No change.
07-03 15:22:26.663  1114  1568 D ConnectivityService: Network NetworkAgentInfo [WIFI () - 104] was already satisfying request 5. No change.
07-03 15:22:26.664  1114  6299 D ConnectivityService: listenForNetwork for uid/pid:10410/24801 NetworkRequest [ LISTEN id=664, [ Capabilities: INTERNET&NOT_RESTRICTED&TRUSTED Uid: 10410] ]
07-03 15:22:26.664  1114  1568 D ConnectivityService: rematching NetworkAgentInfo [WIFI () - 104]
07-03 15:22:26.664  1114  1568 D ConnectivityService:  network has: [ Transports: WIFI Capabilities: NOT_METERED&INTERNET&NOT_RESTRICTED&TRUSTED&NOT_VPN&VALIDATED&NOT_ROAMING&FOREGROUND&NOT_CONGESTED&NOT_SUSPENDED LinkUpBandwidth>=1048576Kbps LinkDnBandwidth>=1048576Kbps SignalStrength: -49 SSID: "TP-LINK_2.4G_07A58B"]
07-03 15:22:26.664  1114  1568 D ConnectivityService: Network NetworkAgentInfo [WIFI () - 104] was already satisfying request 663. No change.
07-03 15:22:26.664  1114  1568 D ConnectivityService: Network NetworkAgentInfo [WIFI () - 104] was already satisfying request 12. No change.
07-03 15:22:26.664  1114  1568 D ConnectivityService: Network NetworkAgentInfo [WIFI () - 104] was already satisfying request 1. No change.
07-03 15:22:26.664  1114  1568 D ConnectivityService: Network NetworkAgentInfo [WIFI () - 104] was already satisfying request 8. No change.
07-03 15:22:26.664  1114  1568 D ConnectivityService: Network NetworkAgentInfo [WIFI () - 104] was already satisfying request 5. No change.
07-03 15:22:26.683  1114  1817 D ConnectivityService: requestNetwork for uid/pid:10410/24801 NetworkRequest [ TRACK_DEFAULT id=665, [ Capabilities: INTERNET&NOT_RESTRICTED&TRUSTED Uid: 10410] ]
07-03 15:22:26.683  1114  1568 D ConnectivityService: rematching NetworkAgentInfo [WIFI () - 104]
07-03 15:22:26.683  1114  1568 D ConnectivityService:  network has: [ Transports: WIFI Capabilities: NOT_METERED&INTERNET&NOT_RESTRICTED&TRUSTED&NOT_VPN&VALIDATED&NOT_ROAMING&FOREGROUND&NOT_CONGESTED&NOT_SUSPENDED LinkUpBandwidth>=1048576Kbps LinkDnBandwidth>=1048576Kbps SignalStrength: -49 SSID: "TP-LINK_2.4G_07A58B"]
07-03 15:22:26.683  1114  1568 D ConnectivityService: currentScore = 0, newScore = 60
07-03 15:22:26.683  1114  1568 D ConnectivityService: rematch for NetworkAgentInfo [WIFI () - 104]
07-03 15:22:26.683  1114  1568 D ConnectivityService:    accepting network in place of null
07-03 15:22:26.683  1114  1568 D ConnectivityService: sending new Min Network Score(60): NetworkRequest [ TRACK_DEFAULT id=665, [ Capabilities: INTERNET&NOT_RESTRICTED&TRUSTED Uid: 10410] ]
07-03 15:22:26.684  1114  1568 D ConnectivityService: Network NetworkAgentInfo [WIFI () - 104] was already satisfying request 663. No change.
07-03 15:22:26.684  1114  1568 D ConnectivityService: Network NetworkAgentInfo [WIFI () - 104] was already satisfying request 12. No change.
07-03 15:22:26.684  1114  1568 D ConnectivityService: Network NetworkAgentInfo [WIFI () - 104] was already satisfying request 1. No change.
07-03 15:22:26.684  1114  1827 D ConnectivityService: listenForNetwork for uid/pid:10410/24801 NetworkRequest [ LISTEN id=666, [ Capabilities: INTERNET&NOT_RESTRICTED&TRUSTED Uid: 10410] ]
07-03 15:22:26.684  1114  1568 D ConnectivityService: Network NetworkAgentInfo [WIFI () - 104] was already satisfying request 8. No change.
07-03 15:22:26.684  1114  1568 D ConnectivityService: Network NetworkAgentInfo [WIFI () - 104] was already satisfying request 5. No change.
07-03 15:22:26.684  1114  1568 D ConnectivityService: rematching NetworkAgentInfo [WIFI () - 104]
07-03 15:22:26.684  1114  1568 D ConnectivityService:  network has: [ Transports: WIFI Capabilities: NOT_METERED&INTERNET&NOT_RESTRICTED&TRUSTED&NOT_VPN&VALIDATED&NOT_ROAMING&FOREGROUND&NOT_CONGESTED&NOT_SUSPENDED LinkUpBandwidth>=1048576Kbps LinkDnBandwidth>=1048576Kbps SignalStrength: -49 SSID: "TP-LINK_2.4G_07A58B"]
07-03 15:22:26.685  1114  1568 D ConnectivityService: Network NetworkAgentInfo [WIFI () - 104] was already satisfying request 665. No change.
07-03 15:22:26.685  1114  1568 D ConnectivityService: Network NetworkAgentInfo [WIFI () - 104] was already satisfying request 663. No change.
07-03 15:22:26.685  1114  1568 D ConnectivityService: Network NetworkAgentInfo [WIFI () - 104] was already satisfying request 12. No change.
07-03 15:22:26.685  1114  1568 D ConnectivityService: Network NetworkAgentInfo [WIFI () - 104] was already satisfying request 1. No change.
07-03 15:22:26.685  1114  1568 D ConnectivityService: Network NetworkAgentInfo [WIFI () - 104] was already satisfying request 8. No change.
07-03 15:22:26.685  1114  1568 D ConnectivityService: Network NetworkAgentInfo [WIFI () - 104] was already satisfying request 5. No change.
07-03 15:22:26.923  1114  1114 I HwNormalizedSpline: mOminLevelMode:Day getBrightnessLevel lux =454.0,mDefaultBrightness=44.20459,mOCount=11
07-03 15:22:26.969  1114  1827 V WindowManager: addWindow: Window{54d38e4 u0 com.mixgo.PropertySEO/cn.jiguang.unity.push.UnityPluginActivity}
07-03 15:22:26.980  1114 10297 D PackageManager: resolve intent for uid:10410, matchs:3, res:ResolveInfo{d8ee14d com.huawei.android.launcher/.unihome.UniHomeLauncher m=0x108000}
07-03 15:22:26.983  1114 10297 V WindowManager_visibility: updateAllDrawn Add AppWindowToken{c9e9c88 token=Token{f04402b ActivityRecord{91f707a u0 com.mixgo.PropertySEO/cn.jiguang.unity.push.UnityPluginActivity t339}}}
07-03 15:22:26.984  1114 10297 V WindowManager_visibility: updateAllDrawn allDrawn=false interesting=1 drawn=1 relaunchCount=0 for AppWindowToken{c9e9c88 token=Token{f04402b ActivityRecord{91f707a u0 com.mixgo.PropertySEO/cn.jiguang.unity.push.UnityPluginActivity t339}}}
07-03 15:22:26.987  1114  1684 D HwLocationManagerService: uid is 10410 , isWifiConn is true , isMobileConn is false
07-03 15:22:26.987  1114  1684 I HwNetworkPolicy: onTransact, code = 203
07-03 15:22:26.987  1114  1684 I HwNetworkPolicyManager: getHwUidPolicy uid = 10410 policy = 0
07-03 15:22:26.987  1114  1684 D HwLocationManagerService: policy is 0 , wifiAccess is true, mobileAccess is true
07-03 15:22:26.987  1114  1684 D HwLocationManagerService: wifiAvaiable is true , mobileAvailable is false
07-03 15:22:26.988  1114  1684 I BackgroundPermManager: pkgName: com.mixgo.PropertySEO,pid: 24801 ,uidOf3RdApk: 10410 ,permType: 2 ,permCfg: 1
07-03 15:22:26.995  1114  1684 D HwLocationManagerService: uid is 10410 , isWifiConn is true , isMobileConn is false
07-03 15:22:26.995  1114  1684 I HwNetworkPolicy: onTransact, code = 203
07-03 15:22:26.995  1114  1684 I HwNetworkPolicyManager: getHwUidPolicy uid = 10410 policy = 0
07-03 15:22:26.995  1114  1684 D HwLocationManagerService: policy is 0 , wifiAccess is true, mobileAccess is true
07-03 15:22:26.995  1114  1684 D HwLocationManagerService: wifiAvaiable is true , mobileAvailable is false
07-03 15:22:26.996  1114  1684 I BackgroundPermManager: pkgName: com.mixgo.PropertySEO,pid: 24801 ,uidOf3RdApk: 10410 ,permType: 2 ,permCfg: 1
07-03 15:22:27.004  1114  2469 I NetworkStats: openSessionForUsageStats, pid = 1849, pkg = com.huawei.lbs
07-03 15:22:27.004  1114  2469 I NetworkStats: openSessionInternal,pid = 1849
07-03 15:22:27.004  1114  2469 I NetworkStats: performPollLocked, pid = 1114
07-03 15:22:27.012  1114  2469 W NetworkStatsFactory: mStatsXtProcUid: /proc/net/comm/stats does not exist!
07-03 15:22:27.012  1114  2469 D HwNetworkStatsService: hwRecordUidAndProcSnapshotLocked currentTime = 1562138546331
07-03 15:22:27.015  1114  2469 I NetworkStatsFactory: javaReadNetworkStatsUidAndProcDetail. cost time = 4
07-03 15:22:27.027  1114  2469 D HwNetworkStatsService: hwMaybeUidAndProcPersistLocked currentTime = 1562138546331
07-03 15:22:27.047  1114  1812 D HwLocalLocationProvider: this loc is Better than Last Location
07-03 15:22:27.048  1114 25011 D HwLocalLocationProvider: cellid is Exist, update  cellinfo to DB
07-03 15:22:27.048  1114 25011 D HwLocalLocationProvider: update loc to cell database
07-03 15:22:27.050  1114  1456 V WindowManager_visibility: updateAllDrawn Add AppWindowToken{c9e9c88 token=Token{f04402b ActivityRecord{91f707a u0 com.mixgo.PropertySEO/cn.jiguang.unity.push.UnityPluginActivity t339}}}
07-03 15:22:27.050  1114  1456 V WindowManager_visibility: updateAllDrawn allDrawn=false interesting=2 drawn=2 relaunchCount=0 for AppWindowToken{c9e9c88 token=Token{f04402b ActivityRecord{91f707a u0 com.mixgo.PropertySEO/cn.jiguang.unity.push.UnityPluginActivity t339}}}
07-03 15:22:27.050  1114 25012 D HwLocalLocationProvider: update loc to bssid database
07-03 15:22:27.053  1114  1812 W ProcBatteryStats: timer is running , not start, name: android, uid: 1000, tag: *location*
07-03 15:22:27.063   788   788 D libgps  : proxy_gps_inject_location: called.
07-03 15:22:27.064  1114  1812 W ProcBatteryStats: timer is not running , not stop, name: android, uid: 1000, tag: *location*
07-03 15:22:27.277  1114  1477 D HwBatteryService: onUEvent fcpStatus = 0,scpStatus =0,ovpStatus=0
07-03 15:22:27.278  1114  1477 I HwBatteryService: quick charge status : 0
07-03 15:22:27.278  1114  1477 I HwBatteryService: handleWirelessTxStatus
07-03 15:22:27.278  1114  1477 I HwBatteryService: switch not open, return, mWirelessTxFlag : 0
07-03 15:22:27.279  1114  1477 I UsbDeviceManager: water_intrused state= 0
07-03 15:22:27.280  1114  1543 I BatteryService: normal charge status : 1
07-03 15:22:27.338   574   594 W SocketListener: sending broadcast to Pid = 1114, Uid = 1000 
07-03 15:22:27.339  1114  1555 D NetdConnector: RCV <- {601 limit alert globalAlert wlan0}
07-03 15:22:27.339  1114  1555 D NetdConnector: RCV <- {601 limit alert globalAlert wlan0}
07-03 15:22:27.341  1114  1240 D NetdConnector: RCV unsolicited event from native daemon, event = 601
07-03 15:22:27.342  1114  1240 I NetworkStats: limitReached
07-03 15:22:27.342  1114  1558 I NetworkStats: performPollLocked, pid = 1114
07-03 15:22:27.353  1114  1558 W NetworkStatsFactory: mStatsXtProcUid: /proc/net/comm/stats does not exist!
07-03 15:22:27.353  1114  1558 D HwNetworkStatsService: hwRecordUidAndProcSnapshotLocked currentTime = 1562138546669
07-03 15:22:27.358  1114  1558 I NetworkStatsFactory: javaReadNetworkStatsUidAndProcDetail. cost time = 5
07-03 15:22:27.363  1114  1558 D NetdConnector: SND -> {6369 bandwidth setglobalalert 2097152}
07-03 15:22:27.365  1114  1555 D NetdConnector: RCV <- {200 6369 Bandwidth command succeeeded}
07-03 15:22:27.365  1114  1555 D NetdConnector: RCV <- {200 6369 Bandwidth command succeeeded}
07-03 15:22:27.992  1114  1827 I BackgroundPermManager: pkgName: com.mixgo.PropertySEO,pid: 24801 ,uidOf3RdApk: 10410 ,permType: 2 ,permCfg: 0
07-03 15:22:27.998  1114 10297 I NetworkStats: openSessionForUsageStats, pid = 1849, pkg = com.huawei.lbs
07-03 15:22:27.998  1114 10297 I NetworkStats: openSessionInternal,pid = 1849
07-03 15:22:27.998  1114 10297 I NetworkStats: performPollLocked, pid = 1114
07-03 15:22:28.020  1114 10297 W NetworkStatsFactory: mStatsXtProcUid: /proc/net/comm/stats does not exist!
07-03 15:22:28.020  1114 10297 D HwNetworkStatsService: hwRecordUidAndProcSnapshotLocked currentTime = 1562138547326
07-03 15:22:28.025  1114 10297 I NetworkStatsFactory: javaReadNetworkStatsUidAndProcDetail. cost time = 5
07-03 15:22:28.028  1114 10297 D HwNetworkStatsService: hwMaybeUidAndProcPersistLocked currentTime = 1562138547326
07-03 15:22:29.344   574   594 W SocketListener: sending broadcast to Pid = 1114, Uid = 1000 
07-03 15:22:29.345  1114  1555 D NetdConnector: RCV <- {601 limit alert globalAlert lo}
07-03 15:22:29.345  1114  1555 D NetdConnector: RCV <- {601 limit alert globalAlert lo}
07-03 15:22:29.347  1114  1240 D NetdConnector: RCV unsolicited event from native daemon, event = 601
07-03 15:22:29.348  1114  1240 I NetworkStats: limitReached
07-03 15:22:29.349  1114  1558 I NetworkStats: performPollLocked, pid = 1114
07-03 15:22:29.369  1114  1558 W NetworkStatsFactory: mStatsXtProcUid: /proc/net/comm/stats does not exist!
07-03 15:22:29.369  1114  1558 D HwNetworkStatsService: hwRecordUidAndProcSnapshotLocked currentTime = 1562138548676
07-03 15:22:29.380  1114  1558 I NetworkStatsFactory: javaReadNetworkStatsUidAndProcDetail. cost time = 11
07-03 15:22:29.392  1114  1558 D NetdConnector: SND -> {6370 bandwidth setglobalalert 2097152}
07-03 15:22:29.393  1114  1555 D NetdConnector: RCV <- {200 6370 Bandwidth command succeeeded}
07-03 15:22:29.393  1114  1555 D NetdConnector: RCV <- {200 6370 Bandwidth command succeeeded}
07-03 15:22:29.672  1114  1827 D HwInputMethodManagerService: ------------startInput--------------
07-03 15:22:29.672  1114  1827 D HwInputMethodManagerService: hideSecSoftInput = false
07-03 15:22:30.892  1114  1684 V WindowManager: addWindow: Window{335150a u0 Toast}
07-03 15:22:31.345   574   594 W SocketListener: sending broadcast to Pid = 1114, Uid = 1000 
07-03 15:22:31.346  1114  1555 D NetdConnector: RCV <- {601 limit alert globalAlert wlan0}
07-03 15:22:31.347  1114  1555 D NetdConnector: RCV <- {601 limit alert globalAlert wlan0}
07-03 15:22:31.350  1114  1240 D NetdConnector: RCV unsolicited event from native daemon, event = 601
07-03 15:22:31.351  1114  1240 I NetworkStats: limitReached
07-03 15:22:31.353  1114  1558 I NetworkStats: performPollLocked, pid = 1114
07-03 15:22:31.381  1114  1558 W NetworkStatsFactory: mStatsXtProcUid: /proc/net/comm/stats does not exist!
07-03 15:22:31.381  1114  1558 D HwNetworkStatsService: hwRecordUidAndProcSnapshotLocked currentTime = 1562138550682
07-03 15:22:31.387  1114  1558 I NetworkStatsFactory: javaReadNetworkStatsUidAndProcDetail. cost time = 5
07-03 15:22:31.396  1114  1558 D NetdConnector: SND -> {6371 bandwidth setglobalalert 2097152}
